Archive member included to satisfy reference by file (symbol)

C:/ST/STM32CubeIDE_1.16.0/STM32CubeIDE/plugins/com.st.stm32cube.ide.mcu.externaltools.gnu-tools-for-stm32.12.3.rel1.win32_1.1.0.202410251130/tools/bin/../lib/gcc/arm-none-eabi/12.3.1/../../../../arm-none-eabi/lib/thumb/v7e-m+fp/hard\libc.a(libc_a-exit.o)
                              C:/ST/STM32CubeIDE_1.16.0/STM32CubeIDE/plugins/com.st.stm32cube.ide.mcu.externaltools.gnu-tools-for-stm32.12.3.rel1.win32_1.1.0.202410251130/tools/bin/../lib/gcc/arm-none-eabi/12.3.1/../../../../arm-none-eabi/lib/thumb/v7e-m+fp/hard/crt0.o (exit)
C:/ST/STM32CubeIDE_1.16.0/STM32CubeIDE/plugins/com.st.stm32cube.ide.mcu.externaltools.gnu-tools-for-stm32.12.3.rel1.win32_1.1.0.202410251130/tools/bin/../lib/gcc/arm-none-eabi/12.3.1/../../../../arm-none-eabi/lib/thumb/v7e-m+fp/hard\libc.a(libc_a-malloc.o)
                              ./Core/Src/main.o (malloc)
C:/ST/STM32CubeIDE_1.16.0/STM32CubeIDE/plugins/com.st.stm32cube.ide.mcu.externaltools.gnu-tools-for-stm32.12.3.rel1.win32_1.1.0.202410251130/tools/bin/../lib/gcc/arm-none-eabi/12.3.1/../../../../arm-none-eabi/lib/thumb/v7e-m+fp/hard\libc.a(libc_a-mallocr.o)
                              C:/ST/STM32CubeIDE_1.16.0/STM32CubeIDE/plugins/com.st.stm32cube.ide.mcu.externaltools.gnu-tools-for-stm32.12.3.rel1.win32_1.1.0.202410251130/tools/bin/../lib/gcc/arm-none-eabi/12.3.1/../../../../arm-none-eabi/lib/thumb/v7e-m+fp/hard\libc.a(libc_a-malloc.o) (_malloc_r)
C:/ST/STM32CubeIDE_1.16.0/STM32CubeIDE/plugins/com.st.stm32cube.ide.mcu.externaltools.gnu-tools-for-stm32.12.3.rel1.win32_1.1.0.202410251130/tools/bin/../lib/gcc/arm-none-eabi/12.3.1/../../../../arm-none-eabi/lib/thumb/v7e-m+fp/hard\libc.a(libc_a-mlock.o)
                              C:/ST/STM32CubeIDE_1.16.0/STM32CubeIDE/plugins/com.st.stm32cube.ide.mcu.externaltools.gnu-tools-for-stm32.12.3.rel1.win32_1.1.0.202410251130/tools/bin/../lib/gcc/arm-none-eabi/12.3.1/../../../../arm-none-eabi/lib/thumb/v7e-m+fp/hard\libc.a(libc_a-mallocr.o) (__malloc_lock)
C:/ST/STM32CubeIDE_1.16.0/STM32CubeIDE/plugins/com.st.stm32cube.ide.mcu.externaltools.gnu-tools-for-stm32.12.3.rel1.win32_1.1.0.202410251130/tools/bin/../lib/gcc/arm-none-eabi/12.3.1/../../../../arm-none-eabi/lib/thumb/v7e-m+fp/hard\libc.a(libc_a-findfp.o)
                              ./Middlewares/FreeRTOS/tasks.o (__sf)
C:/ST/STM32CubeIDE_1.16.0/STM32CubeIDE/plugins/com.st.stm32cube.ide.mcu.externaltools.gnu-tools-for-stm32.12.3.rel1.win32_1.1.0.202410251130/tools/bin/../lib/gcc/arm-none-eabi/12.3.1/../../../../arm-none-eabi/lib/thumb/v7e-m+fp/hard\libc.a(libc_a-fwalk.o)
                              C:/ST/STM32CubeIDE_1.16.0/STM32CubeIDE/plugins/com.st.stm32cube.ide.mcu.externaltools.gnu-tools-for-stm32.12.3.rel1.win32_1.1.0.202410251130/tools/bin/../lib/gcc/arm-none-eabi/12.3.1/../../../../arm-none-eabi/lib/thumb/v7e-m+fp/hard\libc.a(libc_a-findfp.o) (_fwalk_sglue)
C:/ST/STM32CubeIDE_1.16.0/STM32CubeIDE/plugins/com.st.stm32cube.ide.mcu.externaltools.gnu-tools-for-stm32.12.3.rel1.win32_1.1.0.202410251130/tools/bin/../lib/gcc/arm-none-eabi/12.3.1/../../../../arm-none-eabi/lib/thumb/v7e-m+fp/hard\libc.a(libc_a-puts.o)
                              ./Core/Src/main.o (puts)
C:/ST/STM32CubeIDE_1.16.0/STM32CubeIDE/plugins/com.st.stm32cube.ide.mcu.externaltools.gnu-tools-for-stm32.12.3.rel1.win32_1.1.0.202410251130/tools/bin/../lib/gcc/arm-none-eabi/12.3.1/../../../../arm-none-eabi/lib/thumb/v7e-m+fp/hard\libc.a(libc_a-scanf.o)
                              ./Core/Src/main.o (scanf)
C:/ST/STM32CubeIDE_1.16.0/STM32CubeIDE/plugins/com.st.stm32cube.ide.mcu.externaltools.gnu-tools-for-stm32.12.3.rel1.win32_1.1.0.202410251130/tools/bin/../lib/gcc/arm-none-eabi/12.3.1/../../../../arm-none-eabi/lib/thumb/v7e-m+fp/hard\libc.a(libc_a-setvbuf.o)
                              ./Core/Src/main.o (setvbuf)
C:/ST/STM32CubeIDE_1.16.0/STM32CubeIDE/plugins/com.st.stm32cube.ide.mcu.externaltools.gnu-tools-for-stm32.12.3.rel1.win32_1.1.0.202410251130/tools/bin/../lib/gcc/arm-none-eabi/12.3.1/../../../../arm-none-eabi/lib/thumb/v7e-m+fp/hard\libc.a(libc_a-sprintf.o)
                              ./Core/Src/main.o (sprintf)
C:/ST/STM32CubeIDE_1.16.0/STM32CubeIDE/plugins/com.st.stm32cube.ide.mcu.externaltools.gnu-tools-for-stm32.12.3.rel1.win32_1.1.0.202410251130/tools/bin/../lib/gcc/arm-none-eabi/12.3.1/../../../../arm-none-eabi/lib/thumb/v7e-m+fp/hard\libc.a(libc_a-stdio.o)
                              C:/ST/STM32CubeIDE_1.16.0/STM32CubeIDE/plugins/com.st.stm32cube.ide.mcu.externaltools.gnu-tools-for-stm32.12.3.rel1.win32_1.1.0.202410251130/tools/bin/../lib/gcc/arm-none-eabi/12.3.1/../../../../arm-none-eabi/lib/thumb/v7e-m+fp/hard\libc.a(libc_a-findfp.o) (__sread)
C:/ST/STM32CubeIDE_1.16.0/STM32CubeIDE/plugins/com.st.stm32cube.ide.mcu.externaltools.gnu-tools-for-stm32.12.3.rel1.win32_1.1.0.202410251130/tools/bin/../lib/gcc/arm-none-eabi/12.3.1/../../../../arm-none-eabi/lib/thumb/v7e-m+fp/hard\libc.a(libc_a-memset.o)
[...]
Memory Configuration

Name             Origin             Length             Attributes
RAM              0x20000000         0x00008000         xrw
FLASH            0x08000000         0x00020000         xr
*default*        0x00000000         0xffffffff

Linker script and memory map

LOAD C:/ST/STM32CubeIDE_1.16.0/STM32CubeIDE/plugins/com.st.stm32cube.ide.mcu.externaltools.gnu-tools-for-stm32.12.3.rel1.win32_1.1.0.202410251130/tools/bin/../lib/gcc/arm-none-eabi/12.3.1/thumb/v7e-m+fp/hard/crti.o
LOAD C:/ST/STM32CubeIDE_1.16.0/STM32CubeIDE/plugins/com.st.stm32cube.ide.mcu.externaltools.gnu-tools-for-stm32.12.3.rel1.win32_1.1.0.202410251130/tools/bin/../lib/gcc/arm-none-eabi/12.3.1/thumb/v7e-m+fp/hard/crtbegin.o
LOAD C:/ST/STM32CubeIDE_1.16.0/STM32CubeIDE/plugins/com.st.stm32cube.ide.mcu.externaltools.gnu-tools-for-stm32.12.3.rel1.win32_1.1.0.202410251130/tools/bin/../lib/gcc/arm-none-eabi/12.3.1/../../../../arm-none-eabi/lib/thumb/v7e-m+fp/hard/crt0.o
LOAD ./Core/Src/app_freertos.o
LOAD ./Core/Src/i2c-lcd.o
LOAD ./Core/Src/liquidcrystal_i2c.o
LOAD ./Core/Src/main.o
LOAD ./Core/Src/stm32g4xx_hal_msp.o
LOAD ./Core/Src/stm32g4xx_hal_timebase_tim.o
LOAD ./Core/Src/stm32g4xx_it.o
LOAD ./Core/Src/syscalls.o
LOAD ./Core/Src/sysmem.o
LOAD ./Core/Src/system_stm32g4xx.o
LOAD ./Core/Startup/startup_stm32g431kbtx.o
LOAD ./Drivers/STM32G4xx_HAL_Driver/stm32g4xx_hal.o
LOAD ./Drivers/STM32G4xx_HAL_Driver/stm32g4xx_hal_adc.o
LOAD ./Drivers/STM32G4xx_HAL_Driver/stm32g4xx_hal_adc_ex.o
LOAD ./Drivers/STM32G4xx_HAL_Driver/stm32g4xx_hal_cortex.o
LOAD ./Drivers/STM32G4xx_HAL_Driver/stm32g4xx_hal_dac.o
LOAD ./Drivers/STM32G4xx_HAL_Driver/stm32g4xx_hal_dac_ex.o
LOAD ./Drivers/STM32G4xx_HAL_Driver/stm32g4xx_hal_dma.o
LOAD ./Drivers/STM32G4xx_HAL_Driver/stm32g4xx_hal_dma_ex.o
LOAD ./Drivers/STM32G4xx_HAL_Driver/stm32g4xx_hal_exti.o
LOAD ./Drivers/STM32G4xx_HAL_Driver/stm32g4xx_hal_flash.o
LOAD ./Drivers/STM32G4xx_HAL_Driver/stm32g4xx_hal_flash_ex.o
LOAD ./Drivers/STM32G4xx_HAL_Driver/stm32g4xx_hal_flash_ramfunc.o
LOAD ./Drivers/STM32G4xx_HAL_Driver/stm32g4xx_hal_gpio.o
LOAD ./Drivers/STM32G4xx_HAL_Driver/stm32g4xx_hal_i2c.o
LOAD ./Drivers/STM32G4xx_HAL_Driver/stm32g4xx_hal_i2c_ex.o
LOAD ./Drivers/STM32G4xx_HAL_Driver/stm32g4xx_hal_pwr.o
LOAD ./Drivers/STM32G4xx_HAL_Driver/stm32g4xx_hal_pwr_ex.o
LOAD ./Drivers/STM32G4xx_HAL_Driver/stm32g4xx_hal_rcc.o
LOAD ./Drivers/STM32G4xx_HAL_Driver/stm32g4xx_hal_rcc_ex.o
LOAD ./Drivers/STM32G4xx_HAL_Driver/stm32g4xx_hal_tim.o
LOAD ./Drivers/STM32G4xx_HAL_Driver/stm32g4xx_hal_tim_ex.o
LOAD ./Drivers/STM32G4xx_HAL_Driver/stm32g4xx_hal_uart.o
LOAD ./Drivers/STM32G4xx_HAL_Driver/stm32g4xx_hal_uart_ex.o
LOAD ./Drivers/STM32G4xx_HAL_Driver/stm32g4xx_ll_adc.o
LOAD ./Middlewares/FreeRTOS/cmsis_os2.o
LOAD ./Middlewares/FreeRTOS/croutine.o
LOAD ./Middlewares/FreeRTOS/event_groups.o
LOAD ./Middlewares/FreeRTOS/heap_4.o
LOAD ./Middlewares/FreeRTOS/list.o
LOAD ./Middlewares/FreeRTOS/port.o
LOAD ./Middlewares/FreeRTOS/queue.o
LOAD ./Middlewares/FreeRTOS/stream_buffer.o
LOAD ./Middlewares/FreeRTOS/tasks.o
LOAD ./Middlewares/FreeRTOS/timers.o
START GROUP
LOAD C:/ST/STM32CubeIDE_1.16.0/STM32CubeIDE/plugins/com.st.stm32cube.ide.mcu.externaltools.gnu-tools-for-stm32.12.3.rel1.win32_1.1.0.202410251130/tools/bin/../lib/gcc/arm-none-eabi/12.3.1/../../../../arm-none-eabi/lib/thumb/v7e-m+fp/hard\libc.a
LOAD C:/ST/STM32CubeIDE_1.16.0/STM32CubeIDE/plugins/com.st.stm32cube.ide.mcu.externaltools.gnu-tools-for-stm32.12.3.rel1.win32_1.1.0.202410251130/tools/bin/../lib/gcc/arm-none-eabi/12.3.1/../../../../arm-none-eabi/lib/thumb/v7e-m+fp/hard\libm.a
END GROUP
START GROUP
LOAD C:/ST/STM32CubeIDE_1.16.0/STM32CubeIDE/plugins/com.st.stm32cube.ide.mcu.externaltools.gnu-tools-for-stm32.12.3.rel1.win32_1.1.0.202410251130/tools/bin/../lib/gcc/arm-none-eabi/12.3.1/thumb/v7e-m+fp/hard\libgcc.a
LOAD C:/ST/STM32CubeIDE_1.16.0/STM32CubeIDE/plugins/com.st.stm32cube.ide.mcu.externaltools.gnu-tools-for-stm32.12.3.rel1.win32_1.1.0.202410251130/tools/bin/../lib/gcc/arm-none-eabi/12.3.1/../../../../arm-none-eabi/lib/thumb/v7e-m+fp/hard\libc.a
END GROUP
START GROUP
LOAD C:/ST/STM32CubeIDE_1.16.0/STM32CubeIDE/plugins/com.st.stm32cube.ide.mcu.externaltools.gnu-tools-for-stm32.12.3.rel1.win32_1.1.0.202410251130/tools/bin/../lib/gcc/arm-none-eabi/12.3.1/thumb/v7e-m+fp/hard\libgcc.a
LOAD C:/ST/STM32CubeIDE_1.16.0/STM32CubeIDE/plugins/com.st.stm32cube.ide.mcu.externaltools.gnu-tools-for-stm32.12.3.rel1.win32_1.1.0.202410251130/tools/bin/../lib/gcc/arm-none-eabi/12.3.1/../../../../arm-none-eabi/lib/thumb/v7e-m+fp/hard\libc.a
LOAD C:/ST/STM32CubeIDE_1.16.0/STM32CubeIDE/plugins/com.st.stm32cube.ide.mcu.externaltools.gnu-tools-for-stm32.12.3.rel1.win32_1.1.0.202410251130/tools/bin/../lib/gcc/arm-none-eabi/12.3.1/../../../../arm-none-eabi/lib/thumb/v7e-m+fp/hard\libnosys.a
END GROUP
LOAD C:/ST/STM32CubeIDE_1.16.0/STM32CubeIDE/plugins/com.st.stm32cube.ide.mcu.externaltools.gnu-tools-for-stm32.12.3.rel1.win32_1.1.0.202410251130/tools/bin/../lib/gcc/arm-none-eabi/12.3.1/thumb/v7e-m+fp/hard/crtend.o
LOAD C:/ST/STM32CubeIDE_1.16.0/STM32CubeIDE/plugins/com.st.stm32cube.ide.mcu.externaltools.gnu-tools-for-stm32.12.3.rel1.win32_1.1.0.202410251130/tools/bin/../lib/gcc/arm-none-eabi/12.3.1/thumb/v7e-m+fp/hard/crtn.o
                0x20008000                        _estack = (ORIGIN (RAM) + LENGTH (RAM))
                0x00000200                        _Min_Heap_Size = 0x200
                0x00000400                        _Min_Stack_Size = 0x400

.isr_vector     0x08000000      0x1d8
                0x08000000                        . = ALIGN (0x4)
 *(.isr_vector)
 .isr_vector    0x08000000      0x1d8 ./Core/Startup/startup_stm32g431kbtx.o
                0x08000000                g_pfnVectors
                0x080001d8                        . = ALIGN (0x4)

.text           0x080001e0    0x15318
                0x080001e0                        . = ALIGN (0x4)
 *(.text)
 .text          0x080001e0       0x40 C:/ST/STM32CubeIDE_1.16.0/STM32CubeIDE/plugins/com.st.stm32cube.ide.mcu.externaltools.gnu-tools-for-stm32.12.3.rel1.win32_1.1.0.202410251130/tools/bin/../lib/gcc/arm-none-eabi/12.3.1/thumb/v7e-m+fp/hard/crtbegin.o
 .text          0x08000220       0x10 C:/ST/STM32CubeIDE_1.16.0/STM32CubeIDE/plugins/com.st.stm32cube.ide.mcu.externaltools.gnu-tools-for-stm32.12.3.rel1.win32_1.1.0.202410251130/tools/bin/../lib/gcc/arm-none-eabi/12.3.1/../../../../arm-none-eabi/lib/thumb/v7e-m+fp/hard\libc.a(libc_a-strlen.o)
                0x08000220                strlen
 .text          0x08000230       0xa0 C:/ST/STM32CubeIDE_1.16.0/STM32CubeIDE/plugins/com.st.stm32cube.ide.mcu.externaltools.gnu-tools-for-stm32.12.3.rel1.win32_1.1.0.202410251130/tools/bin/../lib/gcc/arm-none-eabi/12.3.1/../../../../arm-none-eabi/lib/thumb/v7e-m+fp/hard\libc.a(libc_a-memchr.o)
                0x08000230                memchr
 .text          0x080002d0      0x378 C:/ST/STM32CubeIDE_1.16.0/STM32CubeIDE/plugins/com.st.stm32cube.ide.mcu.externaltools.gnu-tools-for-stm32.12.3.rel1.win32_1.1.0.202410251130/tools/bin/../lib/gcc/arm-none-eabi/12.3.1/thumb/v7e-m+fp/hard\libgcc.a(_arm_addsubdf3.o)
                0x080002d0                __aeabi_drsub
                0x080002d8                __aeabi_dsub
                0x080002d8                __subdf3
                0x080002dc                __aeabi_dadd
                0x080002dc                __adddf3
                0x08000554                __floatunsidf
                0x08000554                __aeabi_ui2d
                0x08000574                __floatsidf
                0x08000574                __aeabi_i2d
                0x08000598                __aeabi_f2d
                0x08000598                __extendsfdf2
                0x080005dc                __floatundidf
                0x080005dc                __aeabi_ul2d
                0x080005ec                __floatdidf
                0x080005ec                __aeabi_l2d
 .text          0x08000648      0x424 C:/ST/STM32CubeIDE_1.16.0/STM32CubeIDE/plugins/com.st.stm32cube.ide.mcu.externaltools.gnu-tools-for-stm32.12.3.rel1.win32_1.1.0.202410251130/tools/bin/../lib/gcc/arm-none-eabi/12.3.1/thumb/v7e-m+fp/hard\libgcc.a(_arm_muldivdf3.o)
                0x08000648                __aeabi_dmul
                0x08000648                __muldf3
                0x0800089c                __divdf3
                0x0800089c                __aeabi_ddiv
 .text          0x08000a6c      0x110 C:/ST/STM32CubeIDE_1.16.0/STM32CubeIDE/plugins/com.st.stm32cube.ide.mcu.externaltools.gnu-tools-for-stm32.12.3.rel1.win32_1.1.0.202410251130/tools/bin/../lib/gcc/arm-none-eabi/12.3.1/thumb/v7e-m+fp/hard\libgcc.a(_arm_cmpdf2.o)
                0x08000a6c                __gtdf2
                0x08000a6c                __gedf2
                0x08000a74                __ltdf2
                0x08000a74                __ledf2
                0x08000a7c                __nedf2
                0x08000a7c                __eqdf2
                0x08000a7c                __cmpdf2
                0x08000af8                __aeabi_cdrcmple
                0x08000b08                __aeabi_cdcmpeq
                0x08000b08                __aeabi_cdcmple
                0x08000b18                __aeabi_dcmpeq
                0x08000b2c                __aeabi_dcmplt
                0x08000b40                __aeabi_dcmple
                0x08000b54                __aeabi_dcmpge
                0x08000b68                __aeabi_dcmpgt
 .text          0x08000b7c       0x2c C:/ST/STM32CubeIDE_1.16.0/STM32CubeIDE/plugins/com.st.stm32cube.ide.mcu.externaltools.gnu-tools-for-stm32.12.3.rel1.win32_1.1.0.202410251130/tools/bin/../lib/gcc/arm-none-eabi/12.3.1/thumb/v7e-m+fp/hard\libgcc.a(_arm_unorddf2.o)
                0x08000b7c                __unorddf2
                0x08000b7c                __aeabi_dcmpun
 .text          0x08000ba8       0x50 C:/ST/STM32CubeIDE_1.16.0/STM32CubeIDE/plugins/com.st.stm32cube.ide.mcu.externaltools.gnu-tools-for-stm32.12.3.rel1.win32_1.1.0.202410251130/tools/bin/../lib/gcc/arm-none-eabi/12.3.1/thumb/v7e-m+fp/hard\libgcc.a(_arm_fixdfsi.o)
                0x08000ba8                __aeabi_d2iz
                0x08000ba8                __fixdfsi
 .text          0x08000bf8       0x40 C:/ST/STM32CubeIDE_1.16.0/STM32CubeIDE/plugins/com.st.stm32cube.ide.mcu.externaltools.gnu-tools-for-stm32.12.3.rel1.win32_1.1.0.202410251130/tools/bin/../lib/gcc/arm-none-eabi/12.3.1/thumb/v7e-m+fp/hard\libgcc.a(_arm_fixunsdfsi.o)
                0x08000bf8                __aeabi_d2uiz
                0x08000bf8                __fixunsdfsi
 .text          0x08000c38       0xa0 C:/ST/STM32CubeIDE_1.16.0/STM32CubeIDE/plugins/com.st.stm32cube.ide.mcu.externaltools.gnu-tools-for-stm32.12.3.rel1.win32_1.1.0.202410251130/tools/bin/../lib/gcc/arm-none-eabi/12.3.1/thumb/v7e-m+fp/hard\libgcc.a(_arm_truncdfsf2.o)
                0x08000c38                __truncdfsf2
                0x08000c38                __aeabi_d2f
 .text          0x08000cd8       0x30 C:/ST/STM32CubeIDE_1.16.0/STM32CubeIDE/plugins/com.st.stm32cube.ide.mcu.externaltools.gnu-tools-for-stm32.12.3.rel1.win32_1.1.0.202410251130/tools/bin/../lib/gcc/arm-none-eabi/12.3.1/thumb/v7e-m+fp/hard\libgcc.a(_aeabi_uldivmod.o)
                0x08000cd8                __aeabi_uldivmod
 .text          0x08000d08      0x2bc C:/ST/STM32CubeIDE_1.16.0/STM32CubeIDE/plugins/com.st.stm32cube.ide.mcu.externaltools.gnu-tools-for-stm32.12.3.rel1.win32_1.1.0.202410251130/tools/bin/../lib/gcc/arm-none-eabi/12.3.1/thumb/v7e-m+fp/hard\libgcc.a(_udivmoddi4.o)
                0x08000d08                __udivmoddi4
 .text          0x08000fc4        0x4 C:/ST/STM32CubeIDE_1.16.0/STM32CubeIDE/plugins/com.st.stm32cube.ide.mcu.externaltools.gnu-tools-for-stm32.12.3.rel1.win32_1.1.0.202410251130/tools/bin/../lib/gcc/arm-none-eabi/12.3.1/thumb/v7e-m+fp/hard\libgcc.a(_dvmd_tls.o)
                0x08000fc4                __aeabi_idiv0
                0x08000fc4                __aeabi_ldiv0
 *(.text*)
 .text.lcd_send_cmd
                0x08000fc8       0x84 ./Core/Src/i2c-lcd.o
                0x08000fc8                lcd_send_cmd
 .text.lcd_send_data
                0x0800104c       0x84 ./Core/Src/i2c-lcd.o
                0x0800104c                lcd_send_data
 .text.lcd_put_cur
                0x080010d0       0x3e ./Core/Src/i2c-lcd.o
                0x080010d0                lcd_put_cur
 .text.lcd_init
                0x0800110e       0x74 ./Core/Src/i2c-lcd.o
                0x0800110e                lcd_init
 .text.lcd_send_string
                0x08001182       0x2a ./Core/Src/i2c-lcd.o
                0x08001182                lcd_send_string
 .text.HAL_I2C_MasterTxCpltCallback
                0x080011ac       0x14 ./Core/Src/i2c-lcd.o
                0x080011ac                HAL_I2C_MasterTxCpltCallback
 .text.HAL_UART_RxHalfCpltCallback
                0x080011c0       0x28 ./Core/Src/main.o
                0x080011c0                HAL_UART_RxHalfCpltCallback
 .text.HAL_UART_RxCpltCallback
                0x080011e8       0x28 ./Core/Src/main.o
                0x080011e8                HAL_UART_RxCpltCallback
 .text.uart_dma
                0x08001210       0x30 ./Core/Src/main.o
                0x08001210                uart_dma
 .text.pulseWavg
                0x08001240      0x1ac ./Core/Src/main.o
                0x08001240                pulseWavg
 .text.HAL_TIM_IC_CaptureCallback
                0x080013ec       0x70 ./Core/Src/main.o
                0x080013ec                HAL_TIM_IC_CaptureCallback
 .text.adc_dma  0x0800145c       0x68 ./Core/Src/main.o
                0x0800145c                adc_dma
 .text.getTemp  0x080014c4       0x74 ./Core/Src/main.o
                0x080014c4                getTemp
 .text.startSineW
                0x08001538       0xdc ./Core/Src/main.o
                0x08001538                startSineW
 .text.lcd_disp
                0x08001614       0x58 ./Core/Src/main.o
                0x08001614                lcd_disp
 .text.main     0x0800166c      0x11c ./Core/Src/main.o
                0x0800166c                main
 .text.SystemClock_Config
                0x08001788       0x96 ./Core/Src/main.o
                0x08001788                SystemClock_Config
 *fill*         0x0800181e        0x2 
 .text.MX_ADC1_Init
                0x08001820       0xf4 ./Core/Src/main.o
 .text.MX_DAC1_Init
                0x08001914       0x74 ./Core/Src/main.o
 .text.MX_I2C1_Init
                0x08001988       0x80 ./Core/Src/main.o
 .text.MX_TIM1_Init
                0x08001a08      0x140 ./Core/Src/main.o
 .text.MX_TIM2_Init
                0x08001b48       0xe4 ./Core/Src/main.o
 .text.MX_TIM4_Init
                0x08001c2c       0xec ./Core/Src/main.o
 .text.MX_USART2_UART_Init
                0x08001d18       0x9c ./Core/Src/main.o
 .text.MX_DMA_Init
                0x08001db4       0xcc ./Core/Src/main.o
 .text.MX_GPIO_Init
                0x08001e80       0x9c ./Core/Src/main.o
 .text.HAL_ADC_ConvCpltCallback
                0x08001f1c       0x24 ./Core/Src/main.o
                0x08001f1c                HAL_ADC_ConvCpltCallback
 .text.StartDefaultTask
                0x08001f40      0x1e8 ./Core/Src/main.o
                0x08001f40                StartDefaultTask
 .text.StartgetTemp
                0x08002128       0x34 ./Core/Src/main.o
                0x08002128                StartgetTemp
 .text.StartsendLCD
                0x0800215c       0x34 ./Core/Src/main.o
                0x0800215c                StartsendLCD
 .text.HAL_TIM_PeriodElapsedCallback
                0x08002190       0x24 ./Core/Src/main.o
                0x08002190                HAL_TIM_PeriodElapsedCallback
 .text.Error_Handler
                0x080021b4        0xc ./Core/Src/main.o
                0x080021b4                Error_Handler
 .text.HAL_MspInit
                0x080021c0       0x54 ./Core/Src/stm32g4xx_hal_msp.o
                0x080021c0                HAL_MspInit
 .text.HAL_ADC_MspInit
                0x08002214      0x114 ./Core/Src/stm32g4xx_hal_msp.o
                0x08002214                HAL_ADC_MspInit
 .text.HAL_DAC_MspInit
                0x08002328       0xec ./Core/Src/stm32g4xx_hal_msp.o
                0x08002328                HAL_DAC_MspInit
 .text.HAL_I2C_MspInit
                0x08002414      0x168 ./Core/Src/stm32g4xx_hal_msp.o
                0x08002414                HAL_I2C_MspInit
 .text.HAL_TIM_Base_MspInit
                0x0800257c      0x1e0 ./Core/Src/stm32g4xx_hal_msp.o
                0x0800257c                HAL_TIM_Base_MspInit
 .text.HAL_UART_MspInit
                0x0800275c      0x168 ./Core/Src/stm32g4xx_hal_msp.o
                0x0800275c                HAL_UART_MspInit
 .text.HAL_InitTick
                0x080028c4       0xd8 ./Core/Src/stm32g4xx_hal_timebase_tim.o
                0x080028c4                HAL_InitTick
 .text.NMI_Handler
                0x0800299c        0x8 ./Core/Src/stm32g4xx_it.o
                0x0800299c                NMI_Handler
 .text.HardFault_Handler
                0x080029a4        0x8 ./Core/Src/stm32g4xx_it.o
                0x080029a4                HardFault_Handler
 .text.MemManage_Handler
                0x080029ac        0x8 ./Core/Src/stm32g4xx_it.o
                0x080029ac                MemManage_Handler
 .text.BusFault_Handler
                0x080029b4        0x8 ./Core/Src/stm32g4xx_it.o
                0x080029b4                BusFault_Handler
 .text.UsageFault_Handler
                0x080029bc        0x8 ./Core/Src/stm32g4xx_it.o
                0x080029bc                UsageFault_Handler
 .text.DebugMon_Handler
                0x080029c4        0xe ./Core/Src/stm32g4xx_it.o
                0x080029c4                DebugMon_Handler
 *fill*         0x080029d2        0x2 
 .text.DMA1_Channel1_IRQHandler
                0x080029d4       0x14 ./Core/Src/stm32g4xx_it.o
                0x080029d4                DMA1_Channel1_IRQHandler
 .text.DMA1_Channel2_IRQHandler
                0x080029e8       0x14 ./Core/Src/stm32g4xx_it.o
                0x080029e8                DMA1_Channel2_IRQHandler
 .text.DMA1_Channel3_IRQHandler
                0x080029fc       0x14 ./Core/Src/stm32g4xx_it.o
                0x080029fc                DMA1_Channel3_IRQHandler
 .text.DMA1_Channel4_IRQHandler
                0x08002a10       0x14 ./Core/Src/stm32g4xx_it.o
                0x08002a10                DMA1_Channel4_IRQHandler
 .text.DMA1_Channel5_IRQHandler
                0x08002a24       0x14 ./Core/Src/stm32g4xx_it.o
                0x08002a24                DMA1_Channel5_IRQHandler
 .text.ADC1_2_IRQHandler
                0x08002a38       0x14 ./Core/Src/stm32g4xx_it.o
                0x08002a38                ADC1_2_IRQHandler
 .text.TIM1_CC_IRQHandler
                0x08002a4c       0x14 ./Core/Src/stm32g4xx_it.o
                0x08002a4c                TIM1_CC_IRQHandler
 .text.TIM3_IRQHandler
                0x08002a60       0x14 ./Core/Src/stm32g4xx_it.o
                0x08002a60                TIM3_IRQHandler
 .text.I2C1_EV_IRQHandler
                0x08002a74       0x14 ./Core/Src/stm32g4xx_it.o
                0x08002a74                I2C1_EV_IRQHandler
 .text.I2C1_ER_IRQHandler
                0x08002a88       0x14 ./Core/Src/stm32g4xx_it.o
                0x08002a88                I2C1_ER_IRQHandler
 .text.TIM6_DAC_IRQHandler
                0x08002a9c       0x14 ./Core/Src/stm32g4xx_it.o
                0x08002a9c                TIM6_DAC_IRQHandler
 .text.DMA2_Channel1_IRQHandler
                0x08002ab0       0x14 ./Core/Src/stm32g4xx_it.o
                0x08002ab0                DMA2_Channel1_IRQHandler
 .text.DMA2_Channel2_IRQHandler
                0x08002ac4       0x14 ./Core/Src/stm32g4xx_it.o
                0x08002ac4                DMA2_Channel2_IRQHandler
 .text._getpid  0x08002ad8       0x10 ./Core/Src/syscalls.o
                0x08002ad8                _getpid
 .text._kill    0x08002ae8       0x20 ./Core/Src/syscalls.o
                0x08002ae8                _kill
 .text._exit    0x08002b08       0x16 ./Core/Src/syscalls.o
                0x08002b08                _exit
 .text._read    0x08002b1e       0x3a ./Core/Src/syscalls.o
                0x08002b1e                _read
 .text._write   0x08002b58       0x38 ./Core/Src/syscalls.o
                0x08002b58                _write
 .text._close   0x08002b90       0x18 ./Core/Src/syscalls.o
                0x08002b90                _close
 .text._fstat   0x08002ba8       0x20 ./Core/Src/syscalls.o
                0x08002ba8                _fstat
 .text._isatty  0x08002bc8       0x16 ./Core/Src/syscalls.o
                0x08002bc8                _isatty
 .text._lseek   0x08002bde       0x1a ./Core/Src/syscalls.o
                0x08002bde                _lseek
 .text._sbrk    0x08002bf8       0x6c ./Core/Src/sysmem.o
                0x08002bf8                _sbrk
 .text.SystemInit
                0x08002c64       0x24 ./Core/Src/system_stm32g4xx.o
                0x08002c64                SystemInit
 .text.Reset_Handler
                0x08002c88       0x50 ./Core/Startup/startup_stm32g431kbtx.o
                0x08002c88                Reset_Handler
 .text.Default_Handler
                0x08002cd8        0x2 ./Core/Startup/startup_stm32g431kbtx.o
                0x08002cd8                RTC_Alarm_IRQHandler
                0x08002cd8                EXTI2_IRQHandler
                0x08002cd8                TIM8_TRG_COM_IRQHandler
                0x08002cd8                TIM8_CC_IRQHandler
                0x08002cd8                USB_HP_IRQHandler
                0x08002cd8                CORDIC_IRQHandler
                0x08002cd8                EXTI3_IRQHandler
                0x08002cd8                I2C3_ER_IRQHandler
                0x08002cd8                EXTI0_IRQHandler
                0x08002cd8                I2C2_EV_IRQHandler
                0x08002cd8                FPU_IRQHandler
                0x08002cd8                FDCAN1_IT1_IRQHandler
                0x08002cd8                TIM1_UP_TIM16_IRQHandler
                0x08002cd8                SPI1_IRQHandler
                0x08002cd8                TIM8_UP_IRQHandler
                0x08002cd8                USART3_IRQHandler
                0x08002cd8                TIM4_IRQHandler
                0x08002cd8                DMA1_Channel6_IRQHandler
                0x08002cd8                UART4_IRQHandler
                0x08002cd8                DMA2_Channel4_IRQHandler
                0x08002cd8                RCC_IRQHandler
                0x08002cd8                Default_Handler
                0x08002cd8                RTC_TAMP_LSECSS_IRQHandler
                0x08002cd8                FMAC_IRQHandler
                0x08002cd8                EXTI15_10_IRQHandler
                0x08002cd8                TIM7_IRQHandler
                0x08002cd8                UCPD1_IRQHandler
                0x08002cd8                I2C3_EV_IRQHandler
                0x08002cd8                EXTI9_5_IRQHandler
                0x08002cd8                RTC_WKUP_IRQHandler
                0x08002cd8                PVD_PVM_IRQHandler
                0x08002cd8                SPI2_IRQHandler
                0x08002cd8                DMA2_Channel5_IRQHandler
                0x08002cd8                CRS_IRQHandler
                0x08002cd8                USB_LP_IRQHandler
                0x08002cd8                EXTI4_IRQHandler
                0x08002cd8                RNG_IRQHandler
                0x08002cd8                TIM1_TRG_COM_TIM17_IRQHandler
                0x08002cd8                WWDG_IRQHandler
                0x08002cd8                LPUART1_IRQHandler
                0x08002cd8                DMA2_Channel6_IRQHandler
                0x08002cd8                FDCAN1_IT0_IRQHandler
                0x08002cd8                TIM2_IRQHandler
                0x08002cd8                COMP1_2_3_IRQHandler
                0x08002cd8                EXTI1_IRQHandler
                0x08002cd8                USART2_IRQHandler
                0x08002cd8                I2C2_ER_IRQHandler
                0x08002cd8                TIM8_BRK_IRQHandler
                0x08002cd8                FLASH_IRQHandler
                0x08002cd8                USART1_IRQHandler
                0x08002cd8                SPI3_IRQHandler
                0x08002cd8                LPTIM1_IRQHandler
                0x08002cd8                DMAMUX_OVR_IRQHandler
                0x08002cd8                USBWakeUp_IRQHandler
                0x08002cd8                SAI1_IRQHandler
                0x08002cd8                DMA2_Channel3_IRQHandler
                0x08002cd8                COMP4_IRQHandler
                0x08002cd8                TIM1_BRK_TIM15_IRQHandler
 .text.HAL_Init
                0x08002cda       0x30 ./Drivers/STM32G4xx_HAL_Driver/stm32g4xx_hal.o
                0x08002cda                HAL_Init
 *fill*         0x08002d0a        0x2 
 .text.HAL_IncTick
                0x08002d0c       0x24 ./Drivers/STM32G4xx_HAL_Driver/stm32g4xx_hal.o
                0x08002d0c                HAL_IncTick
 .text.HAL_GetTick
                0x08002d30       0x18 ./Drivers/STM32G4xx_HAL_Driver/stm32g4xx_hal.o
                0x08002d30                HAL_GetTick
 .text.HAL_Delay
                0x08002d48       0x44 ./Drivers/STM32G4xx_HAL_Driver/stm32g4xx_hal.o
                0x08002d48                HAL_Delay
 .text.LL_ADC_SetCommonClock
                0x08002d8c       0x26 ./Drivers/STM32G4xx_HAL_Driver/stm32g4xx_hal_adc.o
 .text.LL_ADC_SetCommonPathInternalCh
                0x08002db2       0x26 ./Drivers/STM32G4xx_HAL_Driver/stm32g4xx_hal_adc.o
 .text.LL_ADC_GetCommonPathInternalCh
                0x08002dd8       0x1c ./Drivers/STM32G4xx_HAL_Driver/stm32g4xx_hal_adc.o
 .text.LL_ADC_SetOffset
                0x08002df4       0x48 ./Drivers/STM32G4xx_HAL_Driver/stm32g4xx_hal_adc.o
 .text.LL_ADC_GetOffsetChannel
                0x08002e3c       0x2c ./Drivers/STM32G4xx_HAL_Driver/stm32g4xx_hal_adc.o
 .text.LL_ADC_SetOffsetState
                0x08002e68       0x36 ./Drivers/STM32G4xx_HAL_Driver/stm32g4xx_hal_adc.o
 .text.LL_ADC_SetOffsetSign
                0x08002e9e       0x36 ./Drivers/STM32G4xx_HAL_Driver/stm32g4xx_hal_adc.o
 .text.LL_ADC_SetOffsetSaturation
                0x08002ed4       0x36 ./Drivers/STM32G4xx_HAL_Driver/stm32g4xx_hal_adc.o
 .text.LL_ADC_SetSamplingTimeCommonConfig
                0x08002f0a       0x26 ./Drivers/STM32G4xx_HAL_Driver/stm32g4xx_hal_adc.o
 .text.LL_ADC_REG_IsTriggerSourceSWStart
                0x08002f30       0x26 ./Drivers/STM32G4xx_HAL_Driver/stm32g4xx_hal_adc.o
 .text.LL_ADC_REG_SetSequencerRanks
                0x08002f56       0x58 ./Drivers/STM32G4xx_HAL_Driver/stm32g4xx_hal_adc.o
 .text.LL_ADC_INJ_IsTriggerSourceSWStart
                0x08002fae       0x26 ./Drivers/STM32G4xx_HAL_Driver/stm32g4xx_hal_adc.o
 .text.LL_ADC_SetChannelSamplingTime
                0x08002fd4       0x56 ./Drivers/STM32G4xx_HAL_Driver/stm32g4xx_hal_adc.o
 *fill*         0x0800302a        0x2 
 .text.LL_ADC_SetChannelSingleDiff
                0x0800302c       0x48 ./Drivers/STM32G4xx_HAL_Driver/stm32g4xx_hal_adc.o
 .text.LL_ADC_GetMultimode
                0x08003074       0x1c ./Drivers/STM32G4xx_HAL_Driver/stm32g4xx_hal_adc.o
 .text.LL_ADC_GetMultiDMATransfer
                0x08003090       0x1c ./Drivers/STM32G4xx_HAL_Driver/stm32g4xx_hal_adc.o
 .text.LL_ADC_DisableDeepPowerDown
                0x080030ac       0x24 ./Drivers/STM32G4xx_HAL_Driver/stm32g4xx_hal_adc.o
 .text.LL_ADC_IsDeepPowerDownEnabled
                0x080030d0       0x28 ./Drivers/STM32G4xx_HAL_Driver/stm32g4xx_hal_adc.o
 .text.LL_ADC_EnableInternalRegulator
                0x080030f8       0x28 ./Drivers/STM32G4xx_HAL_Driver/stm32g4xx_hal_adc.o
 .text.LL_ADC_IsInternalRegulatorEnabled
                0x08003120       0x28 ./Drivers/STM32G4xx_HAL_Driver/stm32g4xx_hal_adc.o
 .text.LL_ADC_Enable
                0x08003148       0x28 ./Drivers/STM32G4xx_HAL_Driver/stm32g4xx_hal_adc.o
 .text.LL_ADC_Disable
                0x08003170       0x28 ./Drivers/STM32G4xx_HAL_Driver/stm32g4xx_hal_adc.o
 .text.LL_ADC_IsEnabled
                0x08003198       0x26 ./Drivers/STM32G4xx_HAL_Driver/stm32g4xx_hal_adc.o
 .text.LL_ADC_IsDisableOngoing
                0x080031be       0x26 ./Drivers/STM32G4xx_HAL_Driver/stm32g4xx_hal_adc.o
 .text.LL_ADC_REG_StartConversion
                0x080031e4       0x28 ./Drivers/STM32G4xx_HAL_Driver/stm32g4xx_hal_adc.o
 .text.LL_ADC_REG_IsConversionOngoing
                0x0800320c       0x26 ./Drivers/STM32G4xx_HAL_Driver/stm32g4xx_hal_adc.o
 .text.LL_ADC_INJ_IsConversionOngoing
                0x08003232       0x26 ./Drivers/STM32G4xx_HAL_Driver/stm32g4xx_hal_adc.o
 .text.HAL_ADC_Init
                0x08003258      0x308 ./Drivers/STM32G4xx_HAL_Driver/stm32g4xx_hal_adc.o
                0x08003258                HAL_ADC_Init
 .text.HAL_ADC_Start_DMA
                0x08003560      0x168 ./Drivers/STM32G4xx_HAL_Driver/stm32g4xx_hal_adc.o
                0x08003560                HAL_ADC_Start_DMA
 .text.HAL_ADC_IRQHandler
                0x080036c8      0x434 ./Drivers/STM32G4xx_HAL_Driver/stm32g4xx_hal_adc.o
                0x080036c8                HAL_ADC_IRQHandler
 .text.HAL_ADC_ConvHalfCpltCallback
                0x08003afc       0x14 ./Drivers/STM32G4xx_HAL_Driver/stm32g4xx_hal_adc.o
                0x08003afc                HAL_ADC_ConvHalfCpltCallback
 .text.HAL_ADC_LevelOutOfWindowCallback
                0x08003b10       0x14 ./Drivers/STM32G4xx_HAL_Driver/stm32g4xx_hal_adc.o
                0x08003b10                HAL_ADC_LevelOutOfWindowCallback
 .text.HAL_ADC_ErrorCallback
                0x08003b24       0x14 ./Drivers/STM32G4xx_HAL_Driver/stm32g4xx_hal_adc.o
                0x08003b24                HAL_ADC_ErrorCallback
 .text.HAL_ADC_ConfigChannel
                0x08003b38      0x7e0 ./Drivers/STM32G4xx_HAL_Driver/stm32g4xx_hal_adc.o
                0x08003b38                HAL_ADC_ConfigChannel
 .text.ADC_Enable
                0x08004318      0x10c ./Drivers/STM32G4xx_HAL_Driver/stm32g4xx_hal_adc.o
                0x08004318                ADC_Enable
 .text.ADC_Disable
                0x08004424       0xbe ./Drivers/STM32G4xx_HAL_Driver/stm32g4xx_hal_adc.o
                0x08004424                ADC_Disable
 .text.ADC_DMAConvCplt
                0x080044e2       0xd8 ./Drivers/STM32G4xx_HAL_Driver/stm32g4xx_hal_adc.o
                0x080044e2                ADC_DMAConvCplt
 .text.ADC_DMAHalfConvCplt
                0x080045ba       0x1c ./Drivers/STM32G4xx_HAL_Driver/stm32g4xx_hal_adc.o
                0x080045ba                ADC_DMAHalfConvCplt
 .text.ADC_DMAError
                0x080045d6       0x34 ./Drivers/STM32G4xx_HAL_Driver/stm32g4xx_hal_adc.o
                0x080045d6                ADC_DMAError
 .text.LL_ADC_IsEnabled
                0x0800460a       0x26 ./Drivers/STM32G4xx_HAL_Driver/stm32g4xx_hal_adc_ex.o
 .text.LL_ADC_StartCalibration
                0x08004630       0x32 ./Drivers/STM32G4xx_HAL_Driver/stm32g4xx_hal_adc_ex.o
 .text.LL_ADC_IsCalibrationOnGoing
                0x08004662       0x28 ./Drivers/STM32G4xx_HAL_Driver/stm32g4xx_hal_adc_ex.o
 .text.LL_ADC_REG_IsConversionOngoing
                0x0800468a       0x26 ./Drivers/STM32G4xx_HAL_Driver/stm32g4xx_hal_adc_ex.o
 .text.HAL_ADCEx_Calibration_Start
                0x080046b0       0xc4 ./Drivers/STM32G4xx_HAL_Driver/stm32g4xx_hal_adc_ex.o
                0x080046b0                HAL_ADCEx_Calibration_Start
 .text.HAL_ADCEx_InjectedConvCpltCallback
                0x08004774       0x14 ./Drivers/STM32G4xx_HAL_Driver/stm32g4xx_hal_adc_ex.o
                0x08004774                HAL_ADCEx_InjectedConvCpltCallback
 .text.HAL_ADCEx_InjectedQueueOverflowCallback
                0x08004788       0x14 ./Drivers/STM32G4xx_HAL_Driver/stm32g4xx_hal_adc_ex.o
                0x08004788                HAL_ADCEx_InjectedQueueOverflowCallback
 .text.HAL_ADCEx_LevelOutOfWindow2Callback
                0x0800479c       0x14 ./Drivers/STM32G4xx_HAL_Driver/stm32g4xx_hal_adc_ex.o
                0x0800479c                HAL_ADCEx_LevelOutOfWindow2Callback
 .text.HAL_ADCEx_LevelOutOfWindow3Callback
                0x080047b0       0x14 ./Drivers/STM32G4xx_HAL_Driver/stm32g4xx_hal_adc_ex.o
                0x080047b0                HAL_ADCEx_LevelOutOfWindow3Callback
 .text.HAL_ADCEx_EndOfSamplingCallback
                0x080047c4       0x14 ./Drivers/STM32G4xx_HAL_Driver/stm32g4xx_hal_adc_ex.o
                0x080047c4                HAL_ADCEx_EndOfSamplingCallback
 .text.HAL_ADCEx_MultiModeConfigChannel
                0x080047d8      0x148 ./Drivers/STM32G4xx_HAL_Driver/stm32g4xx_hal_adc_ex.o
                0x080047d8                HAL_ADCEx_MultiModeConfigChannel
 .text.__NVIC_SetPriorityGrouping
                0x08004920       0x48 ./Drivers/STM32G4xx_HAL_Driver/stm32g4xx_hal_cortex.o
 .text.__NVIC_GetPriorityGrouping
                0x08004968       0x1c ./Drivers/STM32G4xx_HAL_Driver/stm32g4xx_hal_cortex.o
 .text.__NVIC_EnableIRQ
                0x08004984       0x3c ./Drivers/STM32G4xx_HAL_Driver/stm32g4xx_hal_cortex.o
 .text.__NVIC_SetPriority
                0x080049c0       0x54 ./Drivers/STM32G4xx_HAL_Driver/stm32g4xx_hal_cortex.o
 .text.NVIC_EncodePriority
                0x08004a14       0x66 ./Drivers/STM32G4xx_HAL_Driver/stm32g4xx_hal_cortex.o
 .text.HAL_NVIC_SetPriorityGrouping
                0x08004a7a       0x16 ./Drivers/STM32G4xx_HAL_Driver/stm32g4xx_hal_cortex.o
                0x08004a7a                HAL_NVIC_SetPriorityGrouping
 .text.HAL_NVIC_SetPriority
                0x08004a90       0x34 ./Drivers/STM32G4xx_HAL_Driver/stm32g4xx_hal_cortex.o
                0x08004a90                HAL_NVIC_SetPriority
 .text.HAL_NVIC_EnableIRQ
                0x08004ac4       0x1c ./Drivers/STM32G4xx_HAL_Driver/stm32g4xx_hal_cortex.o
                0x08004ac4                HAL_NVIC_EnableIRQ
 .text.HAL_DAC_Init
                0x08004ae0       0x44 ./Drivers/STM32G4xx_HAL_Driver/stm32g4xx_hal_dac.o
                0x08004ae0                HAL_DAC_Init
 .text.HAL_DAC_Start_DMA
                0x08004b24      0x1a8 ./Drivers/STM32G4xx_HAL_Driver/stm32g4xx_hal_dac.o
                0x08004b24                HAL_DAC_Start_DMA
 .text.HAL_DAC_Stop_DMA
                0x08004ccc       0x9a ./Drivers/STM32G4xx_HAL_Driver/stm32g4xx_hal_dac.o
                0x08004ccc                HAL_DAC_Stop_DMA
 .text.HAL_DAC_IRQHandler
                0x08004d66       0xac ./Drivers/STM32G4xx_HAL_Driver/stm32g4xx_hal_dac.o
                0x08004d66                HAL_DAC_IRQHandler
 .text.HAL_DAC_ConvCpltCallbackCh1
                0x08004e12       0x14 ./Drivers/STM32G4xx_HAL_Driver/stm32g4xx_hal_dac.o
                0x08004e12                HAL_DAC_ConvCpltCallbackCh1
 .text.HAL_DAC_ConvHalfCpltCallbackCh1
                0x08004e26       0x14 ./Drivers/STM32G4xx_HAL_Driver/stm32g4xx_hal_dac.o
                0x08004e26                HAL_DAC_ConvHalfCpltCallbackCh1
 .text.HAL_DAC_ErrorCallbackCh1
                0x08004e3a       0x14 ./Drivers/STM32G4xx_HAL_Driver/stm32g4xx_hal_dac.o
                0x08004e3a                HAL_DAC_ErrorCallbackCh1
 .text.HAL_DAC_DMAUnderrunCallbackCh1
                0x08004e4e       0x14 ./Drivers/STM32G4xx_HAL_Driver/stm32g4xx_hal_dac.o
                0x08004e4e                HAL_DAC_DMAUnderrunCallbackCh1
 *fill*         0x08004e62        0x2 
 .text.HAL_DAC_ConfigChannel
                0x08004e64      0x374 ./Drivers/STM32G4xx_HAL_Driver/stm32g4xx_hal_dac.o
                0x08004e64                HAL_DAC_ConfigChannel
 .text.DAC_DMAConvCpltCh1
                0x080051d8       0x22 ./Drivers/STM32G4xx_HAL_Driver/stm32g4xx_hal_dac.o
                0x080051d8                DAC_DMAConvCpltCh1
 .text.DAC_DMAHalfConvCpltCh1
                0x080051fa       0x1c ./Drivers/STM32G4xx_HAL_Driver/stm32g4xx_hal_dac.o
                0x080051fa                DAC_DMAHalfConvCpltCh1
 .text.DAC_DMAErrorCh1
                0x08005216       0x2e ./Drivers/STM32G4xx_HAL_Driver/stm32g4xx_hal_dac.o
                0x08005216                DAC_DMAErrorCh1
 .text.HAL_DACEx_ConvCpltCallbackCh2
                0x08005244       0x14 ./Drivers/STM32G4xx_HAL_Driver/stm32g4xx_hal_dac_ex.o
                0x08005244                HAL_DACEx_ConvCpltCallbackCh2
 .text.HAL_DACEx_ConvHalfCpltCallbackCh2
                0x08005258       0x14 ./Drivers/STM32G4xx_HAL_Driver/stm32g4xx_hal_dac_ex.o
                0x08005258                HAL_DACEx_ConvHalfCpltCallbackCh2
 .text.HAL_DACEx_ErrorCallbackCh2
                0x0800526c       0x14 ./Drivers/STM32G4xx_HAL_Driver/stm32g4xx_hal_dac_ex.o
                0x0800526c                HAL_DACEx_ErrorCallbackCh2
 .text.HAL_DACEx_DMAUnderrunCallbackCh2
                0x08005280       0x14 ./Drivers/STM32G4xx_HAL_Driver/stm32g4xx_hal_dac_ex.o
                0x08005280                HAL_DACEx_DMAUnderrunCallbackCh2
 .text.DAC_DMAConvCpltCh2
                0x08005294       0x22 ./Drivers/STM32G4xx_HAL_Driver/stm32g4xx_hal_dac_ex.o
                0x08005294                DAC_DMAConvCpltCh2
 .text.DAC_DMAHalfConvCpltCh2
                0x080052b6       0x1c ./Drivers/STM32G4xx_HAL_Driver/stm32g4xx_hal_dac_ex.o
                0x080052b6                DAC_DMAHalfConvCpltCh2
 .text.DAC_DMAErrorCh2
                0x080052d2       0x2e ./Drivers/STM32G4xx_HAL_Driver/stm32g4xx_hal_dac_ex.o
                0x080052d2                DAC_DMAErrorCh2
 .text.HAL_DMA_Init
                0x08005300      0x150 ./Drivers/STM32G4xx_HAL_Driver/stm32g4xx_hal_dma.o
                0x08005300                HAL_DMA_Init
 .text.HAL_DMA_Start_IT
                0x08005450       0xf6 ./Drivers/STM32G4xx_HAL_Driver/stm32g4xx_hal_dma.o
                0x08005450                HAL_DMA_Start_IT
 .text.HAL_DMA_Abort
                0x08005546       0xb2 ./Drivers/STM32G4xx_HAL_Driver/stm32g4xx_hal_dma.o
                0x08005546                HAL_DMA_Abort
 .text.HAL_DMA_Abort_IT
                0x080055f8       0xce ./Drivers/STM32G4xx_HAL_Driver/stm32g4xx_hal_dma.o
                0x080055f8                HAL_DMA_Abort_IT
 .text.HAL_DMA_IRQHandler
                0x080056c6      0x15e ./Drivers/STM32G4xx_HAL_Driver/stm32g4xx_hal_dma.o
                0x080056c6                HAL_DMA_IRQHandler
 .text.HAL_DMA_GetState
                0x08005824       0x1c ./Drivers/STM32G4xx_HAL_Driver/stm32g4xx_hal_dma.o
                0x08005824                HAL_DMA_GetState
 .text.DMA_SetConfig
                0x08005840       0x7c ./Drivers/STM32G4xx_HAL_Driver/stm32g4xx_hal_dma.o
 .text.DMA_CalcDMAMUXChannelBaseAndMask
                0x080058bc       0x7c ./Drivers/STM32G4xx_HAL_Driver/stm32g4xx_hal_dma.o
 .text.DMA_CalcDMAMUXRequestGenBaseAndMask
                0x08005938       0x48 ./Drivers/STM32G4xx_HAL_Driver/stm32g4xx_hal_dma.o
 .text.HAL_GPIO_Init
                0x08005980      0x304 ./Drivers/STM32G4xx_HAL_Driver/stm32g4xx_hal_gpio.o
                0x08005980                HAL_GPIO_Init
 .text.HAL_GPIO_WritePin
                0x08005c84       0x30 ./Drivers/STM32G4xx_HAL_Driver/stm32g4xx_hal_gpio.o
                0x08005c84                HAL_GPIO_WritePin
 .text.HAL_I2C_Init
                0x08005cb4      0x136 ./Drivers/STM32G4xx_HAL_Driver/stm32g4xx_hal_i2c.o
                0x08005cb4                HAL_I2C_Init
 *fill*         0x08005dea        0x2 
 .text.HAL_I2C_Master_Transmit_DMA
                0x08005dec      0x228 ./Drivers/STM32G4xx_HAL_Driver/stm32g4xx_hal_i2c.o
                0x08005dec                HAL_I2C_Master_Transmit_DMA
 .text.HAL_I2C_EV_IRQHandler
                0x08006014       0x34 ./Drivers/STM32G4xx_HAL_Driver/stm32g4xx_hal_i2c.o
                0x08006014                HAL_I2C_EV_IRQHandler
 .text.HAL_I2C_ER_IRQHandler
                0x08006048       0xb6 ./Drivers/STM32G4xx_HAL_Driver/stm32g4xx_hal_i2c.o
                0x08006048                HAL_I2C_ER_IRQHandler
 .text.HAL_I2C_MasterRxCpltCallback
                0x080060fe       0x14 ./Drivers/STM32G4xx_HAL_Driver/stm32g4xx_hal_i2c.o
                0x080060fe                HAL_I2C_MasterRxCpltCallback
 .text.HAL_I2C_SlaveTxCpltCallback
                0x08006112       0x14 ./Drivers/STM32G4xx_HAL_Driver/stm32g4xx_hal_i2c.o
                0x08006112                HAL_I2C_SlaveTxCpltCallback
 .text.HAL_I2C_SlaveRxCpltCallback
                0x08006126       0x14 ./Drivers/STM32G4xx_HAL_Driver/stm32g4xx_hal_i2c.o
                0x08006126                HAL_I2C_SlaveRxCpltCallback
 .text.HAL_I2C_AddrCallback
                0x0800613a       0x1c ./Drivers/STM32G4xx_HAL_Driver/stm32g4xx_hal_i2c.o
                0x0800613a                HAL_I2C_AddrCallback
 .text.HAL_I2C_ListenCpltCallback
                0x08006156       0x14 ./Drivers/STM32G4xx_HAL_Driver/stm32g4xx_hal_i2c.o
                0x08006156                HAL_I2C_ListenCpltCallback
 .text.HAL_I2C_MemTxCpltCallback
                0x0800616a       0x14 ./Drivers/STM32G4xx_HAL_Driver/stm32g4xx_hal_i2c.o
                0x0800616a                HAL_I2C_MemTxCpltCallback
 .text.HAL_I2C_MemRxCpltCallback
                0x0800617e       0x14 ./Drivers/STM32G4xx_HAL_Driver/stm32g4xx_hal_i2c.o
                0x0800617e                HAL_I2C_MemRxCpltCallback
 .text.HAL_I2C_ErrorCallback
                0x08006192       0x14 ./Drivers/STM32G4xx_HAL_Driver/stm32g4xx_hal_i2c.o
                0x08006192                HAL_I2C_ErrorCallback
 .text.HAL_I2C_AbortCpltCallback
                0x080061a6       0x14 ./Drivers/STM32G4xx_HAL_Driver/stm32g4xx_hal_i2c.o
                0x080061a6                HAL_I2C_AbortCpltCallback
 .text.HAL_I2C_GetState
                0x080061ba       0x1c ./Drivers/STM32G4xx_HAL_Driver/stm32g4xx_hal_i2c.o
                0x080061ba                HAL_I2C_GetState
 .text.HAL_I2C_GetError
                0x080061d6       0x18 ./Drivers/STM32G4xx_HAL_Driver/stm32g4xx_hal_i2c.o
                0x080061d6                HAL_I2C_GetError
 .text.I2C_Master_ISR_IT
                0x080061ee      0x24e ./Drivers/STM32G4xx_HAL_Driver/stm32g4xx_hal_i2c.o
 .text.I2C_Slave_ISR_IT
                0x0800643c      0x1f2 ./Drivers/STM32G4xx_HAL_Driver/stm32g4xx_hal_i2c.o
 .text.I2C_Master_ISR_DMA
                0x0800662e      0x1d6 ./Drivers/STM32G4xx_HAL_Driver/stm32g4xx_hal_i2c.o
 .text.I2C_Mem_ISR_DMA
                0x08006804      0x24c ./Drivers/STM32G4xx_HAL_Driver/stm32g4xx_hal_i2c.o
 .text.I2C_Slave_ISR_DMA
                0x08006a50      0x1ae ./Drivers/STM32G4xx_HAL_Driver/stm32g4xx_hal_i2c.o
 .text.I2C_ITAddrCplt
                0x08006bfe      0x108 ./Drivers/STM32G4xx_HAL_Driver/stm32g4xx_hal_i2c.o
 .text.I2C_ITMasterSeqCplt
                0x08006d06       0x7a ./Drivers/STM32G4xx_HAL_Driver/stm32g4xx_hal_i2c.o
 .text.I2C_ITSlaveSeqCplt
                0x08006d80       0xb8 ./Drivers/STM32G4xx_HAL_Driver/stm32g4xx_hal_i2c.o
 .text.I2C_ITMasterCplt
                0x08006e38      0x190 ./Drivers/STM32G4xx_HAL_Driver/stm32g4xx_hal_i2c.o
 .text.I2C_ITSlaveCplt
                0x08006fc8      0x2c8 ./Drivers/STM32G4xx_HAL_Driver/stm32g4xx_hal_i2c.o
 .text.I2C_ITListenCplt
                0x08007290       0xa8 ./Drivers/STM32G4xx_HAL_Driver/stm32g4xx_hal_i2c.o
 .text.I2C_ITError
                0x08007338      0x1e0 ./Drivers/STM32G4xx_HAL_Driver/stm32g4xx_hal_i2c.o
 .text.I2C_TreatErrorCallback
                0x08007518       0x4e ./Drivers/STM32G4xx_HAL_Driver/stm32g4xx_hal_i2c.o
 .text.I2C_Flush_TXDR
                0x08007566       0x48 ./Drivers/STM32G4xx_HAL_Driver/stm32g4xx_hal_i2c.o
 .text.I2C_DMAMasterTransmitCplt
                0x080075ae       0x96 ./Drivers/STM32G4xx_HAL_Driver/stm32g4xx_hal_i2c.o
 .text.I2C_DMAError
                0x08007644       0x2e ./Drivers/STM32G4xx_HAL_Driver/stm32g4xx_hal_i2c.o
 .text.I2C_DMAAbort
                0x08007672       0x3c ./Drivers/STM32G4xx_HAL_Driver/stm32g4xx_hal_i2c.o
 *fill*         0x080076ae        0x2 
 .text.I2C_TransferConfig
                0x080076b0       0x64 ./Drivers/STM32G4xx_HAL_Driver/stm32g4xx_hal_i2c.o
 .text.I2C_Enable_IRQ
                0x08007714      0x108 ./Drivers/STM32G4xx_HAL_Driver/stm32g4xx_hal_i2c.o
 .text.I2C_Disable_IRQ
                0x0800781c       0xbc ./Drivers/STM32G4xx_HAL_Driver/stm32g4xx_hal_i2c.o
 .text.HAL_I2CEx_ConfigAnalogFilter
                0x080078d8       0x96 ./Drivers/STM32G4xx_HAL_Driver/stm32g4xx_hal_i2c_ex.o
                0x080078d8                HAL_I2CEx_ConfigAnalogFilter
 .text.HAL_I2CEx_ConfigDigitalFilter
                0x0800796e       0x98 ./Drivers/STM32G4xx_HAL_Driver/stm32g4xx_hal_i2c_ex.o
                0x0800796e                HAL_I2CEx_ConfigDigitalFilter
 *fill*         0x08007a06        0x2 
 .text.HAL_PWREx_ControlVoltageScaling
                0x08007a08      0x148 ./Drivers/STM32G4xx_HAL_Driver/stm32g4xx_hal_pwr_ex.o
                0x08007a08                HAL_PWREx_ControlVoltageScaling
 .text.HAL_PWREx_DisableUCPDDeadBattery
                0x08007b50       0x20 ./Drivers/STM32G4xx_HAL_Driver/stm32g4xx_hal_pwr_ex.o
                0x08007b50                HAL_PWREx_DisableUCPDDeadBattery
 .text.HAL_RCC_OscConfig
                0x08007b70      0x624 ./Drivers/STM32G4xx_HAL_Driver/stm32g4xx_hal_rcc.o
                0x08007b70                HAL_RCC_OscConfig
 .text.HAL_RCC_ClockConfig
                0x08008194      0x278 ./Drivers/STM32G4xx_HAL_Driver/stm32g4xx_hal_rcc.o
                0x08008194                HAL_RCC_ClockConfig
 .text.HAL_RCC_GetSysClockFreq
                0x0800840c       0xc4 ./Drivers/STM32G4xx_HAL_Driver/stm32g4xx_hal_rcc.o
                0x0800840c                HAL_RCC_GetSysClockFreq
 .text.HAL_RCC_GetHCLKFreq
                0x080084d0       0x18 ./Drivers/STM32G4xx_HAL_Driver/stm32g4xx_hal_rcc.o
                0x080084d0                HAL_RCC_GetHCLKFreq
 .text.HAL_RCC_GetPCLK1Freq
                0x080084e8       0x2c ./Drivers/STM32G4xx_HAL_Driver/stm32g4xx_hal_rcc.o
                0x080084e8                HAL_RCC_GetPCLK1Freq
 .text.HAL_RCC_GetPCLK2Freq
                0x08008514       0x2c ./Drivers/STM32G4xx_HAL_Driver/stm32g4xx_hal_rcc.o
                0x08008514                HAL_RCC_GetPCLK2Freq
 .text.HAL_RCC_GetClockConfig
                0x08008540       0x64 ./Drivers/STM32G4xx_HAL_Driver/stm32g4xx_hal_rcc.o
                0x08008540                HAL_RCC_GetClockConfig
 .text.RCC_GetSysClockFreqFromPLLSource
                0x080085a4       0x8c ./Drivers/STM32G4xx_HAL_Driver/stm32g4xx_hal_rcc.o
 .text.HAL_RCCEx_PeriphCLKConfig
                0x08008630      0x3e0 ./Drivers/STM32G4xx_HAL_Driver/stm32g4xx_hal_rcc_ex.o
                0x08008630                HAL_RCCEx_PeriphCLKConfig
 .text.HAL_TIM_Base_Init
                0x08008a10       0xae ./Drivers/STM32G4xx_HAL_Driver/stm32g4xx_hal_tim.o
                0x08008a10                HAL_TIM_Base_Init
 *fill*         0x08008abe        0x2 
 .text.HAL_TIM_Base_Start
                0x08008ac0       0xc4 ./Drivers/STM32G4xx_HAL_Driver/stm32g4xx_hal_tim.o
                0x08008ac0                HAL_TIM_Base_Start
 .text.HAL_TIM_Base_Start_IT
                0x08008b84       0xd4 ./Drivers/STM32G4xx_HAL_Driver/stm32g4xx_hal_tim.o
                0x08008b84                HAL_TIM_Base_Start_IT
 .text.HAL_TIM_OC_Init
                0x08008c58       0xae ./Drivers/STM32G4xx_HAL_Driver/stm32g4xx_hal_tim.o
                0x08008c58                HAL_TIM_OC_Init
 .text.HAL_TIM_OC_MspInit
                0x08008d06       0x14 ./Drivers/STM32G4xx_HAL_Driver/stm32g4xx_hal_tim.o
                0x08008d06                HAL_TIM_OC_MspInit
 *fill*         0x08008d1a        0x2 
 .text.HAL_TIM_PWM_Start
                0x08008d1c      0x200 ./Drivers/STM32G4xx_HAL_Driver/stm32g4xx_hal_tim.o
                0x08008d1c                HAL_TIM_PWM_Start
 .text.HAL_TIM_PWM_Stop_DMA
                0x08008f1c      0x1f0 ./Drivers/STM32G4xx_HAL_Driver/stm32g4xx_hal_tim.o
                0x08008f1c                HAL_TIM_PWM_Stop_DMA
 .text.HAL_TIM_IC_Init
                0x0800910c       0xae ./Drivers/STM32G4xx_HAL_Driver/stm32g4xx_hal_tim.o
                0x0800910c                HAL_TIM_IC_Init
 .text.HAL_TIM_IC_MspInit
                0x080091ba       0x14 ./Drivers/STM32G4xx_HAL_Driver/stm32g4xx_hal_tim.o
                0x080091ba                HAL_TIM_IC_MspInit
 *fill*         0x080091ce        0x2 
 .text.HAL_TIM_IC_Start_DMA
                0x080091d0      0x388 ./Drivers/STM32G4xx_HAL_Driver/stm32g4xx_hal_tim.o
                0x080091d0                HAL_TIM_IC_Start_DMA
 .text.HAL_TIM_IRQHandler
                0x08009558      0x29e ./Drivers/STM32G4xx_HAL_Driver/stm32g4xx_hal_tim.o
                0x08009558                HAL_TIM_IRQHandler
 *fill*         0x080097f6        0x2 
 .text.HAL_TIM_OC_ConfigChannel
                0x080097f8       0xf4 ./Drivers/STM32G4xx_HAL_Driver/stm32g4xx_hal_tim.o
                0x080097f8                HAL_TIM_OC_ConfigChannel
 .text.HAL_TIM_IC_ConfigChannel
                0x080098ec      0x138 ./Drivers/STM32G4xx_HAL_Driver/stm32g4xx_hal_tim.o
                0x080098ec                HAL_TIM_IC_ConfigChannel
 .text.HAL_TIM_ConfigClockSource
                0x08009a24      0x1f4 ./Drivers/STM32G4xx_HAL_Driver/stm32g4xx_hal_tim.o
                0x08009a24                HAL_TIM_ConfigClockSource
 .text.HAL_TIM_SlaveConfigSynchro
                0x08009c18       0x84 ./Drivers/STM32G4xx_HAL_Driver/stm32g4xx_hal_tim.o
                0x08009c18                HAL_TIM_SlaveConfigSynchro
 .text.HAL_TIM_ReadCapturedValue
                0x08009c9c       0x88 ./Drivers/STM32G4xx_HAL_Driver/stm32g4xx_hal_tim.o
                0x08009c9c                HAL_TIM_ReadCapturedValue
 .text.HAL_TIM_OC_DelayElapsedCallback
                0x08009d24       0x14 ./Drivers/STM32G4xx_HAL_Driver/stm32g4xx_hal_tim.o
                0x08009d24                HAL_TIM_OC_DelayElapsedCallback
 .text.HAL_TIM_IC_CaptureHalfCpltCallback
                0x08009d38       0x14 ./Drivers/STM32G4xx_HAL_Driver/stm32g4xx_hal_tim.o
                0x08009d38                HAL_TIM_IC_CaptureHalfCpltCallback
 .text.HAL_TIM_PWM_PulseFinishedCallback
                0x08009d4c       0x14 ./Drivers/STM32G4xx_HAL_Driver/stm32g4xx_hal_tim.o
                0x08009d4c                HAL_TIM_PWM_PulseFinishedCallback
 .text.HAL_TIM_TriggerCallback
                0x08009d60       0x14 ./Drivers/STM32G4xx_HAL_Driver/stm32g4xx_hal_tim.o
                0x08009d60                HAL_TIM_TriggerCallback
 .text.HAL_TIM_ErrorCallback
                0x08009d74       0x14 ./Drivers/STM32G4xx_HAL_Driver/stm32g4xx_hal_tim.o
                0x08009d74                HAL_TIM_ErrorCallback
 .text.TIM_DMAError
                0x08009d88       0x92 ./Drivers/STM32G4xx_HAL_Driver/stm32g4xx_hal_tim.o
                0x08009d88                TIM_DMAError
 .text.TIM_DMACaptureCplt
                0x08009e1a       0xc8 ./Drivers/STM32G4xx_HAL_Driver/stm32g4xx_hal_tim.o
                0x08009e1a                TIM_DMACaptureCplt
 .text.TIM_DMACaptureHalfCplt
                0x08009ee2       0x68 ./Drivers/STM32G4xx_HAL_Driver/stm32g4xx_hal_tim.o
                0x08009ee2                TIM_DMACaptureHalfCplt
 *fill*         0x08009f4a        0x2 
 .text.TIM_Base_SetConfig
                0x08009f4c      0x138 ./Drivers/STM32G4xx_HAL_Driver/stm32g4xx_hal_tim.o
                0x08009f4c                TIM_Base_SetConfig
 .text.TIM_OC1_SetConfig
                0x0800a084      0x120 ./Drivers/STM32G4xx_HAL_Driver/stm32g4xx_hal_tim.o
 .text.TIM_OC2_SetConfig
                0x0800a1a4      0x114 ./Drivers/STM32G4xx_HAL_Driver/stm32g4xx_hal_tim.o
                0x0800a1a4                TIM_OC2_SetConfig
 .text.TIM_OC3_SetConfig
                0x0800a2b8      0x110 ./Drivers/STM32G4xx_HAL_Driver/stm32g4xx_hal_tim.o
 .text.TIM_OC4_SetConfig
                0x0800a3c8      0x114 ./Drivers/STM32G4xx_HAL_Driver/stm32g4xx_hal_tim.o
 .text.TIM_OC5_SetConfig
                0x0800a4dc       0xc8 ./Drivers/STM32G4xx_HAL_Driver/stm32g4xx_hal_tim.o
 .text.TIM_OC6_SetConfig
                0x0800a5a4       0xcc ./Drivers/STM32G4xx_HAL_Driver/stm32g4xx_hal_tim.o
 .text.TIM_SlaveTimer_SetConfig
                0x0800a670      0x188 ./Drivers/STM32G4xx_HAL_Driver/stm32g4xx_hal_tim.o
 .text.TIM_TI1_SetConfig
                0x0800a7f8       0xd0 ./Drivers/STM32G4xx_HAL_Driver/stm32g4xx_hal_tim.o
                0x0800a7f8                TIM_TI1_SetConfig
 .text.TIM_TI1_ConfigInputStage
                0x0800a8c8       0x5e ./Drivers/STM32G4xx_HAL_Driver/stm32g4xx_hal_tim.o
 .text.TIM_TI2_SetConfig
                0x0800a926       0x7a ./Drivers/STM32G4xx_HAL_Driver/stm32g4xx_hal_tim.o
 .text.TIM_TI2_ConfigInputStage
                0x0800a9a0       0x60 ./Drivers/STM32G4xx_HAL_Driver/stm32g4xx_hal_tim.o
 .text.TIM_TI3_SetConfig
                0x0800aa00       0x78 ./Drivers/STM32G4xx_HAL_Driver/stm32g4xx_hal_tim.o
 .text.TIM_TI4_SetConfig
                0x0800aa78       0x7a ./Drivers/STM32G4xx_HAL_Driver/stm32g4xx_hal_tim.o
 .text.TIM_ITRx_SetConfig
                0x0800aaf2       0x3a ./Drivers/STM32G4xx_HAL_Driver/stm32g4xx_hal_tim.o
 .text.TIM_ETR_SetConfig
                0x0800ab2c       0x40 ./Drivers/STM32G4xx_HAL_Driver/stm32g4xx_hal_tim.o
                0x0800ab2c                TIM_ETR_SetConfig
 .text.TIM_CCxChannelCmd
                0x0800ab6c       0x4a ./Drivers/STM32G4xx_HAL_Driver/stm32g4xx_hal_tim.o
                0x0800ab6c                TIM_CCxChannelCmd
 *fill*         0x0800abb6        0x2 
 .text.HAL_TIMEx_MasterConfigSynchronization
                0x0800abb8      0x104 ./Drivers/STM32G4xx_HAL_Driver/stm32g4xx_hal_tim_ex.o
                0x0800abb8                HAL_TIMEx_MasterConfigSynchronization
 .text.HAL_TIMEx_CommutCallback
                0x0800acbc       0x14 ./Drivers/STM32G4xx_HAL_Driver/stm32g4xx_hal_tim_ex.o
                0x0800acbc                HAL_TIMEx_CommutCallback
 .text.HAL_TIMEx_BreakCallback
                0x0800acd0       0x14 ./Drivers/STM32G4xx_HAL_Driver/stm32g4xx_hal_tim_ex.o
                0x0800acd0                HAL_TIMEx_BreakCallback
 .text.HAL_TIMEx_Break2Callback
                0x0800ace4       0x14 ./Drivers/STM32G4xx_HAL_Driver/stm32g4xx_hal_tim_ex.o
                0x0800ace4                HAL_TIMEx_Break2Callback
 .text.HAL_TIMEx_EncoderIndexCallback
                0x0800acf8       0x14 ./Drivers/STM32G4xx_HAL_Driver/stm32g4xx_hal_tim_ex.o
                0x0800acf8                HAL_TIMEx_EncoderIndexCallback
 .text.HAL_TIMEx_DirectionChangeCallback
                0x0800ad0c       0x14 ./Drivers/STM32G4xx_HAL_Driver/stm32g4xx_hal_tim_ex.o
                0x0800ad0c                HAL_TIMEx_DirectionChangeCallback
 .text.HAL_TIMEx_IndexErrorCallback
                0x0800ad20       0x14 ./Drivers/STM32G4xx_HAL_Driver/stm32g4xx_hal_tim_ex.o
                0x0800ad20                HAL_TIMEx_IndexErrorCallback
 .text.HAL_TIMEx_TransitionErrorCallback
                0x0800ad34       0x14 ./Drivers/STM32G4xx_HAL_Driver/stm32g4xx_hal_tim_ex.o
                0x0800ad34                HAL_TIMEx_TransitionErrorCallback
 .text.HAL_UART_Init
                0x0800ad48       0xa0 ./Drivers/STM32G4xx_HAL_Driver/stm32g4xx_hal_uart.o
                0x0800ad48                HAL_UART_Init
 .text.HAL_UART_Transmit_DMA
                0x0800ade8      0x100 ./Drivers/STM32G4xx_HAL_Driver/stm32g4xx_hal_uart.o
                0x0800ade8                HAL_UART_Transmit_DMA
 .text.HAL_UART_TxCpltCallback
                0x0800aee8       0x14 ./Drivers/STM32G4xx_HAL_Driver/stm32g4xx_hal_uart.o
                0x0800aee8                HAL_UART_TxCpltCallback
 .text.HAL_UART_TxHalfCpltCallback
                0x0800aefc       0x14 ./Drivers/STM32G4xx_HAL_Driver/stm32g4xx_hal_uart.o
                0x0800aefc                HAL_UART_TxHalfCpltCallback
 .text.HAL_UART_ErrorCallback
                0x0800af10       0x14 ./Drivers/STM32G4xx_HAL_Driver/stm32g4xx_hal_uart.o
                0x0800af10                HAL_UART_ErrorCallback
 .text.HAL_UARTEx_RxEventCallback
                0x0800af24       0x18 ./Drivers/STM32G4xx_HAL_Driver/stm32g4xx_hal_uart.o
                0x0800af24                HAL_UARTEx_RxEventCallback
 .text.UART_SetConfig
                0x0800af3c      0x598 ./Drivers/STM32G4xx_HAL_Driver/stm32g4xx_hal_uart.o
                0x0800af3c                UART_SetConfig
 .text.UART_AdvFeatureConfig
                0x0800b4d4      0x144 ./Drivers/STM32G4xx_HAL_Driver/stm32g4xx_hal_uart.o
                0x0800b4d4                UART_AdvFeatureConfig
 .text.UART_CheckIdleState
                0x0800b618      0x154 ./Drivers/STM32G4xx_HAL_Driver/stm32g4xx_hal_uart.o
                0x0800b618                UART_CheckIdleState
 .text.UART_WaitOnFlagUntilTimeout
                0x0800b76c       0xda ./Drivers/STM32G4xx_HAL_Driver/stm32g4xx_hal_uart.o
                0x0800b76c                UART_WaitOnFlagUntilTimeout
 *fill*         0x0800b846        0x2 
 .text.UART_Start_Receive_DMA
                0x0800b848      0x14c ./Drivers/STM32G4xx_HAL_Driver/stm32g4xx_hal_uart.o
                0x0800b848                UART_Start_Receive_DMA
 .text.UART_EndTxTransfer
                0x0800b994       0x82 ./Drivers/STM32G4xx_HAL_Driver/stm32g4xx_hal_uart.o
 .text.UART_EndRxTransfer
                0x0800ba16       0xcc ./Drivers/STM32G4xx_HAL_Driver/stm32g4xx_hal_uart.o
 .text.UART_DMATransmitCplt
                0x0800bae2       0x9a ./Drivers/STM32G4xx_HAL_Driver/stm32g4xx_hal_uart.o
 .text.UART_DMATxHalfCplt
                0x0800bb7c       0x1c ./Drivers/STM32G4xx_HAL_Driver/stm32g4xx_hal_uart.o
 .text.UART_DMAReceiveCplt
                0x0800bb98      0x12c ./Drivers/STM32G4xx_HAL_Driver/stm32g4xx_hal_uart.o
 .text.UART_DMARxHalfCplt
                0x0800bcc4       0x3e ./Drivers/STM32G4xx_HAL_Driver/stm32g4xx_hal_uart.o
 .text.UART_DMAError
                0x0800bd02       0x80 ./Drivers/STM32G4xx_HAL_Driver/stm32g4xx_hal_uart.o
 .text.HAL_UARTEx_DisableFifoMode
                0x0800bd82       0x72 ./Drivers/STM32G4xx_HAL_Driver/stm32g4xx_hal_uart_ex.o
                0x0800bd82                HAL_UARTEx_DisableFifoMode
 .text.HAL_UARTEx_SetTxFifoThreshold
                0x0800bdf4       0x7c ./Drivers/STM32G4xx_HAL_Driver/stm32g4xx_hal_uart_ex.o
                0x0800bdf4                HAL_UARTEx_SetTxFifoThreshold
 .text.HAL_UARTEx_SetRxFifoThreshold
                0x0800be70       0x7c ./Drivers/STM32G4xx_HAL_Driver/stm32g4xx_hal_uart_ex.o
                0x0800be70                HAL_UARTEx_SetRxFifoThreshold
 .text.HAL_UARTEx_ReceiveToIdle_DMA
                0x0800beec       0xa8 ./Drivers/STM32G4xx_HAL_Driver/stm32g4xx_hal_uart_ex.o
                0x0800beec                HAL_UARTEx_ReceiveToIdle_DMA
 .text.UARTEx_SetNbDataToProcess
                0x0800bf94       0x9c ./Drivers/STM32G4xx_HAL_Driver/stm32g4xx_hal_uart_ex.o
 .text.__NVIC_SetPriority
                0x0800c030       0x54 ./Middlewares/FreeRTOS/cmsis_os2.o
 .text.SysTick_Handler
                0x0800c084       0x20 ./Middlewares/FreeRTOS/cmsis_os2.o
                0x0800c084                SysTick_Handler
 .text.SVC_Setup
                0x0800c0a4       0x12 ./Middlewares/FreeRTOS/cmsis_os2.o
 *fill*         0x0800c0b6        0x2 
 .text.osKernelInitialize
                0x0800c0b8       0x48 ./Middlewares/FreeRTOS/cmsis_os2.o
                0x0800c0b8                osKernelInitialize
 .text.osKernelStart
                0x0800c100       0x4c ./Middlewares/FreeRTOS/cmsis_os2.o
                0x0800c100                osKernelStart
 .text.osThreadNew
                0x0800c14c      0x126 ./Middlewares/FreeRTOS/cmsis_os2.o
                0x0800c14c                osThreadNew
 .text.osDelay  0x0800c272       0x36 ./Middlewares/FreeRTOS/cmsis_os2.o
                0x0800c272                osDelay
 .text.osMutexNew
                0x0800c2a8      0x10c ./Middlewares/FreeRTOS/cmsis_os2.o
                0x0800c2a8                osMutexNew
 .text.osMutexAcquire
                0x0800c3b4       0x96 ./Middlewares/FreeRTOS/cmsis_os2.o
                0x0800c3b4                osMutexAcquire
 .text.osMutexRelease
                0x0800c44a       0x7a ./Middlewares/FreeRTOS/cmsis_os2.o
                0x0800c44a                osMutexRelease
 .text.osSemaphoreNew
                0x0800c4c4      0x112 ./Middlewares/FreeRTOS/cmsis_os2.o
                0x0800c4c4                osSemaphoreNew
 *fill*         0x0800c5d6        0x2 
 .text.vApplicationGetIdleTaskMemory
                0x0800c5d8       0x34 ./Middlewares/FreeRTOS/cmsis_os2.o
                0x0800c5d8                vApplicationGetIdleTaskMemory
 .text.vApplicationGetTimerTaskMemory
                0x0800c60c       0x34 ./Middlewares/FreeRTOS/cmsis_os2.o
                0x0800c60c                vApplicationGetTimerTaskMemory
 .text.pvPortMalloc
                0x0800c640      0x19c ./Middlewares/FreeRTOS/heap_4.o
                0x0800c640                pvPortMalloc
 .text.vPortFree
                0x0800c7dc       0xc8 ./Middlewares/FreeRTOS/heap_4.o
                0x0800c7dc                vPortFree
 .text.prvHeapInit
                0x0800c8a4       0xc4 ./Middlewares/FreeRTOS/heap_4.o
 .text.prvInsertBlockIntoFreeList
                0x0800c968       0xb4 ./Middlewares/FreeRTOS/heap_4.o
 .text.vListInitialise
                0x0800ca1c       0x40 ./Middlewares/FreeRTOS/list.o
                0x0800ca1c                vListInitialise
 .text.vListInitialiseItem
                0x0800ca5c       0x1a ./Middlewares/FreeRTOS/list.o
                0x0800ca5c                vListInitialiseItem
 .text.vListInsertEnd
                0x0800ca76       0x48 ./Middlewares/FreeRTOS/list.o
                0x0800ca76                vListInsertEnd
 .text.vListInsert
                0x0800cabe       0x72 ./Middlewares/FreeRTOS/list.o
                0x0800cabe                vListInsert
 .text.uxListRemove
                0x0800cb30       0x54 ./Middlewares/FreeRTOS/list.o
                0x0800cb30                uxListRemove
 .text.pxPortInitialiseStack
                0x0800cb84       0x68 ./Middlewares/FreeRTOS/port.o
                0x0800cb84                pxPortInitialiseStack
 .text.prvTaskExitError
                0x0800cbec       0x5c ./Middlewares/FreeRTOS/port.o
 *fill*         0x0800cc48        0x8 
 .text.SVC_Handler
                0x0800cc50       0x28 ./Middlewares/FreeRTOS/port.o
                0x0800cc50                SVC_Handler
 .text.prvPortStartFirstTask
                0x0800cc78       0x28 ./Middlewares/FreeRTOS/port.o
 .text.xPortStartScheduler
                0x0800cca0      0x148 ./Middlewares/FreeRTOS/port.o
                0x0800cca0                xPortStartScheduler
 .text.vPortEnterCritical
                0x0800cde8       0x64 ./Middlewares/FreeRTOS/port.o
                0x0800cde8                vPortEnterCritical
 .text.vPortExitCritical
                0x0800ce4c       0x54 ./Middlewares/FreeRTOS/port.o
                0x0800ce4c                vPortExitCritical
 .text.PendSV_Handler
                0x0800cea0       0x68 ./Middlewares/FreeRTOS/port.o
                0x0800cea0                PendSV_Handler
 .text.xPortSysTickHandler
                0x0800cf08       0x44 ./Middlewares/FreeRTOS/port.o
                0x0800cf08                xPortSysTickHandler
 .text.vPortSetupTimerInterrupt
                0x0800cf4c       0x48 ./Middlewares/FreeRTOS/port.o
                0x0800cf4c                vPortSetupTimerInterrupt
 .text.vPortEnableVFP
                0x0800cf94       0x14 ./Middlewares/FreeRTOS/port.o
 .text.vPortValidateInterruptPriority
                0x0800cfa8       0x84 ./Middlewares/FreeRTOS/port.o
                0x0800cfa8                vPortValidateInterruptPriority
 .text.xQueueGenericReset
                0x0800d02c       0xd4 ./Middlewares/FreeRTOS/queue.o
                0x0800d02c                xQueueGenericReset
 .text.xQueueGenericCreateStatic
                0x0800d100       0xfa ./Middlewares/FreeRTOS/queue.o
                0x0800d100                xQueueGenericCreateStatic
 .text.xQueueGenericCreate
                0x0800d1fa       0x76 ./Middlewares/FreeRTOS/queue.o
                0x0800d1fa                xQueueGenericCreate
 .text.prvInitialiseNewQueue
                0x0800d270       0x46 ./Middlewares/FreeRTOS/queue.o
 .text.prvInitialiseMutex
                0x0800d2b6       0x34 ./Middlewares/FreeRTOS/queue.o
 .text.xQueueCreateMutex
                0x0800d2ea       0x30 ./Middlewares/FreeRTOS/queue.o
                0x0800d2ea                xQueueCreateMutex
 .text.xQueueCreateMutexStatic
                0x0800d31a       0x36 ./Middlewares/FreeRTOS/queue.o
                0x0800d31a                xQueueCreateMutexStatic
 .text.xQueueGiveMutexRecursive
                0x0800d350       0x6a ./Middlewares/FreeRTOS/queue.o
                0x0800d350                xQueueGiveMutexRecursive
 .text.xQueueTakeMutexRecursive
                0x0800d3ba       0x6e ./Middlewares/FreeRTOS/queue.o
                0x0800d3ba                xQueueTakeMutexRecursive
 .text.xQueueCreateCountingSemaphoreStatic
                0x0800d428       0x72 ./Middlewares/FreeRTOS/queue.o
                0x0800d428                xQueueCreateCountingSemaphoreStatic
 .text.xQueueCreateCountingSemaphore
                0x0800d49a       0x6a ./Middlewares/FreeRTOS/queue.o
                0x0800d49a                xQueueCreateCountingSemaphore
 .text.xQueueGenericSend
                0x0800d504      0x204 ./Middlewares/FreeRTOS/queue.o
                0x0800d504                xQueueGenericSend
 .text.xQueueGenericSendFromISR
                0x0800d708      0x13c ./Middlewares/FreeRTOS/queue.o
                0x0800d708                xQueueGenericSendFromISR
 .text.xQueueReceive
                0x0800d844      0x1c4 ./Middlewares/FreeRTOS/queue.o
                0x0800d844                xQueueReceive
 .text.xQueueSemaphoreTake
                0x0800da08      0x220 ./Middlewares/FreeRTOS/queue.o
                0x0800da08                xQueueSemaphoreTake
 .text.vQueueDelete
                0x0800dc28       0x48 ./Middlewares/FreeRTOS/queue.o
                0x0800dc28                vQueueDelete
 .text.prvGetDisinheritPriorityAfterTimeout
                0x0800dc70       0x30 ./Middlewares/FreeRTOS/queue.o
 .text.prvCopyDataToQueue
                0x0800dca0       0xd4 ./Middlewares/FreeRTOS/queue.o
 .text.prvCopyDataFromQueue
                0x0800dd74       0x4c ./Middlewares/FreeRTOS/queue.o
 .text.prvUnlockQueue
                0x0800ddc0       0xa4 ./Middlewares/FreeRTOS/queue.o
 .text.prvIsQueueEmpty
                0x0800de64       0x2c ./Middlewares/FreeRTOS/queue.o
 .text.prvIsQueueFull
                0x0800de90       0x30 ./Middlewares/FreeRTOS/queue.o
 .text.vQueueAddToRegistry
                0x0800dec0       0x54 ./Middlewares/FreeRTOS/queue.o
                0x0800dec0                vQueueAddToRegistry
 .text.vQueueUnregisterQueue
                0x0800df14       0x54 ./Middlewares/FreeRTOS/queue.o
                0x0800df14                vQueueUnregisterQueue
 .text.vQueueWaitForMessageRestricted
                0x0800df68       0x68 ./Middlewares/FreeRTOS/queue.o
                0x0800df68                vQueueWaitForMessageRestricted
 .text.xTaskCreateStatic
                0x0800dfd0       0xc4 ./Middlewares/FreeRTOS/tasks.o
                0x0800dfd0                xTaskCreateStatic
 .text.xTaskCreate
                0x0800e094       0x8c ./Middlewares/FreeRTOS/tasks.o
                0x0800e094                xTaskCreate
 .text.prvInitialiseNewTask
                0x0800e120      0x1a0 ./Middlewares/FreeRTOS/tasks.o
 .text.prvAddNewTaskToReadyList
                0x0800e2c0       0xe0 ./Middlewares/FreeRTOS/tasks.o
 .text.vTaskDelay
                0x0800e3a0       0x6c ./Middlewares/FreeRTOS/tasks.o
                0x0800e3a0                vTaskDelay
 .text.vTaskStartScheduler
                0x0800e40c       0xe0 ./Middlewares/FreeRTOS/tasks.o
                0x0800e40c                vTaskStartScheduler
 .text.vTaskSuspendAll
                0x0800e4ec       0x1c ./Middlewares/FreeRTOS/tasks.o
                0x0800e4ec                vTaskSuspendAll
 .text.xTaskResumeAll
                0x0800e508      0x13c ./Middlewares/FreeRTOS/tasks.o
                0x0800e508                xTaskResumeAll
 .text.xTaskGetTickCount
                0x0800e644       0x20 ./Middlewares/FreeRTOS/tasks.o
                0x0800e644                xTaskGetTickCount
 .text.xTaskIncrementTick
                0x0800e664      0x174 ./Middlewares/FreeRTOS/tasks.o
                0x0800e664                xTaskIncrementTick
 .text.vTaskSwitchContext
                0x0800e7d8       0xcc ./Middlewares/FreeRTOS/tasks.o
                0x0800e7d8                vTaskSwitchContext
 .text.vTaskPlaceOnEventList
                0x0800e8a4       0x4c ./Middlewares/FreeRTOS/tasks.o
                0x0800e8a4                vTaskPlaceOnEventList
 .text.vTaskPlaceOnEventListRestricted
                0x0800e8f0       0x58 ./Middlewares/FreeRTOS/tasks.o
                0x0800e8f0                vTaskPlaceOnEventListRestricted
 .text.xTaskRemoveFromEventList
                0x0800e948       0xc8 ./Middlewares/FreeRTOS/tasks.o
                0x0800e948                xTaskRemoveFromEventList
 .text.vTaskInternalSetTimeOutState
                0x0800ea10       0x2c ./Middlewares/FreeRTOS/tasks.o
                0x0800ea10                vTaskInternalSetTimeOutState
 .text.xTaskCheckForTimeOut
                0x0800ea3c       0xc8 ./Middlewares/FreeRTOS/tasks.o
                0x0800ea3c                xTaskCheckForTimeOut
 .text.vTaskMissedYield
                0x0800eb04       0x18 ./Middlewares/FreeRTOS/tasks.o
                0x0800eb04                vTaskMissedYield
 .text.prvIdleTask
                0x0800eb1c       0x30 ./Middlewares/FreeRTOS/tasks.o
 .text.prvInitialiseTaskLists
                0x0800eb4c       0x80 ./Middlewares/FreeRTOS/tasks.o
 .text.prvCheckTasksWaitingTermination
                0x0800ebcc       0x5c ./Middlewares/FreeRTOS/tasks.o
 .text.prvDeleteTCB
                0x0800ec28       0x6a ./Middlewares/FreeRTOS/tasks.o
 *fill*         0x0800ec92        0x2 
 .text.prvResetNextTaskUnblockTime
                0x0800ec94       0x40 ./Middlewares/FreeRTOS/tasks.o
 .text.xTaskGetCurrentTaskHandle
                0x0800ecd4       0x20 ./Middlewares/FreeRTOS/tasks.o
                0x0800ecd4                xTaskGetCurrentTaskHandle
 .text.xTaskGetSchedulerState
                0x0800ecf4       0x3c ./Middlewares/FreeRTOS/tasks.o
                0x0800ecf4                xTaskGetSchedulerState
 .text.xTaskPriorityInherit
                0x0800ed30       0xd0 ./Middlewares/FreeRTOS/tasks.o
                0x0800ed30                xTaskPriorityInherit
 .text.xTaskPriorityDisinherit
                0x0800ee00       0xe0 ./Middlewares/FreeRTOS/tasks.o
                0x0800ee00                xTaskPriorityDisinherit
 .text.vTaskPriorityDisinheritAfterTimeout
                0x0800eee0      0x108 ./Middlewares/FreeRTOS/tasks.o
                0x0800eee0                vTaskPriorityDisinheritAfterTimeout
 .text.pvTaskIncrementMutexHeldCount
                0x0800efe8       0x28 ./Middlewares/FreeRTOS/tasks.o
                0x0800efe8                pvTaskIncrementMutexHeldCount
 .text.prvAddCurrentTaskToDelayedList
                0x0800f010       0xa8 ./Middlewares/FreeRTOS/tasks.o
 .text.xTimerCreateTimerTask
                0x0800f0b8       0x94 ./Middlewares/FreeRTOS/timers.o
                0x0800f0b8                xTimerCreateTimerTask
 .text.xTimerGenericCommand
                0x0800f14c       0x9c ./Middlewares/FreeRTOS/timers.o
                0x0800f14c                xTimerGenericCommand
 .text.prvProcessExpiredTimer
                0x0800f1e8       0x9c ./Middlewares/FreeRTOS/timers.o
 .text.prvTimerTask
                0x0800f284       0x26 ./Middlewares/FreeRTOS/timers.o
 *fill*         0x0800f2aa        0x2 
 .text.prvProcessTimerOrBlockTask
                0x0800f2ac       0x9c ./Middlewares/FreeRTOS/timers.o
 .text.prvGetNextExpireTime
                0x0800f348       0x48 ./Middlewares/FreeRTOS/timers.o
 .text.prvSampleTimeNow
                0x0800f390       0x40 ./Middlewares/FreeRTOS/timers.o
 .text.prvInsertTimerInActiveList
                0x0800f3d0       0x84 ./Middlewares/FreeRTOS/timers.o
 .text.prvProcessReceivedCommands
                0x0800f454      0x1cc ./Middlewares/FreeRTOS/timers.o
 .text.prvSwitchTimerLists
                0x0800f620       0xcc ./Middlewares/FreeRTOS/timers.o
 .text.prvCheckForValidListAndQueue
                0x0800f6ec       0x80 ./Middlewares/FreeRTOS/timers.o
 .text.malloc   0x0800f76c       0x10 C:/ST/STM32CubeIDE_1.16.0/STM32CubeIDE/plugins/com.st.stm32cube.ide.mcu.externaltools.gnu-tools-for-stm32.12.3.rel1.win32_1.1.0.202410251130/tools/bin/../lib/gcc/arm-none-eabi/12.3.1/../../../../arm-none-eabi/lib/thumb/v7e-m+fp/hard\libc.a(libc_a-malloc.o)
                0x0800f76c                malloc
 .text._malloc_r
                0x0800f77c      0x474 C:/ST/STM32CubeIDE_1.16.0/STM32CubeIDE/plugins/com.st.stm32cube.ide.mcu.externaltools.gnu-tools-for-stm32.12.3.rel1.win32_1.1.0.202410251130/tools/bin/../lib/gcc/arm-none-eabi/12.3.1/../../../../arm-none-eabi/lib/thumb/v7e-m+fp/hard\libc.a(libc_a-mallocr.o)
                0x0800f77c                _malloc_r
 .text.__malloc_lock
                0x0800fbf0        0xc C:/ST/STM32CubeIDE_1.16.0/STM32CubeIDE/plugins/com.st.stm32cube.ide.mcu.externaltools.gnu-tools-for-stm32.12.3.rel1.win32_1.1.0.202410251130/tools/bin/../lib/gcc/arm-none-eabi/12.3.1/../../../../arm-none-eabi/lib/thumb/v7e-m+fp/hard\libc.a(libc_a-mlock.o)
                0x0800fbf0                __malloc_lock
 .text.__malloc_unlock
                0x0800fbfc        0xc C:/ST/STM32CubeIDE_1.16.0/STM32CubeIDE/plugins/com.st.stm32cube.ide.mcu.externaltools.gnu-tools-for-stm32.12.3.rel1.win32_1.1.0.202410251130/tools/bin/../lib/gcc/arm-none-eabi/12.3.1/../../../../arm-none-eabi/lib/thumb/v7e-m+fp/hard\libc.a(libc_a-mlock.o)
                0x0800fbfc                __malloc_unlock
 .text.std      0x0800fc08       0x6c C:/ST/STM32CubeIDE_1.16.0/STM32CubeIDE/plugins/com.st.stm32cube.ide.mcu.externaltools.gnu-tools-for-stm32.12.3.rel1.win32_1.1.0.202410251130/tools/bin/../lib/gcc/arm-none-eabi/12.3.1/../../../../arm-none-eabi/lib/thumb/v7e-m+fp/hard\libc.a(libc_a-findfp.o)
 .text.stdio_exit_handler
                0x0800fc74       0x18 C:/ST/STM32CubeIDE_1.16.0/STM32CubeIDE/plugins/com.st.stm32cube.ide.mcu.externaltools.gnu-tools-for-stm32.12.3.rel1.win32_1.1.0.202410251130/tools/bin/../lib/gcc/arm-none-eabi/12.3.1/../../../../arm-none-eabi/lib/thumb/v7e-m+fp/hard\libc.a(libc_a-findfp.o)
 .text.cleanup_stdio
                0x0800fc8c       0x40 C:/ST/STM32CubeIDE_1.16.0/STM32CubeIDE/plugins/com.st.stm32cube.ide.mcu.externaltools.gnu-tools-for-stm32.12.3.rel1.win32_1.1.0.202410251130/tools/bin/../lib/gcc/arm-none-eabi/12.3.1/../../../../arm-none-eabi/lib/thumb/v7e-m+fp/hard\libc.a(libc_a-findfp.o)
 .text.global_stdio_init.part.0
                0x0800fccc       0x3c C:/ST/STM32CubeIDE_1.16.0/STM32CubeIDE/plugins/com.st.stm32cube.ide.mcu.externaltools.gnu-tools-for-stm32.12.3.rel1.win32_1.1.0.202410251130/tools/bin/../lib/gcc/arm-none-eabi/12.3.1/../../../../arm-none-eabi/lib/thumb/v7e-m+fp/hard\libc.a(libc_a-findfp.o)
 .text.__sfp_lock_acquire
                0x0800fd08        0xc C:/ST/STM32CubeIDE_1.16.0/STM32CubeIDE/plugins/com.st.stm32cube.ide.mcu.externaltools.gnu-tools-for-stm32.12.3.rel1.win32_1.1.0.202410251130/tools/bin/../lib/gcc/arm-none-eabi/12.3.1/../../../../arm-none-eabi/lib/thumb/v7e-m+fp/hard\libc.a(libc_a-findfp.o)
                0x0800fd08                __sfp_lock_acquire
 .text.__sfp_lock_release
                0x0800fd14        0xc C:/ST/STM32CubeIDE_1.16.0/STM32CubeIDE/plugins/com.st.stm32cube.ide.mcu.externaltools.gnu-tools-for-stm32.12.3.rel1.win32_1.1.0.202410251130/tools/bin/../lib/gcc/arm-none-eabi/12.3.1/../../../../arm-none-eabi/lib/thumb/v7e-m+fp/hard\libc.a(libc_a-findfp.o)
                0x0800fd14                __sfp_lock_release
 .text.__sinit  0x0800fd20       0x30 C:/ST/STM32CubeIDE_1.16.0/STM32CubeIDE/plugins/com.st.stm32cube.ide.mcu.externaltools.gnu-tools-for-stm32.12.3.rel1.win32_1.1.0.202410251130/tools/bin/../lib/gcc/arm-none-eabi/12.3.1/../../../../arm-none-eabi/lib/thumb/v7e-m+fp/hard\libc.a(libc_a-findfp.o)
                0x0800fd20                __sinit
 .text._fwalk_sglue
                0x0800fd50       0x3c C:/ST/STM32CubeIDE_1.16.0/STM32CubeIDE/plugins/com.st.stm32cube.ide.mcu.externaltools.gnu-tools-for-stm32.12.3.rel1.win32_1.1.0.202410251130/tools/bin/../lib/gcc/arm-none-eabi/12.3.1/../../../../arm-none-eabi/lib/thumb/v7e-m+fp/hard\libc.a(libc_a-fwalk.o)
                0x0800fd50                _fwalk_sglue
 .text._puts_r  0x0800fd8c       0x8c C:/ST/STM32CubeIDE_1.16.0/STM32CubeIDE/plugins/com.st.stm32cube.ide.mcu.externaltools.gnu-tools-for-stm32.12.3.rel1.win32_1.1.0.202410251130/tools/bin/../lib/gcc/arm-none-eabi/12.3.1/../../../../arm-none-eabi/lib/thumb/v7e-m+fp/hard\libc.a(libc_a-puts.o)
                0x0800fd8c                _puts_r
 .text.puts     0x0800fe18       0x10 C:/ST/STM32CubeIDE_1.16.0/STM32CubeIDE/plugins/com.st.stm32cube.ide.mcu.externaltools.gnu-tools-for-stm32.12.3.rel1.win32_1.1.0.202410251130/tools/bin/../lib/gcc/arm-none-eabi/12.3.1/../../../../arm-none-eabi/lib/thumb/v7e-m+fp/hard\libc.a(libc_a-puts.o)
                0x0800fe18                puts
 .text.setvbuf  0x0800fe28      0x174 C:/ST/STM32CubeIDE_1.16.0/STM32CubeIDE/plugins/com.st.stm32cube.ide.mcu.externaltools.gnu-tools-for-stm32.12.3.rel1.win32_1.1.0.202410251130/tools/bin/../lib/gcc/arm-none-eabi/12.3.1/../../../../arm-none-eabi/lib/thumb/v7e-m+fp/hard\libc.a(libc_a-setvbuf.o)
                0x0800fe28                setvbuf
 .text.sprintf  0x0800ff9c       0x40 C:/ST/STM32CubeIDE_1.16.0/STM32CubeIDE/plugins/com.st.stm32cube.ide.mcu.externaltools.gnu-tools-for-stm32.12.3.rel1.win32_1.1.0.202410251130/tools/bin/../lib/gcc/arm-none-eabi/12.3.1/../../../../arm-none-eabi/lib/thumb/v7e-m+fp/hard\libc.a(libc_a-sprintf.o)
                0x0800ff9c                sprintf
 .text.__sread  0x0800ffdc       0x22 C:/ST/STM32CubeIDE_1.16.0/STM32CubeIDE/plugins/com.st.stm32cube.ide.mcu.externaltools.gnu-tools-for-stm32.12.3.rel1.win32_1.1.0.202410251130/tools/bin/../lib/gcc/arm-none-eabi/12.3.1/../../../../arm-none-eabi/lib/thumb/v7e-m+fp/hard\libc.a(libc_a-stdio.o)
                0x0800ffdc                __sread
 .text.__swrite
                0x0800fffe       0x38 C:/ST/STM32CubeIDE_1.16.0/STM32CubeIDE/plugins/com.st.stm32cube.ide.mcu.externaltools.gnu-tools-for-stm32.12.3.rel1.win32_1.1.0.202410251130/tools/bin/../lib/gcc/arm-none-eabi/12.3.1/../../../../arm-none-eabi/lib/thumb/v7e-m+fp/hard\libc.a(libc_a-stdio.o)
                0x0800fffe                __swrite
 .text.__sseek  0x08010036       0x24 C:/ST/STM32CubeIDE_1.16.0/STM32CubeIDE/plugins/com.st.stm32cube.ide.mcu.externaltools.gnu-tools-for-stm32.12.3.rel1.win32_1.1.0.202410251130/tools/bin/../lib/gcc/arm-none-eabi/12.3.1/../../../../arm-none-eabi/lib/thumb/v7e-m+fp/hard\libc.a(libc_a-stdio.o)
                0x08010036                __sseek
 .text.__sclose
                0x0801005a        0x8 C:/ST/STM32CubeIDE_1.16.0/STM32CubeIDE/plugins/com.st.stm32cube.ide.mcu.externaltools.gnu-tools-for-stm32.12.3.rel1.win32_1.1.0.202410251130/tools/bin/../lib/gcc/arm-none-eabi/12.3.1/../../../../arm-none-eabi/lib/thumb/v7e-m+fp/hard\libc.a(libc_a-stdio.o)
                0x0801005a                __sclose
 .text.memset   0x08010062       0x10 C:/ST/STM32CubeIDE_1.16.0/STM32CubeIDE/plugins/com.st.stm32cube.ide.mcu.externaltools.gnu-tools-for-stm32.12.3.rel1.win32_1.1.0.202410251130/tools/bin/../lib/gcc/arm-none-eabi/12.3.1/../../../../arm-none-eabi/lib/thumb/v7e-m+fp/hard\libc.a(libc_a-memset.o)
                0x08010062                memset
 *fill*         0x08010072        0x2 
 .text._close_r
                0x08010074       0x20 C:/ST/STM32CubeIDE_1.16.0/STM32CubeIDE/plugins/com.st.stm32cube.ide.mcu.externaltools.gnu-tools-for-stm32.12.3.rel1.win32_1.1.0.202410251130/tools/bin/../lib/gcc/arm-none-eabi/12.3.1/../../../../arm-none-eabi/lib/thumb/v7e-m+fp/hard\libc.a(libc_a-closer.o)
                0x08010074                _close_r
 .text._reclaim_reent
                0x08010094       0x58 C:/ST/STM32CubeIDE_1.16.0/STM32CubeIDE/plugins/com.st.stm32cube.ide.mcu.externaltools.gnu-tools-for-stm32.12.3.rel1.win32_1.1.0.202410251130/tools/bin/../lib/gcc/arm-none-eabi/12.3.1/../../../../arm-none-eabi/lib/thumb/v7e-m+fp/hard\libc.a(libc_a-reent.o)
                0x08010094                _reclaim_reent
 .text._lseek_r
                0x080100ec       0x24 C:/ST/STM32CubeIDE_1.16.0/STM32CubeIDE/plugins/com.st.stm32cube.ide.mcu.externaltools.gnu-tools-for-stm32.12.3.rel1.win32_1.1.0.202410251130/tools/bin/../lib/gcc/arm-none-eabi/12.3.1/../../../../arm-none-eabi/lib/thumb/v7e-m+fp/hard\libc.a(libc_a-lseekr.o)
                0x080100ec                _lseek_r
 .text._read_r  0x08010110       0x24 C:/ST/STM32CubeIDE_1.16.0/STM32CubeIDE/plugins/com.st.stm32cube.ide.mcu.externaltools.gnu-tools-for-stm32.12.3.rel1.win32_1.1.0.202410251130/tools/bin/../lib/gcc/arm-none-eabi/12.3.1/../../../../arm-none-eabi/lib/thumb/v7e-m+fp/hard\libc.a(libc_a-readr.o)
                0x08010110                _read_r
 .text._sbrk_r  0x08010134       0x20 C:/ST/STM32CubeIDE_1.16.0/STM32CubeIDE/plugins/com.st.stm32cube.ide.mcu.externaltools.gnu-tools-for-stm32.12.3.rel1.win32_1.1.0.202410251130/tools/bin/../lib/gcc/arm-none-eabi/12.3.1/../../../../arm-none-eabi/lib/thumb/v7e-m+fp/hard\libc.a(libc_a-sbrkr.o)
                0x08010134                _sbrk_r
 .text._write_r
                0x08010154       0x24 C:/ST/STM32CubeIDE_1.16.0/STM32CubeIDE/plugins/com.st.stm32cube.ide.mcu.externaltools.gnu-tools-for-stm32.12.3.rel1.win32_1.1.0.202410251130/tools/bin/../lib/gcc/arm-none-eabi/12.3.1/../../../../arm-none-eabi/lib/thumb/v7e-m+fp/hard\libc.a(libc_a-writer.o)
                0x08010154                _write_r
 .text.__errno  0x08010178        0xc C:/ST/STM32CubeIDE_1.16.0/STM32CubeIDE/plugins/com.st.stm32cube.ide.mcu.externaltools.gnu-tools-for-stm32.12.3.rel1.win32_1.1.0.202410251130/tools/bin/../lib/gcc/arm-none-eabi/12.3.1/../../../../arm-none-eabi/lib/thumb/v7e-m+fp/hard\libc.a(libc_a-errno.o)
                0x08010178                __errno
 .text.__libc_init_array
                0x08010184       0x48 C:/ST/STM32CubeIDE_1.16.0/STM32CubeIDE/plugins/com.st.stm32cube.ide.mcu.externaltools.gnu-tools-for-stm32.12.3.rel1.win32_1.1.0.202410251130/tools/bin/../lib/gcc/arm-none-eabi/12.3.1/../../../../arm-none-eabi/lib/thumb/v7e-m+fp/hard\libc.a(libc_a-init.o)
                0x08010184                __libc_init_array
 .text.__retarget_lock_init_recursive
                0x080101cc        0x2 C:/ST/STM32CubeIDE_1.16.0/STM32CubeIDE/plugins/com.st.stm32cube.ide.mcu.externaltools.gnu-tools-for-stm32.12.3.rel1.win32_1.1.0.202410251130/tools/bin/../lib/gcc/arm-none-eabi/12.3.1/../../../../arm-none-eabi/lib/thumb/v7e-m+fp/hard\libc.a(libc_a-lock.o)
                0x080101cc                __retarget_lock_init_recursive
 .text.__retarget_lock_close_recursive
                0x080101ce        0x2 C:/ST/STM32CubeIDE_1.16.0/STM32CubeIDE/plugins/com.st.stm32cube.ide.mcu.externaltools.gnu-tools-for-stm32.12.3.rel1.win32_1.1.0.202410251130/tools/bin/../lib/gcc/arm-none-eabi/12.3.1/../../../../arm-none-eabi/lib/thumb/v7e-m+fp/hard\libc.a(libc_a-lock.o)
                0x080101ce                __retarget_lock_close_recursive
 .text.__retarget_lock_acquire_recursive
                0x080101d0        0x2 C:/ST/STM32CubeIDE_1.16.0/STM32CubeIDE/plugins/com.st.stm32cube.ide.mcu.externaltools.gnu-tools-for-stm32.12.3.rel1.win32_1.1.0.202410251130/tools/bin/../lib/gcc/arm-none-eabi/12.3.1/../../../../arm-none-eabi/lib/thumb/v7e-m+fp/hard\libc.a(libc_a-lock.o)
                0x080101d0                __retarget_lock_acquire_recursive
 .text.__retarget_lock_release_recursive
                0x080101d2        0x2 C:/ST/STM32CubeIDE_1.16.0/STM32CubeIDE/plugins/com.st.stm32cube.ide.mcu.externaltools.gnu-tools-for-stm32.12.3.rel1.win32_1.1.0.202410251130/tools/bin/../lib/gcc/arm-none-eabi/12.3.1/../../../../arm-none-eabi/lib/thumb/v7e-m+fp/hard\libc.a(libc_a-lock.o)
                0x080101d2                __retarget_lock_release_recursive
 .text.sysconf  0x080101d4       0x18 C:/ST/STM32CubeIDE_1.16.0/STM32CubeIDE/plugins/com.st.stm32cube.ide.mcu.externaltools.gnu-tools-for-stm32.12.3.rel1.win32_1.1.0.202410251130/tools/bin/../lib/gcc/arm-none-eabi/12.3.1/../../../../arm-none-eabi/lib/thumb/v7e-m+fp/hard\libc.a(libc_a-sysconf.o)
                0x080101d4                sysconf
 .text.memcpy   0x080101ec       0x1c C:/ST/STM32CubeIDE_1.16.0/STM32CubeIDE/plugins/com.st.stm32cube.ide.mcu.externaltools.gnu-tools-for-stm32.12.3.rel1.win32_1.1.0.202410251130/tools/bin/../lib/gcc/arm-none-eabi/12.3.1/../../../../arm-none-eabi/lib/thumb/v7e-m+fp/hard\libc.a(libc_a-memcpy-stub.o)
                0x080101ec                memcpy
 .text.startup.register_fini
                0x08010208       0x14 C:/ST/STM32CubeIDE_1.16.0/STM32CubeIDE/plugins/com.st.stm32cube.ide.mcu.externaltools.gnu-tools-for-stm32.12.3.rel1.win32_1.1.0.202410251130/tools/bin/../lib/gcc/arm-none-eabi/12.3.1/../../../../arm-none-eabi/lib/thumb/v7e-m+fp/hard\libc.a(libc_a-__call_atexit.o)
 .text.atexit   0x0801021c        0xc C:/ST/STM32CubeIDE_1.16.0/STM32CubeIDE/plugins/com.st.stm32cube.ide.mcu.externaltools.gnu-tools-for-stm32.12.3.rel1.win32_1.1.0.202410251130/tools/bin/../lib/gcc/arm-none-eabi/12.3.1/../../../../arm-none-eabi/lib/thumb/v7e-m+fp/hard\libc.a(libc_a-atexit.o)
                0x0801021c                atexit
 .text._malloc_trim_r
                0x08010228       0xac C:/ST/STM32CubeIDE_1.16.0/STM32CubeIDE/plugins/com.st.stm32cube.ide.mcu.externaltools.gnu-tools-for-stm32.12.3.rel1.win32_1.1.0.202410251130/tools/bin/../lib/gcc/arm-none-eabi/12.3.1/../../../../arm-none-eabi/lib/thumb/v7e-m+fp/hard\libc.a(libc_a-freer.o)
                0x08010228                _malloc_trim_r
 .text._free_r  0x080102d4      0x180 C:/ST/STM32CubeIDE_1.16.0/STM32CubeIDE/plugins/com.st.stm32cube.ide.mcu.externaltools.gnu-tools-for-stm32.12.3.rel1.win32_1.1.0.202410251130/tools/bin/../lib/gcc/arm-none-eabi/12.3.1/../../../../arm-none-eabi/lib/thumb/v7e-m+fp/hard\libc.a(libc_a-freer.o)
                0x080102d4                _free_r
 *fill*         0x08010454        0x4 
 .text._svfprintf_r
                0x08010458     0x13bc C:/ST/STM32CubeIDE_1.16.0/STM32CubeIDE/plugins/com.st.stm32cube.ide.mcu.externaltools.gnu-tools-for-stm32.12.3.rel1.win32_1.1.0.202410251130/tools/bin/../lib/gcc/arm-none-eabi/12.3.1/../../../../arm-none-eabi/lib/thumb/v7e-m+fp/hard\libc.a(libc_a-svfprintf.o)
                0x08010458                _svfprintf_r
 .text._fclose_r
                0x08011814       0xaa C:/ST/STM32CubeIDE_1.16.0/STM32CubeIDE/plugins/com.st.stm32cube.ide.mcu.externaltools.gnu-tools-for-stm32.12.3.rel1.win32_1.1.0.202410251130/tools/bin/../lib/gcc/arm-none-eabi/12.3.1/../../../../arm-none-eabi/lib/thumb/v7e-m+fp/hard\libc.a(libc_a-fclose.o)
                0x08011814                _fclose_r
 *fill*         0x080118be        0x2 
 .text.__sflush_r
                0x080118c0      0x110 C:/ST/STM32CubeIDE_1.16.0/STM32CubeIDE/plugins/com.st.stm32cube.ide.mcu.externaltools.gnu-tools-for-stm32.12.3.rel1.win32_1.1.0.202410251130/tools/bin/../lib/gcc/arm-none-eabi/12.3.1/../../../../arm-none-eabi/lib/thumb/v7e-m+fp/hard\libc.a(libc_a-fflush.o)
                0x080118c0                __sflush_r
 .text._fflush_r
                0x080119d0       0x4a C:/ST/STM32CubeIDE_1.16.0/STM32CubeIDE/plugins/com.st.stm32cube.ide.mcu.externaltools.gnu-tools-for-stm32.12.3.rel1.win32_1.1.0.202410251130/tools/bin/../lib/gcc/arm-none-eabi/12.3.1/../../../../arm-none-eabi/lib/thumb/v7e-m+fp/hard\libc.a(libc_a-fflush.o)
                0x080119d0                _fflush_r
 *fill*         0x08011a1a        0x2 
 .text.__sfvwrite_r
                0x08011a1c      0x298 C:/ST/STM32CubeIDE_1.16.0/STM32CubeIDE/plugins/com.st.stm32cube.ide.mcu.externaltools.gnu-tools-for-stm32.12.3.rel1.win32_1.1.0.202410251130/tools/bin/../lib/gcc/arm-none-eabi/12.3.1/../../../../arm-none-eabi/lib/thumb/v7e-m+fp/hard\libc.a(libc_a-fvwrite.o)
                0x08011a1c                __sfvwrite_r
 .text.__swhatbuf_r
                0x08011cb4       0x50 C:/ST/STM32CubeIDE_1.16.0/STM32CubeIDE/plugins/com.st.stm32cube.ide.mcu.externaltools.gnu-tools-for-stm32.12.3.rel1.win32_1.1.0.202410251130/tools/bin/../lib/gcc/arm-none-eabi/12.3.1/../../../../arm-none-eabi/lib/thumb/v7e-m+fp/hard\libc.a(libc_a-makebuf.o)
                0x08011cb4                __swhatbuf_r
 .text.__smakebuf_r
                0x08011d04       0x78 C:/ST/STM32CubeIDE_1.16.0/STM32CubeIDE/plugins/com.st.stm32cube.ide.mcu.externaltools.gnu-tools-for-stm32.12.3.rel1.win32_1.1.0.202410251130/tools/bin/../lib/gcc/arm-none-eabi/12.3.1/../../../../arm-none-eabi/lib/thumb/v7e-m+fp/hard\libc.a(libc_a-makebuf.o)
                0x08011d04                __smakebuf_r
 .text.__swsetup_r
                0x08011d7c       0xac C:/ST/STM32CubeIDE_1.16.0/STM32CubeIDE/plugins/com.st.stm32cube.ide.mcu.externaltools.gnu-tools-for-stm32.12.3.rel1.win32_1.1.0.202410251130/tools/bin/../lib/gcc/arm-none-eabi/12.3.1/../../../../arm-none-eabi/lib/thumb/v7e-m+fp/hard\libc.a(libc_a-wsetup.o)
                0x08011d7c                __swsetup_r
 .text.memmove  0x08011e28       0x34 C:/ST/STM32CubeIDE_1.16.0/STM32CubeIDE/plugins/com.st.stm32cube.ide.mcu.externaltools.gnu-tools-for-stm32.12.3.rel1.win32_1.1.0.202410251130/tools/bin/../lib/gcc/arm-none-eabi/12.3.1/../../../../arm-none-eabi/lib/thumb/v7e-m+fp/hard\libc.a(libc_a-memmove.o)
                0x08011e28                memmove
 .text.strncpy  0x08011e5c       0x26 C:/ST/STM32CubeIDE_1.16.0/STM32CubeIDE/plugins/com.st.stm32cube.ide.mcu.externaltools.gnu-tools-for-stm32.12.3.rel1.win32_1.1.0.202410251130/tools/bin/../lib/gcc/arm-none-eabi/12.3.1/../../../../arm-none-eabi/lib/thumb/v7e-m+fp/hard\libc.a(libc_a-strncpy.o)
                0x08011e5c                strncpy
 *fill*         0x08011e82        0x2 
 .text.__locale_mb_cur_max
                0x08011e84        0xc C:/ST/STM32CubeIDE_1.16.0/STM32CubeIDE/plugins/com.st.stm32cube.ide.mcu.externaltools.gnu-tools-for-stm32.12.3.rel1.win32_1.1.0.202410251130/tools/bin/../lib/gcc/arm-none-eabi/12.3.1/../../../../arm-none-eabi/lib/thumb/v7e-m+fp/hard\libc.a(libc_a-locale.o)
                0x08011e84                __locale_mb_cur_max
 .text._localeconv_r
                0x08011e90        0x8 C:/ST/STM32CubeIDE_1.16.0/STM32CubeIDE/plugins/com.st.stm32cube.ide.mcu.externaltools.gnu-tools-for-stm32.12.3.rel1.win32_1.1.0.202410251130/tools/bin/../lib/gcc/arm-none-eabi/12.3.1/../../../../arm-none-eabi/lib/thumb/v7e-m+fp/hard\libc.a(libc_a-localeconv.o)
                0x08011e90                _localeconv_r
 .text._fstat_r
                0x08011e98       0x24 C:/ST/STM32CubeIDE_1.16.0/STM32CubeIDE/plugins/com.st.stm32cube.ide.mcu.externaltools.gnu-tools-for-stm32.12.3.rel1.win32_1.1.0.202410251130/tools/bin/../lib/gcc/arm-none-eabi/12.3.1/../../../../arm-none-eabi/lib/thumb/v7e-m+fp/hard\libc.a(libc_a-fstatr.o)
                0x08011e98                _fstat_r
 .text._isatty_r
                0x08011ebc       0x20 C:/ST/STM32CubeIDE_1.16.0/STM32CubeIDE/plugins/com.st.stm32cube.ide.mcu.externaltools.gnu-tools-for-stm32.12.3.rel1.win32_1.1.0.202410251130/tools/bin/../lib/gcc/arm-none-eabi/12.3.1/../../../../arm-none-eabi/lib/thumb/v7e-m+fp/hard\libc.a(libc_a-isattyr.o)
                0x08011ebc                _isatty_r
 .text.__libc_fini_array
                0x08011edc       0x28 C:/ST/STM32CubeIDE_1.16.0/STM32CubeIDE/plugins/com.st.stm32cube.ide.mcu.externaltools.gnu-tools-for-stm32.12.3.rel1.win32_1.1.0.202410251130/tools/bin/../lib/gcc/arm-none-eabi/12.3.1/../../../../arm-none-eabi/lib/thumb/v7e-m+fp/hard\libc.a(libc_a-fini.o)
                0x08011edc                __libc_fini_array
 .text.frexp    0x08011f04       0x6c C:/ST/STM32CubeIDE_1.16.0/STM32CubeIDE/plugins/com.st.stm32cube.ide.mcu.externaltools.gnu-tools-for-stm32.12.3.rel1.win32_1.1.0.202410251130/tools/bin/../lib/gcc/arm-none-eabi/12.3.1/../../../../arm-none-eabi/lib/thumb/v7e-m+fp/hard\libc.a(libm_a-s_frexp.o)
                0x08011f04                frexp
 .text.__register_exitproc
                0x08011f70       0x80 C:/ST/STM32CubeIDE_1.16.0/STM32CubeIDE/plugins/com.st.stm32cube.ide.mcu.externaltools.gnu-tools-for-stm32.12.3.rel1.win32_1.1.0.202410251130/tools/bin/../lib/gcc/arm-none-eabi/12.3.1/../../../../arm-none-eabi/lib/thumb/v7e-m+fp/hard\libc.a(libc_a-__atexit.o)
                0x08011f70                __register_exitproc
 .text.quorem   0x08011ff0      0x110 C:/ST/STM32CubeIDE_1.16.0/STM32CubeIDE/plugins/com.st.stm32cube.ide.mcu.externaltools.gnu-tools-for-stm32.12.3.rel1.win32_1.1.0.202410251130/tools/bin/../lib/gcc/arm-none-eabi/12.3.1/../../../../arm-none-eabi/lib/thumb/v7e-m+fp/hard\libc.a(libc_a-dtoa.o)
 .text._dtoa_r  0x08012100      0xb58 C:/ST/STM32CubeIDE_1.16.0/STM32CubeIDE/plugins/com.st.stm32cube.ide.mcu.externaltools.gnu-tools-for-stm32.12.3.rel1.win32_1.1.0.202410251130/tools/bin/../lib/gcc/arm-none-eabi/12.3.1/../../../../arm-none-eabi/lib/thumb/v7e-m+fp/hard\libc.a(libc_a-dtoa.o)
                0x08012100                _dtoa_r
 .text.__ascii_mbtowc
                0x08012c58       0x24 C:/ST/STM32CubeIDE_1.16.0/STM32CubeIDE/plugins/com.st.stm32cube.ide.mcu.externaltools.gnu-tools-for-stm32.12.3.rel1.win32_1.1.0.202410251130/tools/bin/../lib/gcc/arm-none-eabi/12.3.1/../../../../arm-none-eabi/lib/thumb/v7e-m+fp/hard\libc.a(libc_a-mbtowc_r.o)
                0x08012c58                __ascii_mbtowc
 .text._Balloc  0x08012c7c       0x4a C:/ST/STM32CubeIDE_1.16.0/STM32CubeIDE/plugins/com.st.stm32cube.ide.mcu.externaltools.gnu-tools-for-stm32.12.3.rel1.win32_1.1.0.202410251130/tools/bin/../lib/gcc/arm-none-eabi/12.3.1/../../../../arm-none-eabi/lib/thumb/v7e-m+fp/hard\libc.a(libc_a-mprec.o)
                0x08012c7c                _Balloc