Archive member included to satisfy reference by file (symbol)

C:/ST/STM32CubeIDE_1.16.0/STM32CubeIDE/plugins/com.st.stm32cube.ide.mcu.externaltools.gnu-tools-for-stm32.12.3.rel1.win32_1.1.0.202410251130/tools/bin/../lib/gcc/arm-none-eabi/12.3.1/../../../../arm-none-eabi/lib/thumb/v7e-m+fp/hard\libc.a(libc_a-exit.o)
                              C:/ST/STM32CubeIDE_1.16.0/STM32CubeIDE/plugins/com.st.stm32cube.ide.mcu.externaltools.gnu-tools-for-stm32.12.3.rel1.win32_1.1.0.202410251130/tools/bin/../lib/gcc/arm-none-eabi/12.3.1/../../../../arm-none-eabi/lib/thumb/v7e-m+fp/hard/crt0.o (exit)
C:/ST/STM32CubeIDE_1.16.0/STM32CubeIDE/plugins/com.st.stm32cube.ide.mcu.externaltools.gnu-tools-for-stm32.12.3.rel1.win32_1.1.0.202410251130/tools/bin/../lib/gcc/arm-none-eabi/12.3.1/../../../../arm-none-eabi/lib/thumb/v7e-m+fp/hard\libc.a(libc_a-malloc.o)
                              ./Core/Src/main.o (malloc)
C:/ST/STM32CubeIDE_1.16.0/STM32CubeIDE/plugins/com.st.stm32cube.ide.mcu.externaltools.gnu-tools-for-stm32.12.3.rel1.win32_1.1.0.202410251130/tools/bin/../lib/gcc/arm-none-eabi/12.3.1/../../../../arm-none-eabi/lib/thumb/v7e-m+fp/hard\libc.a(libc_a-mallocr.o)
                              C:/ST/STM32CubeIDE_1.16.0/STM32CubeIDE/plugins/com.st.stm32cube.ide.mcu.externaltools.gnu-tools-for-stm32.12.3.rel1.win32_1.1.0.202410251130/tools/bin/../lib/gcc/arm-none-eabi/12.3.1/../../../../arm-none-eabi/lib/thumb/v7e-m+fp/hard\libc.a(libc_a-malloc.o) (_malloc_r)
C:/ST/STM32CubeIDE_1.16.0/STM32CubeIDE/plugins/com.st.stm32cube.ide.mcu.externaltools.gnu-tools-for-stm32.12.3.rel1.win32_1.1.0.202410251130/tools/bin/../lib/gcc/arm-none-eabi/12.3.1/../../../../arm-none-eabi/lib/thumb/v7e-m+fp/hard\libc.a(libc_a-mlock.o)
                              C:/ST/STM32CubeIDE_1.16.0/STM32CubeIDE/plugins/com.st.stm32cube.ide.mcu.externaltools.gnu-tools-for-stm32.12.3.rel1.win32_1.1.0.202410251130/tools/bin/../lib/gcc/arm-none-eabi/12.3.1/../../../../arm-none-eabi/lib/thumb/v7e-m+fp/hard\libc.a(libc_a-mallocr.o) (__malloc_lock)
C:/ST/STM32CubeIDE_1.16.0/STM32CubeIDE/plugins/com.st.stm32cube.ide.mcu.externaltools.gnu-tools-for-stm32.12.3.rel1.win32_1.1.0.202410251130/tools/bin/../lib/gcc/arm-none-eabi/12.3.1/../../../../arm-none-eabi/lib/thumb/v7e-m+fp/hard\libc.a(libc_a-findfp.o)
                              ./Middlewares/FreeRTOS/tasks.o (__sf)
C:/ST/STM32CubeIDE_1.16.0/STM32CubeIDE/plugins/com.st.stm32cube.ide.mcu.externaltools.gnu-tools-for-stm32.12.3.rel1.win32_1.1.0.202410251130/tools/bin/../lib/gcc/arm-none-eabi/12.3.1/../../../../arm-none-eabi/lib/thumb/v7e-m+fp/hard\libc.a(libc_a-fwalk.o)
                              C:/ST/STM32CubeIDE_1.16.0/STM32CubeIDE/plugins/com.st.stm32cube.ide.mcu.externaltools.gnu-tools-for-stm32.12.3.rel1.win32_1.1.0.202410251130/tools/bin/../lib/gcc/arm-none-eabi/12.3.1/../../../../arm-none-eabi/lib/thumb/v7e-m+fp/hard\libc.a(libc_a-findfp.o) (_fwalk_sglue)
C:/ST/STM32CubeIDE_1.16.0/STM32CubeIDE/plugins/com.st.stm32cube.ide.mcu.externaltools.gnu-tools-for-stm32.12.3.rel1.win32_1.1.0.202410251130/tools/bin/../lib/gcc/arm-none-eabi/12.3.1/../../../../arm-none-eabi/lib/thumb/v7e-m+fp/hard\libc.a(libc_a-puts.o)
                              ./Core/Src/main.o (puts)
C:/ST/STM32CubeIDE_1.16.0/STM32CubeIDE/plugins/com.st.stm32cube.ide.mcu.externaltools.gnu-tools-for-stm32.12.3.rel1.win32_1.1.0.202410251130/tools/bin/../lib/gcc/arm-none-eabi/12.3.1/../../../../arm-none-eabi/lib/thumb/v7e-m+fp/hard\libc.a(libc_a-scanf.o)
                              ./Core/Src/main.o (scanf)
C:/ST/STM32CubeIDE_1.16.0/STM32CubeIDE/plugins/com.st.stm32cube.ide.mcu.externaltools.gnu-tools-for-stm32.12.3.rel1.win32_1.1.0.202410251130/tools/bin/../lib/gcc/arm-none-eabi/12.3.1/../../../../arm-none-eabi/lib/thumb/v7e-m+fp/hard\libc.a(libc_a-setvbuf.o)
                              ./Core/Src/main.o (setvbuf)
C:/ST/STM32CubeIDE_1.16.0/STM32CubeIDE/plugins/com.st.stm32cube.ide.mcu.externaltools.gnu-tools-for-stm32.12.3.rel1.win32_1.1.0.202410251130/tools/bin/../lib/gcc/arm-none-eabi/12.3.1/../../../../arm-none-eabi/lib/thumb/v7e-m+fp/hard\libc.a(libc_a-sprintf.o)
                              ./Core/Src/main.o (sprintf)
C:/ST/STM32CubeIDE_1.16.0/STM32CubeIDE/plugins/com.st.stm32cube.ide.mcu.externaltools.gnu-tools-for-stm32.12.3.rel1.win32_1.1.0.202410251130/tools/bin/../lib/gcc/arm-none-eabi/12.3.1/../../../../arm-none-eabi/lib/thumb/v7e-m+fp/hard\libc.a(libc_a-stdio.o)
                              C:/ST/STM32CubeIDE_1.16.0/STM32CubeIDE/plugins/com.st.stm32cube.ide.mcu.externaltools.gnu-tools-for-stm32.12.3.rel1.win32_1.1.0.202410251130/tools/bin/../lib/gcc/arm-none-eabi/12.3.1/../../../../arm-none-eabi/lib/thumb/v7e-m+fp/hard\libc.a(libc_a-findfp.o) (__sread)
C:/ST/STM32CubeIDE_1.16.0/STM32CubeIDE/plugins/com.st.stm32cube.ide.mcu.externaltools.gnu-tools-for-stm32.12.3.rel1.win32_1.1.0.202410251130/tools/bin/../lib/gcc/arm-none-eabi/12.3.1/../../../../arm-none-eabi/lib/thumb/v7e-m+fp/hard\libc.a(libc_a-memset.o)
[...]
Memory Configuration

Name             Origin             Length             Attributes
RAM              0x20000000         0x00008000         xrw
FLASH            0x08000000         0x00020000         xr
*default*        0x00000000         0xffffffff

Linker script and memory map

LOAD C:/ST/STM32CubeIDE_1.16.0/STM32CubeIDE/plugins/com.st.stm32cube.ide.mcu.externaltools.gnu-tools-for-stm32.12.3.rel1.win32_1.1.0.202410251130/tools/bin/../lib/gcc/arm-none-eabi/12.3.1/thumb/v7e-m+fp/hard/crti.o
LOAD C:/ST/STM32CubeIDE_1.16.0/STM32CubeIDE/plugins/com.st.stm32cube.ide.mcu.externaltools.gnu-tools-for-stm32.12.3.rel1.win32_1.1.0.202410251130/tools/bin/../lib/gcc/arm-none-eabi/12.3.1/thumb/v7e-m+fp/hard/crtbegin.o
LOAD C:/ST/STM32CubeIDE_1.16.0/STM32CubeIDE/plugins/com.st.stm32cube.ide.mcu.externaltools.gnu-tools-for-stm32.12.3.rel1.win32_1.1.0.202410251130/tools/bin/../lib/gcc/arm-none-eabi/12.3.1/../../../../arm-none-eabi/lib/thumb/v7e-m+fp/hard/crt0.o
LOAD ./Core/Src/app_freertos.o
LOAD ./Core/Src/i2c-lcd.o
LOAD ./Core/Src/liquidcrystal_i2c.o
LOAD ./Core/Src/main.o
LOAD ./Core/Src/stm32g4xx_hal_msp.o
LOAD ./Core/Src/stm32g4xx_hal_timebase_tim.o
LOAD ./Core/Src/stm32g4xx_it.o
LOAD ./Core/Src/syscalls.o
LOAD ./Core/Src/sysmem.o
LOAD ./Core/Src/system_stm32g4xx.o
LOAD ./Core/Startup/startup_stm32g431kbtx.o
LOAD ./Drivers/STM32G4xx_HAL_Driver/stm32g4xx_hal.o
LOAD ./Drivers/STM32G4xx_HAL_Driver/stm32g4xx_hal_adc.o
LOAD ./Drivers/STM32G4xx_HAL_Driver/stm32g4xx_hal_adc_ex.o
LOAD ./Drivers/STM32G4xx_HAL_Driver/stm32g4xx_hal_cortex.o
LOAD ./Drivers/STM32G4xx_HAL_Driver/stm32g4xx_hal_dac.o
LOAD ./Drivers/STM32G4xx_HAL_Driver/stm32g4xx_hal_dac_ex.o
LOAD ./Drivers/STM32G4xx_HAL_Driver/stm32g4xx_hal_dma.o
LOAD ./Drivers/STM32G4xx_HAL_Driver/stm32g4xx_hal_dma_ex.o
LOAD ./Drivers/STM32G4xx_HAL_Driver/stm32g4xx_hal_exti.o
LOAD ./Drivers/STM32G4xx_HAL_Driver/stm32g4xx_hal_flash.o
LOAD ./Drivers/STM32G4xx_HAL_Driver/stm32g4xx_hal_flash_ex.o
LOAD ./Drivers/STM32G4xx_HAL_Driver/stm32g4xx_hal_flash_ramfunc.o
LOAD ./Drivers/STM32G4xx_HAL_Driver/stm32g4xx_hal_gpio.o
LOAD ./Drivers/STM32G4xx_HAL_Driver/stm32g4xx_hal_i2c.o
LOAD ./Drivers/STM32G4xx_HAL_Driver/stm32g4xx_hal_i2c_ex.o
LOAD ./Drivers/STM32G4xx_HAL_Driver/stm32g4xx_hal_pwr.o
LOAD ./Drivers/STM32G4xx_HAL_Driver/stm32g4xx_hal_pwr_ex.o
LOAD ./Drivers/STM32G4xx_HAL_Driver/stm32g4xx_hal_rcc.o
LOAD ./Drivers/STM32G4xx_HAL_Driver/stm32g4xx_hal_rcc_ex.o
LOAD ./Drivers/STM32G4xx_HAL_Driver/stm32g4xx_hal_tim.o
LOAD ./Drivers/STM32G4xx_HAL_Driver/stm32g4xx_hal_tim_ex.o
LOAD ./Drivers/STM32G4xx_HAL_Driver/stm32g4xx_hal_uart.o
LOAD ./Drivers/STM32G4xx_HAL_Driver/stm32g4xx_hal_uart_ex.o
LOAD ./Drivers/STM32G4xx_HAL_Driver/stm32g4xx_ll_adc.o
LOAD ./Middlewares/FreeRTOS/cmsis_os2.o
LOAD ./Middlewares/FreeRTOS/croutine.o
LOAD ./Middlewares/FreeRTOS/event_groups.o
LOAD ./Middlewares/FreeRTOS/heap_4.o
LOAD ./Middlewares/FreeRTOS/list.o
LOAD ./Middlewares/FreeRTOS/port.o
LOAD ./Middlewares/FreeRTOS/queue.o
LOAD ./Middlewares/FreeRTOS/stream_buffer.o
LOAD ./Middlewares/FreeRTOS/tasks.o
LOAD ./Middlewares/FreeRTOS/timers.o
START GROUP
LOAD C:/ST/STM32CubeIDE_1.16.0/STM32CubeIDE/plugins/com.st.stm32cube.ide.mcu.externaltools.gnu-tools-for-stm32.12.3.rel1.win32_1.1.0.202410251130/tools/bin/../lib/gcc/arm-none-eabi/12.3.1/../../../../arm-none-eabi/lib/thumb/v7e-m+fp/hard\libc.a
LOAD C:/ST/STM32CubeIDE_1.16.0/STM32CubeIDE/plugins/com.st.stm32cube.ide.mcu.externaltools.gnu-tools-for-stm32.12.3.rel1.win32_1.1.0.202410251130/tools/bin/../lib/gcc/arm-none-eabi/12.3.1/../../../../arm-none-eabi/lib/thumb/v7e-m+fp/hard\libm.a
END GROUP
START GROUP
LOAD C:/ST/STM32CubeIDE_1.16.0/STM32CubeIDE/plugins/com.st.stm32cube.ide.mcu.externaltools.gnu-tools-for-stm32.12.3.rel1.win32_1.1.0.202410251130/tools/bin/../lib/gcc/arm-none-eabi/12.3.1/thumb/v7e-m+fp/hard\libgcc.a
LOAD C:/ST/STM32CubeIDE_1.16.0/STM32CubeIDE/plugins/com.st.stm32cube.ide.mcu.externaltools.gnu-tools-for-stm32.12.3.rel1.win32_1.1.0.202410251130/tools/bin/../lib/gcc/arm-none-eabi/12.3.1/../../../../arm-none-eabi/lib/thumb/v7e-m+fp/hard\libc.a
END GROUP
START GROUP
LOAD C:/ST/STM32CubeIDE_1.16.0/STM32CubeIDE/plugins/com.st.stm32cube.ide.mcu.externaltools.gnu-tools-for-stm32.12.3.rel1.win32_1.1.0.202410251130/tools/bin/../lib/gcc/arm-none-eabi/12.3.1/thumb/v7e-m+fp/hard\libgcc.a
LOAD C:/ST/STM32CubeIDE_1.16.0/STM32CubeIDE/plugins/com.st.stm32cube.ide.mcu.externaltools.gnu-tools-for-stm32.12.3.rel1.win32_1.1.0.202410251130/tools/bin/../lib/gcc/arm-none-eabi/12.3.1/../../../../arm-none-eabi/lib/thumb/v7e-m+fp/hard\libc.a
LOAD C:/ST/STM32CubeIDE_1.16.0/STM32CubeIDE/plugins/com.st.stm32cube.ide.mcu.externaltools.gnu-tools-for-stm32.12.3.rel1.win32_1.1.0.202410251130/tools/bin/../lib/gcc/arm-none-eabi/12.3.1/../../../../arm-none-eabi/lib/thumb/v7e-m+fp/hard\libnosys.a
END GROUP
LOAD C:/ST/STM32CubeIDE_1.16.0/STM32CubeIDE/plugins/com.st.stm32cube.ide.mcu.externaltools.gnu-tools-for-stm32.12.3.rel1.win32_1.1.0.202410251130/tools/bin/../lib/gcc/arm-none-eabi/12.3.1/thumb/v7e-m+fp/hard/crtend.o
LOAD C:/ST/STM32CubeIDE_1.16.0/STM32CubeIDE/plugins/com.st.stm32cube.ide.mcu.externaltools.gnu-tools-for-stm32.12.3.rel1.win32_1.1.0.202410251130/tools/bin/../lib/gcc/arm-none-eabi/12.3.1/thumb/v7e-m+fp/hard/crtn.o
                0x20008000                        _estack = (ORIGIN (RAM) + LENGTH (RAM))
                0x00000200                        _Min_Heap_Size = 0x200
                0x00000400                        _Min_Stack_Size = 0x400

.isr_vector     0x08000000      0x1d8
                0x08000000                        . = ALIGN (0x4)
 *(.isr_vector)
 .isr_vector    0x08000000      0x1d8 ./Core/Startup/startup_stm32g431kbtx.o
                0x08000000                g_pfnVectors
                0x080001d8                        . = ALIGN (0x4)

.text           0x080001e0    0x14db0
                0x080001e0                        . = ALIGN (0x4)
 *(.text)
 .text          0x080001e0       0x40 C:/ST/STM32CubeIDE_1.16.0/STM32CubeIDE/plugins/com.st.stm32cube.ide.mcu.externaltools.gnu-tools-for-stm32.12.3.rel1.win32_1.1.0.202410251130/tools/bin/../lib/gcc/arm-none-eabi/12.3.1/thumb/v7e-m+fp/hard/crtbegin.o
 .text          0x08000220       0x10 C:/ST/STM32CubeIDE_1.16.0/STM32CubeIDE/plugins/com.st.stm32cube.ide.mcu.externaltools.gnu-tools-for-stm32.12.3.rel1.win32_1.1.0.202410251130/tools/bin/../lib/gcc/arm-none-eabi/12.3.1/../../../../arm-none-eabi/lib/thumb/v7e-m+fp/hard\libc.a(libc_a-strlen.o)
                0x08000220                strlen
 .text          0x08000230       0xa0 C:/ST/STM32CubeIDE_1.16.0/STM32CubeIDE/plugins/com.st.stm32cube.ide.mcu.externaltools.gnu-tools-for-stm32.12.3.rel1.win32_1.1.0.202410251130/tools/bin/../lib/gcc/arm-none-eabi/12.3.1/../../../../arm-none-eabi/lib/thumb/v7e-m+fp/hard\libc.a(libc_a-memchr.o)
                0x08000230                memchr
 .text          0x080002d0      0x378 C:/ST/STM32CubeIDE_1.16.0/STM32CubeIDE/plugins/com.st.stm32cube.ide.mcu.externaltools.gnu-tools-for-stm32.12.3.rel1.win32_1.1.0.202410251130/tools/bin/../lib/gcc/arm-none-eabi/12.3.1/thumb/v7e-m+fp/hard\libgcc.a(_arm_addsubdf3.o)
                0x080002d0                __aeabi_drsub
                0x080002d8                __aeabi_dsub
                0x080002d8                __subdf3
                0x080002dc                __aeabi_dadd
                0x080002dc                __adddf3
                0x08000554                __floatunsidf
                0x08000554                __aeabi_ui2d
                0x08000574                __floatsidf
                0x08000574                __aeabi_i2d
                0x08000598                __aeabi_f2d
                0x08000598                __extendsfdf2
                0x080005dc                __floatundidf
                0x080005dc                __aeabi_ul2d
                0x080005ec                __floatdidf
                0x080005ec                __aeabi_l2d
 .text          0x08000648      0x424 C:/ST/STM32CubeIDE_1.16.0/STM32CubeIDE/plugins/com.st.stm32cube.ide.mcu.externaltools.gnu-tools-for-stm32.12.3.rel1.win32_1.1.0.202410251130/tools/bin/../lib/gcc/arm-none-eabi/12.3.1/thumb/v7e-m+fp/hard\libgcc.a(_arm_muldivdf3.o)
                0x08000648                __aeabi_dmul
                0x08000648                __muldf3
                0x0800089c                __divdf3
                0x0800089c                __aeabi_ddiv
 .text          0x08000a6c      0x110 C:/ST/STM32CubeIDE_1.16.0/STM32CubeIDE/plugins/com.st.stm32cube.ide.mcu.externaltools.gnu-tools-for-stm32.12.3.rel1.win32_1.1.0.202410251130/tools/bin/../lib/gcc/arm-none-eabi/12.3.1/thumb/v7e-m+fp/hard\libgcc.a(_arm_cmpdf2.o)
                0x08000a6c                __gtdf2
                0x08000a6c                __gedf2
                0x08000a74                __ltdf2
                0x08000a74                __ledf2
                0x08000a7c                __nedf2
                0x08000a7c                __eqdf2
                0x08000a7c                __cmpdf2
                0x08000af8                __aeabi_cdrcmple
                0x08000b08                __aeabi_cdcmpeq
                0x08000b08                __aeabi_cdcmple
                0x08000b18                __aeabi_dcmpeq
                0x08000b2c                __aeabi_dcmplt
                0x08000b40                __aeabi_dcmple
                0x08000b54                __aeabi_dcmpge
                0x08000b68                __aeabi_dcmpgt
 .text          0x08000b7c       0x2c C:/ST/STM32CubeIDE_1.16.0/STM32CubeIDE/plugins/com.st.stm32cube.ide.mcu.externaltools.gnu-tools-for-stm32.12.3.rel1.win32_1.1.0.202410251130/tools/bin/../lib/gcc/arm-none-eabi/12.3.1/thumb/v7e-m+fp/hard\libgcc.a(_arm_unorddf2.o)
                0x08000b7c                __unorddf2
                0x08000b7c                __aeabi_dcmpun
 .text          0x08000ba8       0x50 C:/ST/STM32CubeIDE_1.16.0/STM32CubeIDE/plugins/com.st.stm32cube.ide.mcu.externaltools.gnu-tools-for-stm32.12.3.rel1.win32_1.1.0.202410251130/tools/bin/../lib/gcc/arm-none-eabi/12.3.1/thumb/v7e-m+fp/hard\libgcc.a(_arm_fixdfsi.o)
                0x08000ba8                __aeabi_d2iz
                0x08000ba8                __fixdfsi
 .text          0x08000bf8       0x40 C:/ST/STM32CubeIDE_1.16.0/STM32CubeIDE/plugins/com.st.stm32cube.ide.mcu.externaltools.gnu-tools-for-stm32.12.3.rel1.win32_1.1.0.202410251130/tools/bin/../lib/gcc/arm-none-eabi/12.3.1/thumb/v7e-m+fp/hard\libgcc.a(_arm_fixunsdfsi.o)
                0x08000bf8                __aeabi_d2uiz
                0x08000bf8                __fixunsdfsi
 .text          0x08000c38       0xa0 C:/ST/STM32CubeIDE_1.16.0/STM32CubeIDE/plugins/com.st.stm32cube.ide.mcu.externaltools.gnu-tools-for-stm32.12.3.rel1.win32_1.1.0.202410251130/tools/bin/../lib/gcc/arm-none-eabi/12.3.1/thumb/v7e-m+fp/hard\libgcc.a(_arm_truncdfsf2.o)
                0x08000c38                __truncdfsf2
                0x08000c38                __aeabi_d2f
 .text          0x08000cd8       0x30 C:/ST/STM32CubeIDE_1.16.0/STM32CubeIDE/plugins/com.st.stm32cube.ide.mcu.externaltools.gnu-tools-for-stm32.12.3.rel1.win32_1.1.0.202410251130/tools/bin/../lib/gcc/arm-none-eabi/12.3.1/thumb/v7e-m+fp/hard\libgcc.a(_aeabi_uldivmod.o)
                0x08000cd8                __aeabi_uldivmod
 .text          0x08000d08      0x2bc C:/ST/STM32CubeIDE_1.16.0/STM32CubeIDE/plugins/com.st.stm32cube.ide.mcu.externaltools.gnu-tools-for-stm32.12.3.rel1.win32_1.1.0.202410251130/tools/bin/../lib/gcc/arm-none-eabi/12.3.1/thumb/v7e-m+fp/hard\libgcc.a(_udivmoddi4.o)
                0x08000d08                __udivmoddi4
 .text          0x08000fc4        0x4 C:/ST/STM32CubeIDE_1.16.0/STM32CubeIDE/plugins/com.st.stm32cube.ide.mcu.externaltools.gnu-tools-for-stm32.12.3.rel1.win32_1.1.0.202410251130/tools/bin/../lib/gcc/arm-none-eabi/12.3.1/thumb/v7e-m+fp/hard\libgcc.a(_dvmd_tls.o)
                0x08000fc4                __aeabi_idiv0
                0x08000fc4                __aeabi_ldiv0
 *(.text*)
 .text.lcd_send_cmd
                0x08000fc8       0x84 ./Core/Src/i2c-lcd.o
                0x08000fc8                lcd_send_cmd
 .text.lcd_send_data
                0x0800104c       0x84 ./Core/Src/i2c-lcd.o
                0x0800104c                lcd_send_data
 .text.lcd_put_cur
                0x080010d0       0x3e ./Core/Src/i2c-lcd.o
                0x080010d0                lcd_put_cur
 .text.lcd_init
                0x0800110e       0x74 ./Core/Src/i2c-lcd.o
                0x0800110e                lcd_init
 .text.lcd_send_string
                0x08001182       0x2a ./Core/Src/i2c-lcd.o
                0x08001182                lcd_send_string
 .text.HAL_I2C_MasterTxCpltCallback
                0x080011ac       0x14 ./Core/Src/i2c-lcd.o
                0x080011ac                HAL_I2C_MasterTxCpltCallback
 .text.HAL_UART_RxHalfCpltCallback
                0x080011c0       0x28 ./Core/Src/main.o
                0x080011c0                HAL_UART_RxHalfCpltCallback
 .text.HAL_UART_RxCpltCallback
                0x080011e8       0x28 ./Core/Src/main.o
                0x080011e8                HAL_UART_RxCpltCallback
 .text.uart_dma
                0x08001210       0x30 ./Core/Src/main.o
                0x08001210                uart_dma
 .text.pulseWavg
                0x08001240      0x1ac ./Core/Src/main.o
                0x08001240                pulseWavg
 .text.HAL_TIM_IC_CaptureCallback
                0x080013ec      0x150 ./Core/Src/main.o
                0x080013ec                HAL_TIM_IC_CaptureCallback
 .text.adc_dma  0x0800153c       0x68 ./Core/Src/main.o
                0x0800153c                adc_dma
 .text.getTemp  0x080015a4       0x74 ./Core/Src/main.o
                0x080015a4                getTemp
 .text.startSineW
                0x08001618       0xdc ./Core/Src/main.o
                0x08001618                startSineW
 .text.lcd_disp
                0x080016f4       0x58 ./Core/Src/main.o
                0x080016f4                lcd_disp
 .text.main     0x0800174c      0x124 ./Core/Src/main.o
                0x0800174c                main
 .text.SystemClock_Config
                0x08001870       0x96 ./Core/Src/main.o
                0x08001870                SystemClock_Config
 *fill*         0x08001906        0x2 
 .text.MX_ADC1_Init
                0x08001908       0xf4 ./Core/Src/main.o
 .text.MX_DAC1_Init
                0x080019fc       0x74 ./Core/Src/main.o
 .text.MX_I2C1_Init
                0x08001a70       0x80 ./Core/Src/main.o
 .text.MX_TIM1_Init
                0x08001af0      0x10c ./Core/Src/main.o
 .text.MX_TIM2_Init
                0x08001bfc       0xe4 ./Core/Src/main.o
 .text.MX_TIM4_Init
                0x08001ce0       0xec ./Core/Src/main.o
 .text.MX_USART2_UART_Init
                0x08001dcc       0x9c ./Core/Src/main.o
 .text.MX_DMA_Init
                0x08001e68       0xcc ./Core/Src/main.o
 .text.MX_GPIO_Init
                0x08001f34       0x9c ./Core/Src/main.o
 .text.HAL_ADC_ConvCpltCallback
                0x08001fd0       0x24 ./Core/Src/main.o
                0x08001fd0                HAL_ADC_ConvCpltCallback
 *fill*         0x08001ff4        0x4 
 .text.StartDefaultTask
                0x08001ff8      0x1dc ./Core/Src/main.o
                0x08001ff8                StartDefaultTask
 .text.StartgetTemp
                0x080021d4       0x34 ./Core/Src/main.o
                0x080021d4                StartgetTemp
 .text.StartsendLCD
                0x08002208       0x34 ./Core/Src/main.o
                0x08002208                StartsendLCD
 .text.StartgetPulseW
                0x0800223c       0x70 ./Core/Src/main.o
                0x0800223c                StartgetPulseW
 .text.HAL_TIM_PeriodElapsedCallback
                0x080022ac       0x24 ./Core/Src/main.o
                0x080022ac                HAL_TIM_PeriodElapsedCallback
 .text.Error_Handler
                0x080022d0        0xc ./Core/Src/main.o
                0x080022d0                Error_Handler
 .text.HAL_MspInit
                0x080022dc       0x54 ./Core/Src/stm32g4xx_hal_msp.o
                0x080022dc                HAL_MspInit
 .text.HAL_ADC_MspInit
                0x08002330      0x114 ./Core/Src/stm32g4xx_hal_msp.o
                0x08002330                HAL_ADC_MspInit
 .text.HAL_DAC_MspInit
                0x08002444       0xec ./Core/Src/stm32g4xx_hal_msp.o
                0x08002444                HAL_DAC_MspInit
 .text.HAL_I2C_MspInit
                0x08002530      0x168 ./Core/Src/stm32g4xx_hal_msp.o
                0x08002530                HAL_I2C_MspInit
 .text.HAL_TIM_Base_MspInit
                0x08002698      0x1e0 ./Core/Src/stm32g4xx_hal_msp.o
                0x08002698                HAL_TIM_Base_MspInit
 .text.HAL_UART_MspInit
                0x08002878      0x168 ./Core/Src/stm32g4xx_hal_msp.o
                0x08002878                HAL_UART_MspInit
 .text.HAL_InitTick
                0x080029e0       0xd8 ./Core/Src/stm32g4xx_hal_timebase_tim.o
                0x080029e0                HAL_InitTick
 .text.NMI_Handler
                0x08002ab8        0x8 ./Core/Src/stm32g4xx_it.o
                0x08002ab8                NMI_Handler
 .text.HardFault_Handler
                0x08002ac0        0x8 ./Core/Src/stm32g4xx_it.o
                0x08002ac0                HardFault_Handler
 .text.MemManage_Handler
                0x08002ac8        0x8 ./Core/Src/stm32g4xx_it.o
                0x08002ac8                MemManage_Handler
 .text.BusFault_Handler
                0x08002ad0        0x8 ./Core/Src/stm32g4xx_it.o
                0x08002ad0                BusFault_Handler
 .text.UsageFault_Handler
                0x08002ad8        0x8 ./Core/Src/stm32g4xx_it.o
                0x08002ad8                UsageFault_Handler
 .text.DebugMon_Handler
                0x08002ae0        0xe ./Core/Src/stm32g4xx_it.o
                0x08002ae0                DebugMon_Handler
 *fill*         0x08002aee        0x2 
 .text.DMA1_Channel1_IRQHandler
                0x08002af0       0x14 ./Core/Src/stm32g4xx_it.o
                0x08002af0                DMA1_Channel1_IRQHandler
 .text.DMA1_Channel2_IRQHandler
                0x08002b04       0x14 ./Core/Src/stm32g4xx_it.o
                0x08002b04                DMA1_Channel2_IRQHandler
 .text.DMA1_Channel3_IRQHandler
                0x08002b18       0x14 ./Core/Src/stm32g4xx_it.o
                0x08002b18                DMA1_Channel3_IRQHandler
 .text.DMA1_Channel4_IRQHandler
                0x08002b2c       0x14 ./Core/Src/stm32g4xx_it.o
                0x08002b2c                DMA1_Channel4_IRQHandler
 .text.DMA1_Channel5_IRQHandler
                0x08002b40       0x14 ./Core/Src/stm32g4xx_it.o
                0x08002b40                DMA1_Channel5_IRQHandler
 .text.ADC1_2_IRQHandler
                0x08002b54       0x14 ./Core/Src/stm32g4xx_it.o
                0x08002b54                ADC1_2_IRQHandler
 .text.TIM1_CC_IRQHandler
                0x08002b68       0x14 ./Core/Src/stm32g4xx_it.o
                0x08002b68                TIM1_CC_IRQHandler
 .text.TIM3_IRQHandler
                0x08002b7c       0x14 ./Core/Src/stm32g4xx_it.o
                0x08002b7c                TIM3_IRQHandler
 .text.I2C1_EV_IRQHandler
                0x08002b90       0x14 ./Core/Src/stm32g4xx_it.o
                0x08002b90                I2C1_EV_IRQHandler
 .text.I2C1_ER_IRQHandler
                0x08002ba4       0x14 ./Core/Src/stm32g4xx_it.o
                0x08002ba4                I2C1_ER_IRQHandler
 .text.TIM6_DAC_IRQHandler
                0x08002bb8       0x14 ./Core/Src/stm32g4xx_it.o
                0x08002bb8                TIM6_DAC_IRQHandler
 .text.DMA2_Channel1_IRQHandler
                0x08002bcc       0x14 ./Core/Src/stm32g4xx_it.o
                0x08002bcc                DMA2_Channel1_IRQHandler
 .text.DMA2_Channel2_IRQHandler
                0x08002be0       0x14 ./Core/Src/stm32g4xx_it.o
                0x08002be0                DMA2_Channel2_IRQHandler
 .text._getpid  0x08002bf4       0x10 ./Core/Src/syscalls.o
                0x08002bf4                _getpid
 .text._kill    0x08002c04       0x20 ./Core/Src/syscalls.o
                0x08002c04                _kill
 .text._exit    0x08002c24       0x16 ./Core/Src/syscalls.o
                0x08002c24                _exit
 .text._read    0x08002c3a       0x3a ./Core/Src/syscalls.o
                0x08002c3a                _read
 .text._write   0x08002c74       0x38 ./Core/Src/syscalls.o
                0x08002c74                _write
 .text._close   0x08002cac       0x18 ./Core/Src/syscalls.o
                0x08002cac                _close
 .text._fstat   0x08002cc4       0x20 ./Core/Src/syscalls.o
                0x08002cc4                _fstat
 .text._isatty  0x08002ce4       0x16 ./Core/Src/syscalls.o
                0x08002ce4                _isatty
 .text._lseek   0x08002cfa       0x1a ./Core/Src/syscalls.o
                0x08002cfa                _lseek
 .text._sbrk    0x08002d14       0x6c ./Core/Src/sysmem.o
                0x08002d14                _sbrk
 .text.SystemInit
                0x08002d80       0x24 ./Core/Src/system_stm32g4xx.o
                0x08002d80                SystemInit
 .text.Reset_Handler
                0x08002da4       0x50 ./Core/Startup/startup_stm32g431kbtx.o
                0x08002da4                Reset_Handler
 .text.Default_Handler
                0x08002df4        0x2 ./Core/Startup/startup_stm32g431kbtx.o
                0x08002df4                RTC_Alarm_IRQHandler
                0x08002df4                EXTI2_IRQHandler
                0x08002df4                TIM8_TRG_COM_IRQHandler
                0x08002df4                TIM8_CC_IRQHandler
                0x08002df4                USB_HP_IRQHandler
                0x08002df4                CORDIC_IRQHandler
                0x08002df4                EXTI3_IRQHandler
                0x08002df4                I2C3_ER_IRQHandler
                0x08002df4                EXTI0_IRQHandler
                0x08002df4                I2C2_EV_IRQHandler
                0x08002df4                FPU_IRQHandler
                0x08002df4                FDCAN1_IT1_IRQHandler
                0x08002df4                TIM1_UP_TIM16_IRQHandler
                0x08002df4                SPI1_IRQHandler
                0x08002df4                TIM8_UP_IRQHandler
                0x08002df4                USART3_IRQHandler
                0x08002df4                TIM4_IRQHandler
                0x08002df4                DMA1_Channel6_IRQHandler
                0x08002df4                UART4_IRQHandler
                0x08002df4                DMA2_Channel4_IRQHandler
                0x08002df4                RCC_IRQHandler
                0x08002df4                Default_Handler
                0x08002df4                RTC_TAMP_LSECSS_IRQHandler
                0x08002df4                FMAC_IRQHandler
                0x08002df4                EXTI15_10_IRQHandler
                0x08002df4                TIM7_IRQHandler
                0x08002df4                UCPD1_IRQHandler
                0x08002df4                I2C3_EV_IRQHandler
                0x08002df4                EXTI9_5_IRQHandler
                0x08002df4                RTC_WKUP_IRQHandler
                0x08002df4                PVD_PVM_IRQHandler
                0x08002df4                SPI2_IRQHandler
                0x08002df4                DMA2_Channel5_IRQHandler
                0x08002df4                CRS_IRQHandler
                0x08002df4                USB_LP_IRQHandler
                0x08002df4                EXTI4_IRQHandler
                0x08002df4                RNG_IRQHandler
                0x08002df4                TIM1_TRG_COM_TIM17_IRQHandler
                0x08002df4                WWDG_IRQHandler
                0x08002df4                LPUART1_IRQHandler
                0x08002df4                DMA2_Channel6_IRQHandler
                0x08002df4                FDCAN1_IT0_IRQHandler
                0x08002df4                TIM2_IRQHandler
                0x08002df4                COMP1_2_3_IRQHandler
                0x08002df4                EXTI1_IRQHandler
                0x08002df4                USART2_IRQHandler
                0x08002df4                I2C2_ER_IRQHandler
                0x08002df4                TIM8_BRK_IRQHandler
                0x08002df4                FLASH_IRQHandler
                0x08002df4                USART1_IRQHandler
                0x08002df4                SPI3_IRQHandler
                0x08002df4                LPTIM1_IRQHandler
                0x08002df4                DMAMUX_OVR_IRQHandler
                0x08002df4                USBWakeUp_IRQHandler
                0x08002df4                SAI1_IRQHandler
                0x08002df4                DMA2_Channel3_IRQHandler
                0x08002df4                COMP4_IRQHandler
                0x08002df4                TIM1_BRK_TIM15_IRQHandler
 .text.HAL_Init
                0x08002df6       0x30 ./Drivers/STM32G4xx_HAL_Driver/stm32g4xx_hal.o
                0x08002df6                HAL_Init
 *fill*         0x08002e26        0x2 
 .text.HAL_IncTick
                0x08002e28       0x24 ./Drivers/STM32G4xx_HAL_Driver/stm32g4xx_hal.o
                0x08002e28                HAL_IncTick
 .text.HAL_GetTick
                0x08002e4c       0x18 ./Drivers/STM32G4xx_HAL_Driver/stm32g4xx_hal.o
                0x08002e4c                HAL_GetTick
 .text.HAL_Delay
                0x08002e64       0x44 ./Drivers/STM32G4xx_HAL_Driver/stm32g4xx_hal.o
                0x08002e64                HAL_Delay
 .text.LL_ADC_SetCommonClock
                0x08002ea8       0x26 ./Drivers/STM32G4xx_HAL_Driver/stm32g4xx_hal_adc.o
 .text.LL_ADC_SetCommonPathInternalCh
                0x08002ece       0x26 ./Drivers/STM32G4xx_HAL_Driver/stm32g4xx_hal_adc.o
 .text.LL_ADC_GetCommonPathInternalCh
                0x08002ef4       0x1c ./Drivers/STM32G4xx_HAL_Driver/stm32g4xx_hal_adc.o
 .text.LL_ADC_SetOffset
                0x08002f10       0x48 ./Drivers/STM32G4xx_HAL_Driver/stm32g4xx_hal_adc.o
 .text.LL_ADC_GetOffsetChannel
                0x08002f58       0x2c ./Drivers/STM32G4xx_HAL_Driver/stm32g4xx_hal_adc.o
 .text.LL_ADC_SetOffsetState
                0x08002f84       0x36 ./Drivers/STM32G4xx_HAL_Driver/stm32g4xx_hal_adc.o
 .text.LL_ADC_SetOffsetSign
                0x08002fba       0x36 ./Drivers/STM32G4xx_HAL_Driver/stm32g4xx_hal_adc.o
 .text.LL_ADC_SetOffsetSaturation
                0x08002ff0       0x36 ./Drivers/STM32G4xx_HAL_Driver/stm32g4xx_hal_adc.o
 .text.LL_ADC_SetSamplingTimeCommonConfig
                0x08003026       0x26 ./Drivers/STM32G4xx_HAL_Driver/stm32g4xx_hal_adc.o
 .text.LL_ADC_REG_IsTriggerSourceSWStart
                0x0800304c       0x26 ./Drivers/STM32G4xx_HAL_Driver/stm32g4xx_hal_adc.o
 .text.LL_ADC_REG_SetSequencerRanks
                0x08003072       0x58 ./Drivers/STM32G4xx_HAL_Driver/stm32g4xx_hal_adc.o
 .text.LL_ADC_INJ_IsTriggerSourceSWStart
                0x080030ca       0x26 ./Drivers/STM32G4xx_HAL_Driver/stm32g4xx_hal_adc.o
 .text.LL_ADC_SetChannelSamplingTime
                0x080030f0       0x56 ./Drivers/STM32G4xx_HAL_Driver/stm32g4xx_hal_adc.o
 *fill*         0x08003146        0x2 
 .text.LL_ADC_SetChannelSingleDiff
                0x08003148       0x48 ./Drivers/STM32G4xx_HAL_Driver/stm32g4xx_hal_adc.o
 .text.LL_ADC_GetMultimode
                0x08003190       0x1c ./Drivers/STM32G4xx_HAL_Driver/stm32g4xx_hal_adc.o
 .text.LL_ADC_GetMultiDMATransfer
                0x080031ac       0x1c ./Drivers/STM32G4xx_HAL_Driver/stm32g4xx_hal_adc.o
 .text.LL_ADC_DisableDeepPowerDown
                0x080031c8       0x24 ./Drivers/STM32G4xx_HAL_Driver/stm32g4xx_hal_adc.o
 .text.LL_ADC_IsDeepPowerDownEnabled
                0x080031ec       0x28 ./Drivers/STM32G4xx_HAL_Driver/stm32g4xx_hal_adc.o
 .text.LL_ADC_EnableInternalRegulator
                0x08003214       0x28 ./Drivers/STM32G4xx_HAL_Driver/stm32g4xx_hal_adc.o
 .text.LL_ADC_IsInternalRegulatorEnabled
                0x0800323c       0x28 ./Drivers/STM32G4xx_HAL_Driver/stm32g4xx_hal_adc.o
 .text.LL_ADC_Enable
                0x08003264       0x28 ./Drivers/STM32G4xx_HAL_Driver/stm32g4xx_hal_adc.o
 .text.LL_ADC_Disable
                0x0800328c       0x28 ./Drivers/STM32G4xx_HAL_Driver/stm32g4xx_hal_adc.o
 .text.LL_ADC_IsEnabled
                0x080032b4       0x26 ./Drivers/STM32G4xx_HAL_Driver/stm32g4xx_hal_adc.o
 .text.LL_ADC_IsDisableOngoing
                0x080032da       0x26 ./Drivers/STM32G4xx_HAL_Driver/stm32g4xx_hal_adc.o
 .text.LL_ADC_REG_StartConversion
                0x08003300       0x28 ./Drivers/STM32G4xx_HAL_Driver/stm32g4xx_hal_adc.o
 .text.LL_ADC_REG_IsConversionOngoing
                0x08003328       0x26 ./Drivers/STM32G4xx_HAL_Driver/stm32g4xx_hal_adc.o
 .text.LL_ADC_INJ_IsConversionOngoing
                0x0800334e       0x26 ./Drivers/STM32G4xx_HAL_Driver/stm32g4xx_hal_adc.o
 .text.HAL_ADC_Init
                0x08003374      0x308 ./Drivers/STM32G4xx_HAL_Driver/stm32g4xx_hal_adc.o
                0x08003374                HAL_ADC_Init
 .text.HAL_ADC_Start_DMA
                0x0800367c      0x168 ./Drivers/STM32G4xx_HAL_Driver/stm32g4xx_hal_adc.o
                0x0800367c                HAL_ADC_Start_DMA
 .text.HAL_ADC_IRQHandler
                0x080037e4      0x434 ./Drivers/STM32G4xx_HAL_Driver/stm32g4xx_hal_adc.o
                0x080037e4                HAL_ADC_IRQHandler
 .text.HAL_ADC_ConvHalfCpltCallback
                0x08003c18       0x14 ./Drivers/STM32G4xx_HAL_Driver/stm32g4xx_hal_adc.o
                0x08003c18                HAL_ADC_ConvHalfCpltCallback
 .text.HAL_ADC_LevelOutOfWindowCallback
                0x08003c2c       0x14 ./Drivers/STM32G4xx_HAL_Driver/stm32g4xx_hal_adc.o
                0x08003c2c                HAL_ADC_LevelOutOfWindowCallback
 .text.HAL_ADC_ErrorCallback
                0x08003c40       0x14 ./Drivers/STM32G4xx_HAL_Driver/stm32g4xx_hal_adc.o
                0x08003c40                HAL_ADC_ErrorCallback
 .text.HAL_ADC_ConfigChannel
                0x08003c54      0x7e0 ./Drivers/STM32G4xx_HAL_Driver/stm32g4xx_hal_adc.o
                0x08003c54                HAL_ADC_ConfigChannel
 .text.ADC_Enable
                0x08004434      0x10c ./Drivers/STM32G4xx_HAL_Driver/stm32g4xx_hal_adc.o
                0x08004434                ADC_Enable
 .text.ADC_Disable
                0x08004540       0xbe ./Drivers/STM32G4xx_HAL_Driver/stm32g4xx_hal_adc.o
                0x08004540                ADC_Disable
 .text.ADC_DMAConvCplt
                0x080045fe       0xd8 ./Drivers/STM32G4xx_HAL_Driver/stm32g4xx_hal_adc.o
                0x080045fe                ADC_DMAConvCplt
 .text.ADC_DMAHalfConvCplt
                0x080046d6       0x1c ./Drivers/STM32G4xx_HAL_Driver/stm32g4xx_hal_adc.o
                0x080046d6                ADC_DMAHalfConvCplt
 .text.ADC_DMAError
                0x080046f2       0x34 ./Drivers/STM32G4xx_HAL_Driver/stm32g4xx_hal_adc.o
                0x080046f2                ADC_DMAError
 .text.LL_ADC_IsEnabled
                0x08004726       0x26 ./Drivers/STM32G4xx_HAL_Driver/stm32g4xx_hal_adc_ex.o
 .text.LL_ADC_StartCalibration
                0x0800474c       0x32 ./Drivers/STM32G4xx_HAL_Driver/stm32g4xx_hal_adc_ex.o
 .text.LL_ADC_IsCalibrationOnGoing
                0x0800477e       0x28 ./Drivers/STM32G4xx_HAL_Driver/stm32g4xx_hal_adc_ex.o
 .text.LL_ADC_REG_IsConversionOngoing
                0x080047a6       0x26 ./Drivers/STM32G4xx_HAL_Driver/stm32g4xx_hal_adc_ex.o
 .text.HAL_ADCEx_Calibration_Start
                0x080047cc       0xc4 ./Drivers/STM32G4xx_HAL_Driver/stm32g4xx_hal_adc_ex.o
                0x080047cc                HAL_ADCEx_Calibration_Start
 .text.HAL_ADCEx_InjectedConvCpltCallback
                0x08004890       0x14 ./Drivers/STM32G4xx_HAL_Driver/stm32g4xx_hal_adc_ex.o
                0x08004890                HAL_ADCEx_InjectedConvCpltCallback
 .text.HAL_ADCEx_InjectedQueueOverflowCallback
                0x080048a4       0x14 ./Drivers/STM32G4xx_HAL_Driver/stm32g4xx_hal_adc_ex.o
                0x080048a4                HAL_ADCEx_InjectedQueueOverflowCallback
 .text.HAL_ADCEx_LevelOutOfWindow2Callback
                0x080048b8       0x14 ./Drivers/STM32G4xx_HAL_Driver/stm32g4xx_hal_adc_ex.o
                0x080048b8                HAL_ADCEx_LevelOutOfWindow2Callback
 .text.HAL_ADCEx_LevelOutOfWindow3Callback
                0x080048cc       0x14 ./Drivers/STM32G4xx_HAL_Driver/stm32g4xx_hal_adc_ex.o
                0x080048cc                HAL_ADCEx_LevelOutOfWindow3Callback
 .text.HAL_ADCEx_EndOfSamplingCallback
                0x080048e0       0x14 ./Drivers/STM32G4xx_HAL_Driver/stm32g4xx_hal_adc_ex.o
                0x080048e0                HAL_ADCEx_EndOfSamplingCallback
 .text.HAL_ADCEx_MultiModeConfigChannel
                0x080048f4      0x148 ./Drivers/STM32G4xx_HAL_Driver/stm32g4xx_hal_adc_ex.o
                0x080048f4                HAL_ADCEx_MultiModeConfigChannel
 .text.__NVIC_SetPriorityGrouping
                0x08004a3c       0x48 ./Drivers/STM32G4xx_HAL_Driver/stm32g4xx_hal_cortex.o
 .text.__NVIC_GetPriorityGrouping
                0x08004a84       0x1c ./Drivers/STM32G4xx_HAL_Driver/stm32g4xx_hal_cortex.o
 .text.__NVIC_EnableIRQ
                0x08004aa0       0x3c ./Drivers/STM32G4xx_HAL_Driver/stm32g4xx_hal_cortex.o
 .text.__NVIC_SetPriority
                0x08004adc       0x54 ./Drivers/STM32G4xx_HAL_Driver/stm32g4xx_hal_cortex.o
 .text.NVIC_EncodePriority
                0x08004b30       0x66 ./Drivers/STM32G4xx_HAL_Driver/stm32g4xx_hal_cortex.o
 .text.HAL_NVIC_SetPriorityGrouping
                0x08004b96       0x16 ./Drivers/STM32G4xx_HAL_Driver/stm32g4xx_hal_cortex.o
                0x08004b96                HAL_NVIC_SetPriorityGrouping
 .text.HAL_NVIC_SetPriority
                0x08004bac       0x34 ./Drivers/STM32G4xx_HAL_Driver/stm32g4xx_hal_cortex.o
                0x08004bac                HAL_NVIC_SetPriority
 .text.HAL_NVIC_EnableIRQ
                0x08004be0       0x1c ./Drivers/STM32G4xx_HAL_Driver/stm32g4xx_hal_cortex.o
                0x08004be0                HAL_NVIC_EnableIRQ
 .text.HAL_DAC_Init
                0x08004bfc       0x44 ./Drivers/STM32G4xx_HAL_Driver/stm32g4xx_hal_dac.o
                0x08004bfc                HAL_DAC_Init
 .text.HAL_DAC_Start_DMA
                0x08004c40      0x1a8 ./Drivers/STM32G4xx_HAL_Driver/stm32g4xx_hal_dac.o
                0x08004c40                HAL_DAC_Start_DMA
 .text.HAL_DAC_Stop_DMA
                0x08004de8       0x9a ./Drivers/STM32G4xx_HAL_Driver/stm32g4xx_hal_dac.o
                0x08004de8                HAL_DAC_Stop_DMA
 .text.HAL_DAC_IRQHandler
                0x08004e82       0xac ./Drivers/STM32G4xx_HAL_Driver/stm32g4xx_hal_dac.o
                0x08004e82                HAL_DAC_IRQHandler
 .text.HAL_DAC_ConvCpltCallbackCh1
                0x08004f2e       0x14 ./Drivers/STM32G4xx_HAL_Driver/stm32g4xx_hal_dac.o
                0x08004f2e                HAL_DAC_ConvCpltCallbackCh1
 .text.HAL_DAC_ConvHalfCpltCallbackCh1
                0x08004f42       0x14 ./Drivers/STM32G4xx_HAL_Driver/stm32g4xx_hal_dac.o
                0x08004f42                HAL_DAC_ConvHalfCpltCallbackCh1
 .text.HAL_DAC_ErrorCallbackCh1
                0x08004f56       0x14 ./Drivers/STM32G4xx_HAL_Driver/stm32g4xx_hal_dac.o
                0x08004f56                HAL_DAC_ErrorCallbackCh1
 .text.HAL_DAC_DMAUnderrunCallbackCh1
                0x08004f6a       0x14 ./Drivers/STM32G4xx_HAL_Driver/stm32g4xx_hal_dac.o
                0x08004f6a                HAL_DAC_DMAUnderrunCallbackCh1
 *fill*         0x08004f7e        0x2 
 .text.HAL_DAC_ConfigChannel
                0x08004f80      0x374 ./Drivers/STM32G4xx_HAL_Driver/stm32g4xx_hal_dac.o
                0x08004f80                HAL_DAC_ConfigChannel
 .text.DAC_DMAConvCpltCh1
                0x080052f4       0x22 ./Drivers/STM32G4xx_HAL_Driver/stm32g4xx_hal_dac.o
                0x080052f4                DAC_DMAConvCpltCh1
 .text.DAC_DMAHalfConvCpltCh1
                0x08005316       0x1c ./Drivers/STM32G4xx_HAL_Driver/stm32g4xx_hal_dac.o
                0x08005316                DAC_DMAHalfConvCpltCh1
 .text.DAC_DMAErrorCh1
                0x08005332       0x2e ./Drivers/STM32G4xx_HAL_Driver/stm32g4xx_hal_dac.o
                0x08005332                DAC_DMAErrorCh1
 .text.HAL_DACEx_ConvCpltCallbackCh2
                0x08005360       0x14 ./Drivers/STM32G4xx_HAL_Driver/stm32g4xx_hal_dac_ex.o
                0x08005360                HAL_DACEx_ConvCpltCallbackCh2
 .text.HAL_DACEx_ConvHalfCpltCallbackCh2
                0x08005374       0x14 ./Drivers/STM32G4xx_HAL_Driver/stm32g4xx_hal_dac_ex.o
                0x08005374                HAL_DACEx_ConvHalfCpltCallbackCh2
 .text.HAL_DACEx_ErrorCallbackCh2
                0x08005388       0x14 ./Drivers/STM32G4xx_HAL_Driver/stm32g4xx_hal_dac_ex.o
                0x08005388                HAL_DACEx_ErrorCallbackCh2
 .text.HAL_DACEx_DMAUnderrunCallbackCh2
                0x0800539c       0x14 ./Drivers/STM32G4xx_HAL_Driver/stm32g4xx_hal_dac_ex.o
                0x0800539c                HAL_DACEx_DMAUnderrunCallbackCh2
 .text.DAC_DMAConvCpltCh2
                0x080053b0       0x22 ./Drivers/STM32G4xx_HAL_Driver/stm32g4xx_hal_dac_ex.o
                0x080053b0                DAC_DMAConvCpltCh2
 .text.DAC_DMAHalfConvCpltCh2
                0x080053d2       0x1c ./Drivers/STM32G4xx_HAL_Driver/stm32g4xx_hal_dac_ex.o
                0x080053d2                DAC_DMAHalfConvCpltCh2
 .text.DAC_DMAErrorCh2
                0x080053ee       0x2e ./Drivers/STM32G4xx_HAL_Driver/stm32g4xx_hal_dac_ex.o
                0x080053ee                DAC_DMAErrorCh2
 .text.HAL_DMA_Init
                0x0800541c      0x150 ./Drivers/STM32G4xx_HAL_Driver/stm32g4xx_hal_dma.o
                0x0800541c                HAL_DMA_Init
 .text.HAL_DMA_Start_IT
                0x0800556c       0xf6 ./Drivers/STM32G4xx_HAL_Driver/stm32g4xx_hal_dma.o
                0x0800556c                HAL_DMA_Start_IT
 .text.HAL_DMA_Abort
                0x08005662       0xb2 ./Drivers/STM32G4xx_HAL_Driver/stm32g4xx_hal_dma.o
                0x08005662                HAL_DMA_Abort
 .text.HAL_DMA_Abort_IT
                0x08005714       0xce ./Drivers/STM32G4xx_HAL_Driver/stm32g4xx_hal_dma.o
                0x08005714                HAL_DMA_Abort_IT
 .text.HAL_DMA_IRQHandler
                0x080057e2      0x15e ./Drivers/STM32G4xx_HAL_Driver/stm32g4xx_hal_dma.o
                0x080057e2                HAL_DMA_IRQHandler
 .text.HAL_DMA_GetState
                0x08005940       0x1c ./Drivers/STM32G4xx_HAL_Driver/stm32g4xx_hal_dma.o
                0x08005940                HAL_DMA_GetState
 .text.DMA_SetConfig
                0x0800595c       0x7c ./Drivers/STM32G4xx_HAL_Driver/stm32g4xx_hal_dma.o
 .text.DMA_CalcDMAMUXChannelBaseAndMask
                0x080059d8       0x7c ./Drivers/STM32G4xx_HAL_Driver/stm32g4xx_hal_dma.o
 .text.DMA_CalcDMAMUXRequestGenBaseAndMask
                0x08005a54       0x48 ./Drivers/STM32G4xx_HAL_Driver/stm32g4xx_hal_dma.o
 .text.HAL_GPIO_Init
                0x08005a9c      0x304 ./Drivers/STM32G4xx_HAL_Driver/stm32g4xx_hal_gpio.o
                0x08005a9c                HAL_GPIO_Init
 .text.HAL_GPIO_WritePin
                0x08005da0       0x30 ./Drivers/STM32G4xx_HAL_Driver/stm32g4xx_hal_gpio.o
                0x08005da0                HAL_GPIO_WritePin
 .text.HAL_I2C_Init
                0x08005dd0      0x136 ./Drivers/STM32G4xx_HAL_Driver/stm32g4xx_hal_i2c.o
                0x08005dd0                HAL_I2C_Init
 *fill*         0x08005f06        0x2 
 .text.HAL_I2C_Master_Transmit_DMA
                0x08005f08      0x228 ./Drivers/STM32G4xx_HAL_Driver/stm32g4xx_hal_i2c.o
                0x08005f08                HAL_I2C_Master_Transmit_DMA
 .text.HAL_I2C_EV_IRQHandler
                0x08006130       0x34 ./Drivers/STM32G4xx_HAL_Driver/stm32g4xx_hal_i2c.o
                0x08006130                HAL_I2C_EV_IRQHandler
 .text.HAL_I2C_ER_IRQHandler
                0x08006164       0xb6 ./Drivers/STM32G4xx_HAL_Driver/stm32g4xx_hal_i2c.o
                0x08006164                HAL_I2C_ER_IRQHandler
 .text.HAL_I2C_MasterRxCpltCallback
                0x0800621a       0x14 ./Drivers/STM32G4xx_HAL_Driver/stm32g4xx_hal_i2c.o
                0x0800621a                HAL_I2C_MasterRxCpltCallback
 .text.HAL_I2C_SlaveTxCpltCallback
                0x0800622e       0x14 ./Drivers/STM32G4xx_HAL_Driver/stm32g4xx_hal_i2c.o
                0x0800622e                HAL_I2C_SlaveTxCpltCallback
 .text.HAL_I2C_SlaveRxCpltCallback
                0x08006242       0x14 ./Drivers/STM32G4xx_HAL_Driver/stm32g4xx_hal_i2c.o
                0x08006242                HAL_I2C_SlaveRxCpltCallback
 .text.HAL_I2C_AddrCallback
                0x08006256       0x1c ./Drivers/STM32G4xx_HAL_Driver/stm32g4xx_hal_i2c.o
                0x08006256                HAL_I2C_AddrCallback
 .text.HAL_I2C_ListenCpltCallback
                0x08006272       0x14 ./Drivers/STM32G4xx_HAL_Driver/stm32g4xx_hal_i2c.o
                0x08006272                HAL_I2C_ListenCpltCallback
 .text.HAL_I2C_MemTxCpltCallback
                0x08006286       0x14 ./Drivers/STM32G4xx_HAL_Driver/stm32g4xx_hal_i2c.o
                0x08006286                HAL_I2C_MemTxCpltCallback
 .text.HAL_I2C_MemRxCpltCallback
                0x0800629a       0x14 ./Drivers/STM32G4xx_HAL_Driver/stm32g4xx_hal_i2c.o
                0x0800629a                HAL_I2C_MemRxCpltCallback
 .text.HAL_I2C_ErrorCallback
                0x080062ae       0x14 ./Drivers/STM32G4xx_HAL_Driver/stm32g4xx_hal_i2c.o
                0x080062ae                HAL_I2C_ErrorCallback
 .text.HAL_I2C_AbortCpltCallback
                0x080062c2       0x14 ./Drivers/STM32G4xx_HAL_Driver/stm32g4xx_hal_i2c.o
                0x080062c2                HAL_I2C_AbortCpltCallback
 .text.HAL_I2C_GetState
                0x080062d6       0x1c ./Drivers/STM32G4xx_HAL_Driver/stm32g4xx_hal_i2c.o
                0x080062d6                HAL_I2C_GetState
 .text.HAL_I2C_GetError
                0x080062f2       0x18 ./Drivers/STM32G4xx_HAL_Driver/stm32g4xx_hal_i2c.o
                0x080062f2                HAL_I2C_GetError
 .text.I2C_Master_ISR_IT
                0x0800630a      0x24e ./Drivers/STM32G4xx_HAL_Driver/stm32g4xx_hal_i2c.o
 .text.I2C_Slave_ISR_IT
                0x08006558      0x1f2 ./Drivers/STM32G4xx_HAL_Driver/stm32g4xx_hal_i2c.o
 .text.I2C_Master_ISR_DMA
                0x0800674a      0x1d6 ./Drivers/STM32G4xx_HAL_Driver/stm32g4xx_hal_i2c.o
 .text.I2C_Mem_ISR_DMA
                0x08006920      0x24c ./Drivers/STM32G4xx_HAL_Driver/stm32g4xx_hal_i2c.o
 .text.I2C_Slave_ISR_DMA
                0x08006b6c      0x1ae ./Drivers/STM32G4xx_HAL_Driver/stm32g4xx_hal_i2c.o
 .text.I2C_ITAddrCplt
                0x08006d1a      0x108 ./Drivers/STM32G4xx_HAL_Driver/stm32g4xx_hal_i2c.o
 .text.I2C_ITMasterSeqCplt
                0x08006e22       0x7a ./Drivers/STM32G4xx_HAL_Driver/stm32g4xx_hal_i2c.o
 .text.I2C_ITSlaveSeqCplt
                0x08006e9c       0xb8 ./Drivers/STM32G4xx_HAL_Driver/stm32g4xx_hal_i2c.o
 .text.I2C_ITMasterCplt
                0x08006f54      0x190 ./Drivers/STM32G4xx_HAL_Driver/stm32g4xx_hal_i2c.o
 .text.I2C_ITSlaveCplt
                0x080070e4      0x2c8 ./Drivers/STM32G4xx_HAL_Driver/stm32g4xx_hal_i2c.o
 .text.I2C_ITListenCplt
                0x080073ac       0xa8 ./Drivers/STM32G4xx_HAL_Driver/stm32g4xx_hal_i2c.o
 .text.I2C_ITError
                0x08007454      0x1e0 ./Drivers/STM32G4xx_HAL_Driver/stm32g4xx_hal_i2c.o
 .text.I2C_TreatErrorCallback
                0x08007634       0x4e ./Drivers/STM32G4xx_HAL_Driver/stm32g4xx_hal_i2c.o
 .text.I2C_Flush_TXDR
                0x08007682       0x48 ./Drivers/STM32G4xx_HAL_Driver/stm32g4xx_hal_i2c.o
 .text.I2C_DMAMasterTransmitCplt
                0x080076ca       0x96 ./Drivers/STM32G4xx_HAL_Driver/stm32g4xx_hal_i2c.o
 .text.I2C_DMAError
                0x08007760       0x2e ./Drivers/STM32G4xx_HAL_Driver/stm32g4xx_hal_i2c.o
 .text.I2C_DMAAbort
                0x0800778e       0x3c ./Drivers/STM32G4xx_HAL_Driver/stm32g4xx_hal_i2c.o
 *fill*         0x080077ca        0x2 
 .text.I2C_TransferConfig
                0x080077cc       0x64 ./Drivers/STM32G4xx_HAL_Driver/stm32g4xx_hal_i2c.o
 .text.I2C_Enable_IRQ
                0x08007830      0x108 ./Drivers/STM32G4xx_HAL_Driver/stm32g4xx_hal_i2c.o
 .text.I2C_Disable_IRQ
                0x08007938       0xbc ./Drivers/STM32G4xx_HAL_Driver/stm32g4xx_hal_i2c.o
 .text.HAL_I2CEx_ConfigAnalogFilter
                0x080079f4       0x96 ./Drivers/STM32G4xx_HAL_Driver/stm32g4xx_hal_i2c_ex.o
                0x080079f4                HAL_I2CEx_ConfigAnalogFilter
 .text.HAL_I2CEx_ConfigDigitalFilter
                0x08007a8a       0x98 ./Drivers/STM32G4xx_HAL_Driver/stm32g4xx_hal_i2c_ex.o
                0x08007a8a                HAL_I2CEx_ConfigDigitalFilter
 *fill*         0x08007b22        0x2 
 .text.HAL_PWREx_ControlVoltageScaling
                0x08007b24      0x148 ./Drivers/STM32G4xx_HAL_Driver/stm32g4xx_hal_pwr_ex.o
                0x08007b24                HAL_PWREx_ControlVoltageScaling
 .text.HAL_PWREx_DisableUCPDDeadBattery
                0x08007c6c       0x20 ./Drivers/STM32G4xx_HAL_Driver/stm32g4xx_hal_pwr_ex.o
                0x08007c6c                HAL_PWREx_DisableUCPDDeadBattery
 .text.HAL_RCC_OscConfig
                0x08007c8c      0x624 ./Drivers/STM32G4xx_HAL_Driver/stm32g4xx_hal_rcc.o
                0x08007c8c                HAL_RCC_OscConfig
 .text.HAL_RCC_ClockConfig
                0x080082b0      0x278 ./Drivers/STM32G4xx_HAL_Driver/stm32g4xx_hal_rcc.o
                0x080082b0                HAL_RCC_ClockConfig
 .text.HAL_RCC_GetSysClockFreq
                0x08008528       0xc4 ./Drivers/STM32G4xx_HAL_Driver/stm32g4xx_hal_rcc.o
                0x08008528                HAL_RCC_GetSysClockFreq
 .text.HAL_RCC_GetHCLKFreq
                0x080085ec       0x18 ./Drivers/STM32G4xx_HAL_Driver/stm32g4xx_hal_rcc.o
                0x080085ec                HAL_RCC_GetHCLKFreq
 .text.HAL_RCC_GetPCLK1Freq
                0x08008604       0x2c ./Drivers/STM32G4xx_HAL_Driver/stm32g4xx_hal_rcc.o
                0x08008604                HAL_RCC_GetPCLK1Freq
 .text.HAL_RCC_GetPCLK2Freq
                0x08008630       0x2c ./Drivers/STM32G4xx_HAL_Driver/stm32g4xx_hal_rcc.o
                0x08008630                HAL_RCC_GetPCLK2Freq
 .text.HAL_RCC_GetClockConfig
                0x0800865c       0x64 ./Drivers/STM32G4xx_HAL_Driver/stm32g4xx_hal_rcc.o
                0x0800865c                HAL_RCC_GetClockConfig
 .text.RCC_GetSysClockFreqFromPLLSource
                0x080086c0       0x8c ./Drivers/STM32G4xx_HAL_Driver/stm32g4xx_hal_rcc.o
 .text.HAL_RCCEx_PeriphCLKConfig
                0x0800874c      0x3e0 ./Drivers/STM32G4xx_HAL_Driver/stm32g4xx_hal_rcc_ex.o
                0x0800874c                HAL_RCCEx_PeriphCLKConfig
 .text.HAL_TIM_Base_Init
                0x08008b2c       0xae ./Drivers/STM32G4xx_HAL_Driver/stm32g4xx_hal_tim.o
                0x08008b2c                HAL_TIM_Base_Init
 *fill*         0x08008bda        0x2 
 .text.HAL_TIM_Base_Start
                0x08008bdc       0xc4 ./Drivers/STM32G4xx_HAL_Driver/stm32g4xx_hal_tim.o
                0x08008bdc                HAL_TIM_Base_Start
 .text.HAL_TIM_Base_Start_IT
                0x08008ca0       0xd4 ./Drivers/STM32G4xx_HAL_Driver/stm32g4xx_hal_tim.o
                0x08008ca0                HAL_TIM_Base_Start_IT
 .text.HAL_TIM_OC_Init
                0x08008d74       0xae ./Drivers/STM32G4xx_HAL_Driver/stm32g4xx_hal_tim.o
                0x08008d74                HAL_TIM_OC_Init
 .text.HAL_TIM_OC_MspInit
                0x08008e22       0x14 ./Drivers/STM32G4xx_HAL_Driver/stm32g4xx_hal_tim.o
                0x08008e22                HAL_TIM_OC_MspInit
 *fill*         0x08008e36        0x2 
 .text.HAL_TIM_PWM_Start
                0x08008e38      0x200 ./Drivers/STM32G4xx_HAL_Driver/stm32g4xx_hal_tim.o
                0x08008e38                HAL_TIM_PWM_Start
 .text.HAL_TIM_IC_Init
                0x08009038       0xae ./Drivers/STM32G4xx_HAL_Driver/stm32g4xx_hal_tim.o
                0x08009038                HAL_TIM_IC_Init
 .text.HAL_TIM_IC_MspInit
                0x080090e6       0x14 ./Drivers/STM32G4xx_HAL_Driver/stm32g4xx_hal_tim.o
                0x080090e6                HAL_TIM_IC_MspInit
 *fill*         0x080090fa        0x2 
 .text.HAL_TIM_IC_Start_DMA
                0x080090fc      0x388 ./Drivers/STM32G4xx_HAL_Driver/stm32g4xx_hal_tim.o
                0x080090fc                HAL_TIM_IC_Start_DMA
 .text.HAL_TIM_IRQHandler
                0x08009484      0x29e ./Drivers/STM32G4xx_HAL_Driver/stm32g4xx_hal_tim.o
                0x08009484                HAL_TIM_IRQHandler
 *fill*         0x08009722        0x2 
 .text.HAL_TIM_OC_ConfigChannel
                0x08009724       0xf4 ./Drivers/STM32G4xx_HAL_Driver/stm32g4xx_hal_tim.o
                0x08009724                HAL_TIM_OC_ConfigChannel
 .text.HAL_TIM_IC_ConfigChannel
                0x08009818      0x138 ./Drivers/STM32G4xx_HAL_Driver/stm32g4xx_hal_tim.o
                0x08009818                HAL_TIM_IC_ConfigChannel
 .text.HAL_TIM_ConfigClockSource
                0x08009950      0x1f4 ./Drivers/STM32G4xx_HAL_Driver/stm32g4xx_hal_tim.o
                0x08009950                HAL_TIM_ConfigClockSource
 .text.HAL_TIM_ReadCapturedValue
                0x08009b44       0x88 ./Drivers/STM32G4xx_HAL_Driver/stm32g4xx_hal_tim.o
                0x08009b44                HAL_TIM_ReadCapturedValue
 .text.HAL_TIM_OC_DelayElapsedCallback
                0x08009bcc       0x14 ./Drivers/STM32G4xx_HAL_Driver/stm32g4xx_hal_tim.o
                0x08009bcc                HAL_TIM_OC_DelayElapsedCallback
 .text.HAL_TIM_IC_CaptureHalfCpltCallback
                0x08009be0       0x14 ./Drivers/STM32G4xx_HAL_Driver/stm32g4xx_hal_tim.o
                0x08009be0                HAL_TIM_IC_CaptureHalfCpltCallback
 .text.HAL_TIM_PWM_PulseFinishedCallback
                0x08009bf4       0x14 ./Drivers/STM32G4xx_HAL_Driver/stm32g4xx_hal_tim.o
                0x08009bf4                HAL_TIM_PWM_PulseFinishedCallback
 .text.HAL_TIM_TriggerCallback
                0x08009c08       0x14 ./Drivers/STM32G4xx_HAL_Driver/stm32g4xx_hal_tim.o
                0x08009c08                HAL_TIM_TriggerCallback
 .text.HAL_TIM_ErrorCallback
                0x08009c1c       0x14 ./Drivers/STM32G4xx_HAL_Driver/stm32g4xx_hal_tim.o
                0x08009c1c                HAL_TIM_ErrorCallback
 .text.TIM_DMAError
                0x08009c30       0x92 ./Drivers/STM32G4xx_HAL_Driver/stm32g4xx_hal_tim.o
                0x08009c30                TIM_DMAError
 .text.TIM_DMACaptureCplt
                0x08009cc2       0xc8 ./Drivers/STM32G4xx_HAL_Driver/stm32g4xx_hal_tim.o
                0x08009cc2                TIM_DMACaptureCplt
 .text.TIM_DMACaptureHalfCplt
                0x08009d8a       0x68 ./Drivers/STM32G4xx_HAL_Driver/stm32g4xx_hal_tim.o
                0x08009d8a                TIM_DMACaptureHalfCplt
 *fill*         0x08009df2        0x2 
 .text.TIM_Base_SetConfig
                0x08009df4      0x138 ./Drivers/STM32G4xx_HAL_Driver/stm32g4xx_hal_tim.o
                0x08009df4                TIM_Base_SetConfig
 .text.TIM_OC1_SetConfig
                0x08009f2c      0x120 ./Drivers/STM32G4xx_HAL_Driver/stm32g4xx_hal_tim.o
 .text.TIM_OC2_SetConfig
                0x0800a04c      0x114 ./Drivers/STM32G4xx_HAL_Driver/stm32g4xx_hal_tim.o
                0x0800a04c                TIM_OC2_SetConfig
 .text.TIM_OC3_SetConfig
                0x0800a160      0x110 ./Drivers/STM32G4xx_HAL_Driver/stm32g4xx_hal_tim.o
 .text.TIM_OC4_SetConfig
                0x0800a270      0x114 ./Drivers/STM32G4xx_HAL_Driver/stm32g4xx_hal_tim.o
 .text.TIM_OC5_SetConfig
                0x0800a384       0xc8 ./Drivers/STM32G4xx_HAL_Driver/stm32g4xx_hal_tim.o
 .text.TIM_OC6_SetConfig
                0x0800a44c       0xcc ./Drivers/STM32G4xx_HAL_Driver/stm32g4xx_hal_tim.o
 .text.TIM_TI1_SetConfig
                0x0800a518       0xd0 ./Drivers/STM32G4xx_HAL_Driver/stm32g4xx_hal_tim.o
                0x0800a518                TIM_TI1_SetConfig
 .text.TIM_TI1_ConfigInputStage
                0x0800a5e8       0x5e ./Drivers/STM32G4xx_HAL_Driver/stm32g4xx_hal_tim.o
 .text.TIM_TI2_SetConfig
                0x0800a646       0x7a ./Drivers/STM32G4xx_HAL_Driver/stm32g4xx_hal_tim.o
 .text.TIM_TI2_ConfigInputStage
                0x0800a6c0       0x60 ./Drivers/STM32G4xx_HAL_Driver/stm32g4xx_hal_tim.o
 .text.TIM_TI3_SetConfig
                0x0800a720       0x78 ./Drivers/STM32G4xx_HAL_Driver/stm32g4xx_hal_tim.o
 .text.TIM_TI4_SetConfig
                0x0800a798       0x7a ./Drivers/STM32G4xx_HAL_Driver/stm32g4xx_hal_tim.o
 .text.TIM_ITRx_SetConfig
                0x0800a812       0x3a ./Drivers/STM32G4xx_HAL_Driver/stm32g4xx_hal_tim.o
 .text.TIM_ETR_SetConfig
                0x0800a84c       0x40 ./Drivers/STM32G4xx_HAL_Driver/stm32g4xx_hal_tim.o
                0x0800a84c                TIM_ETR_SetConfig
 .text.TIM_CCxChannelCmd
                0x0800a88c       0x4a ./Drivers/STM32G4xx_HAL_Driver/stm32g4xx_hal_tim.o
                0x0800a88c                TIM_CCxChannelCmd
 *fill*         0x0800a8d6        0x2 
 .text.HAL_TIMEx_MasterConfigSynchronization
                0x0800a8d8      0x104 ./Drivers/STM32G4xx_HAL_Driver/stm32g4xx_hal_tim_ex.o
                0x0800a8d8                HAL_TIMEx_MasterConfigSynchronization
 .text.HAL_TIMEx_CommutCallback
                0x0800a9dc       0x14 ./Drivers/STM32G4xx_HAL_Driver/stm32g4xx_hal_tim_ex.o
                0x0800a9dc                HAL_TIMEx_CommutCallback
 .text.HAL_TIMEx_BreakCallback
                0x0800a9f0       0x14 ./Drivers/STM32G4xx_HAL_Driver/stm32g4xx_hal_tim_ex.o
                0x0800a9f0                HAL_TIMEx_BreakCallback
 .text.HAL_TIMEx_Break2Callback
                0x0800aa04       0x14 ./Drivers/STM32G4xx_HAL_Driver/stm32g4xx_hal_tim_ex.o
                0x0800aa04                HAL_TIMEx_Break2Callback
 .text.HAL_TIMEx_EncoderIndexCallback
                0x0800aa18       0x14 ./Drivers/STM32G4xx_HAL_Driver/stm32g4xx_hal_tim_ex.o
                0x0800aa18                HAL_TIMEx_EncoderIndexCallback
 .text.HAL_TIMEx_DirectionChangeCallback
                0x0800aa2c       0x14 ./Drivers/STM32G4xx_HAL_Driver/stm32g4xx_hal_tim_ex.o
                0x0800aa2c                HAL_TIMEx_DirectionChangeCallback
 .text.HAL_TIMEx_IndexErrorCallback
                0x0800aa40       0x14 ./Drivers/STM32G4xx_HAL_Driver/stm32g4xx_hal_tim_ex.o
                0x0800aa40                HAL_TIMEx_IndexErrorCallback
 .text.HAL_TIMEx_TransitionErrorCallback
                0x0800aa54       0x14 ./Drivers/STM32G4xx_HAL_Driver/stm32g4xx_hal_tim_ex.o
                0x0800aa54                HAL_TIMEx_TransitionErrorCallback
 .text.HAL_UART_Init
                0x0800aa68       0xa0 ./Drivers/STM32G4xx_HAL_Driver/stm32g4xx_hal_uart.o
                0x0800aa68                HAL_UART_Init
 .text.HAL_UART_Transmit_DMA
                0x0800ab08      0x100 ./Drivers/STM32G4xx_HAL_Driver/stm32g4xx_hal_uart.o
                0x0800ab08                HAL_UART_Transmit_DMA
 .text.HAL_UART_TxCpltCallback
                0x0800ac08       0x14 ./Drivers/STM32G4xx_HAL_Driver/stm32g4xx_hal_uart.o
                0x0800ac08                HAL_UART_TxCpltCallback
 .text.HAL_UART_TxHalfCpltCallback
                0x0800ac1c       0x14 ./Drivers/STM32G4xx_HAL_Driver/stm32g4xx_hal_uart.o
                0x0800ac1c                HAL_UART_TxHalfCpltCallback
 .text.HAL_UART_ErrorCallback
                0x0800ac30       0x14 ./Drivers/STM32G4xx_HAL_Driver/stm32g4xx_hal_uart.o
                0x0800ac30                HAL_UART_ErrorCallback
 .text.HAL_UARTEx_RxEventCallback
                0x0800ac44       0x18 ./Drivers/STM32G4xx_HAL_Driver/stm32g4xx_hal_uart.o
                0x0800ac44                HAL_UARTEx_RxEventCallback
 .text.UART_SetConfig
                0x0800ac5c      0x598 ./Drivers/STM32G4xx_HAL_Driver/stm32g4xx_hal_uart.o
                0x0800ac5c                UART_SetConfig
 .text.UART_AdvFeatureConfig
                0x0800b1f4      0x144 ./Drivers/STM32G4xx_HAL_Driver/stm32g4xx_hal_uart.o
                0x0800b1f4                UART_AdvFeatureConfig
 .text.UART_CheckIdleState
                0x0800b338      0x154 ./Drivers/STM32G4xx_HAL_Driver/stm32g4xx_hal_uart.o
                0x0800b338                UART_CheckIdleState
 .text.UART_WaitOnFlagUntilTimeout
                0x0800b48c       0xda ./Drivers/STM32G4xx_HAL_Driver/stm32g4xx_hal_uart.o
                0x0800b48c                UART_WaitOnFlagUntilTimeout
 *fill*         0x0800b566        0x2 
 .text.UART_Start_Receive_DMA
                0x0800b568      0x14c ./Drivers/STM32G4xx_HAL_Driver/stm32g4xx_hal_uart.o
                0x0800b568                UART_Start_Receive_DMA
 .text.UART_EndTxTransfer
                0x0800b6b4       0x82 ./Drivers/STM32G4xx_HAL_Driver/stm32g4xx_hal_uart.o
 .text.UART_EndRxTransfer
                0x0800b736       0xcc ./Drivers/STM32G4xx_HAL_Driver/stm32g4xx_hal_uart.o
 .text.UART_DMATransmitCplt
                0x0800b802       0x9a ./Drivers/STM32G4xx_HAL_Driver/stm32g4xx_hal_uart.o
 .text.UART_DMATxHalfCplt
                0x0800b89c       0x1c ./Drivers/STM32G4xx_HAL_Driver/stm32g4xx_hal_uart.o
 .text.UART_DMAReceiveCplt
                0x0800b8b8      0x12c ./Drivers/STM32G4xx_HAL_Driver/stm32g4xx_hal_uart.o
 .text.UART_DMARxHalfCplt
                0x0800b9e4       0x3e ./Drivers/STM32G4xx_HAL_Driver/stm32g4xx_hal_uart.o
 .text.UART_DMAError
                0x0800ba22       0x80 ./Drivers/STM32G4xx_HAL_Driver/stm32g4xx_hal_uart.o
 .text.HAL_UARTEx_DisableFifoMode
                0x0800baa2       0x72 ./Drivers/STM32G4xx_HAL_Driver/stm32g4xx_hal_uart_ex.o
                0x0800baa2                HAL_UARTEx_DisableFifoMode
 .text.HAL_UARTEx_SetTxFifoThreshold
                0x0800bb14       0x7c ./Drivers/STM32G4xx_HAL_Driver/stm32g4xx_hal_uart_ex.o
                0x0800bb14                HAL_UARTEx_SetTxFifoThreshold
 .text.HAL_UARTEx_SetRxFifoThreshold
                0x0800bb90       0x7c ./Drivers/STM32G4xx_HAL_Driver/stm32g4xx_hal_uart_ex.o
                0x0800bb90                HAL_UARTEx_SetRxFifoThreshold
 .text.HAL_UARTEx_ReceiveToIdle_DMA
                0x0800bc0c       0xa8 ./Drivers/STM32G4xx_HAL_Driver/stm32g4xx_hal_uart_ex.o
                0x0800bc0c                HAL_UARTEx_ReceiveToIdle_DMA
 .text.UARTEx_SetNbDataToProcess
                0x0800bcb4       0x9c ./Drivers/STM32G4xx_HAL_Driver/stm32g4xx_hal_uart_ex.o
 .text.__NVIC_SetPriority
                0x0800bd50       0x54 ./Middlewares/FreeRTOS/cmsis_os2.o
 .text.SysTick_Handler
                0x0800bda4       0x20 ./Middlewares/FreeRTOS/cmsis_os2.o
                0x0800bda4                SysTick_Handler
 .text.SVC_Setup
                0x0800bdc4       0x12 ./Middlewares/FreeRTOS/cmsis_os2.o
 *fill*         0x0800bdd6        0x2 
 .text.osKernelInitialize
                0x0800bdd8       0x48 ./Middlewares/FreeRTOS/cmsis_os2.o
                0x0800bdd8                osKernelInitialize
 .text.osKernelStart
                0x0800be20       0x4c ./Middlewares/FreeRTOS/cmsis_os2.o
                0x0800be20                osKernelStart
 .text.osThreadNew
                0x0800be6c      0x126 ./Middlewares/FreeRTOS/cmsis_os2.o
                0x0800be6c                osThreadNew
 .text.osDelay  0x0800bf92       0x36 ./Middlewares/FreeRTOS/cmsis_os2.o
                0x0800bf92                osDelay
 .text.osMutexNew
                0x0800bfc8      0x10c ./Middlewares/FreeRTOS/cmsis_os2.o
                0x0800bfc8                osMutexNew
 .text.osMutexAcquire
                0x0800c0d4       0x96 ./Middlewares/FreeRTOS/cmsis_os2.o
                0x0800c0d4                osMutexAcquire
 .text.osMutexRelease
                0x0800c16a       0x7a ./Middlewares/FreeRTOS/cmsis_os2.o
                0x0800c16a                osMutexRelease
 .text.vApplicationGetIdleTaskMemory
                0x0800c1e4       0x34 ./Middlewares/FreeRTOS/cmsis_os2.o
                0x0800c1e4                vApplicationGetIdleTaskMemory
 .text.vApplicationGetTimerTaskMemory
                0x0800c218       0x34 ./Middlewares/FreeRTOS/cmsis_os2.o
                0x0800c218                vApplicationGetTimerTaskMemory
 .text.pvPortMalloc
                0x0800c24c      0x19c ./Middlewares/FreeRTOS/heap_4.o
                0x0800c24c                pvPortMalloc
 .text.vPortFree
                0x0800c3e8       0xc8 ./Middlewares/FreeRTOS/heap_4.o
                0x0800c3e8                vPortFree
 .text.prvHeapInit
                0x0800c4b0       0xc4 ./Middlewares/FreeRTOS/heap_4.o
 .text.prvInsertBlockIntoFreeList
                0x0800c574       0xb4 ./Middlewares/FreeRTOS/heap_4.o
 .text.vListInitialise
                0x0800c628       0x40 ./Middlewares/FreeRTOS/list.o
                0x0800c628                vListInitialise
 .text.vListInitialiseItem
                0x0800c668       0x1a ./Middlewares/FreeRTOS/list.o
                0x0800c668                vListInitialiseItem
 .text.vListInsertEnd
                0x0800c682       0x48 ./Middlewares/FreeRTOS/list.o
                0x0800c682                vListInsertEnd
 .text.vListInsert
                0x0800c6ca       0x72 ./Middlewares/FreeRTOS/list.o
                0x0800c6ca                vListInsert
 .text.uxListRemove
                0x0800c73c       0x54 ./Middlewares/FreeRTOS/list.o
                0x0800c73c                uxListRemove
 .text.pxPortInitialiseStack
                0x0800c790       0x68 ./Middlewares/FreeRTOS/port.o
                0x0800c790                pxPortInitialiseStack
 .text.prvTaskExitError
                0x0800c7f8       0x5c ./Middlewares/FreeRTOS/port.o
 *fill*         0x0800c854        0xc 
 .text.SVC_Handler
                0x0800c860       0x28 ./Middlewares/FreeRTOS/port.o
                0x0800c860                SVC_Handler
 .text.prvPortStartFirstTask
                0x0800c888       0x28 ./Middlewares/FreeRTOS/port.o
 .text.xPortStartScheduler
                0x0800c8b0      0x148 ./Middlewares/FreeRTOS/port.o
                0x0800c8b0                xPortStartScheduler
 .text.vPortEnterCritical
                0x0800c9f8       0x64 ./Middlewares/FreeRTOS/port.o
                0x0800c9f8                vPortEnterCritical
 .text.vPortExitCritical
                0x0800ca5c       0x54 ./Middlewares/FreeRTOS/port.o
                0x0800ca5c                vPortExitCritical
 .text.PendSV_Handler
                0x0800cab0       0x68 ./Middlewares/FreeRTOS/port.o
                0x0800cab0                PendSV_Handler
 .text.xPortSysTickHandler
                0x0800cb18       0x44 ./Middlewares/FreeRTOS/port.o
                0x0800cb18                xPortSysTickHandler
 .text.vPortSetupTimerInterrupt
                0x0800cb5c       0x48 ./Middlewares/FreeRTOS/port.o
                0x0800cb5c                vPortSetupTimerInterrupt
 .text.vPortEnableVFP
                0x0800cba4       0x14 ./Middlewares/FreeRTOS/port.o
 .text.vPortValidateInterruptPriority
                0x0800cbb8       0x84 ./Middlewares/FreeRTOS/port.o
                0x0800cbb8                vPortValidateInterruptPriority
 .text.xQueueGenericReset
                0x0800cc3c       0xd4 ./Middlewares/FreeRTOS/queue.o
                0x0800cc3c                xQueueGenericReset
 .text.xQueueGenericCreateStatic
                0x0800cd10       0xfa ./Middlewares/FreeRTOS/queue.o
                0x0800cd10                xQueueGenericCreateStatic
 .text.xQueueGenericCreate
                0x0800ce0a       0x76 ./Middlewares/FreeRTOS/queue.o
                0x0800ce0a                xQueueGenericCreate
 .text.prvInitialiseNewQueue
                0x0800ce80       0x46 ./Middlewares/FreeRTOS/queue.o
 .text.prvInitialiseMutex
                0x0800cec6       0x34 ./Middlewares/FreeRTOS/queue.o
 .text.xQueueCreateMutex
                0x0800cefa       0x30 ./Middlewares/FreeRTOS/queue.o
                0x0800cefa                xQueueCreateMutex
 .text.xQueueCreateMutexStatic
                0x0800cf2a       0x36 ./Middlewares/FreeRTOS/queue.o
                0x0800cf2a                xQueueCreateMutexStatic
 .text.xQueueGiveMutexRecursive
                0x0800cf60       0x6a ./Middlewares/FreeRTOS/queue.o
                0x0800cf60                xQueueGiveMutexRecursive
 .text.xQueueTakeMutexRecursive
                0x0800cfca       0x6e ./Middlewares/FreeRTOS/queue.o
                0x0800cfca                xQueueTakeMutexRecursive
 .text.xQueueGenericSend
                0x0800d038      0x204 ./Middlewares/FreeRTOS/queue.o
                0x0800d038                xQueueGenericSend
 .text.xQueueGenericSendFromISR
                0x0800d23c      0x13c ./Middlewares/FreeRTOS/queue.o
                0x0800d23c                xQueueGenericSendFromISR
 .text.xQueueReceive
                0x0800d378      0x1c4 ./Middlewares/FreeRTOS/queue.o
                0x0800d378                xQueueReceive
 .text.xQueueSemaphoreTake
                0x0800d53c      0x220 ./Middlewares/FreeRTOS/queue.o
                0x0800d53c                xQueueSemaphoreTake
 .text.prvGetDisinheritPriorityAfterTimeout
                0x0800d75c       0x30 ./Middlewares/FreeRTOS/queue.o
 .text.prvCopyDataToQueue
                0x0800d78c       0xd4 ./Middlewares/FreeRTOS/queue.o
 .text.prvCopyDataFromQueue
                0x0800d860       0x4c ./Middlewares/FreeRTOS/queue.o
 .text.prvUnlockQueue
                0x0800d8ac       0xa4 ./Middlewares/FreeRTOS/queue.o
 .text.prvIsQueueEmpty
                0x0800d950       0x2c ./Middlewares/FreeRTOS/queue.o
 .text.prvIsQueueFull
                0x0800d97c       0x30 ./Middlewares/FreeRTOS/queue.o
 .text.vQueueAddToRegistry
                0x0800d9ac       0x54 ./Middlewares/FreeRTOS/queue.o
                0x0800d9ac                vQueueAddToRegistry
 .text.vQueueWaitForMessageRestricted
                0x0800da00       0x68 ./Middlewares/FreeRTOS/queue.o
                0x0800da00                vQueueWaitForMessageRestricted
 .text.xTaskCreateStatic
                0x0800da68       0xc4 ./Middlewares/FreeRTOS/tasks.o
                0x0800da68                xTaskCreateStatic
 .text.xTaskCreate
                0x0800db2c       0x8c ./Middlewares/FreeRTOS/tasks.o
                0x0800db2c                xTaskCreate
 .text.prvInitialiseNewTask
                0x0800dbb8      0x1a0 ./Middlewares/FreeRTOS/tasks.o
 .text.prvAddNewTaskToReadyList
                0x0800dd58       0xe0 ./Middlewares/FreeRTOS/tasks.o
 .text.vTaskDelay
                0x0800de38       0x6c ./Middlewares/FreeRTOS/tasks.o
                0x0800de38                vTaskDelay
 .text.vTaskStartScheduler
                0x0800dea4       0xe0 ./Middlewares/FreeRTOS/tasks.o
                0x0800dea4                vTaskStartScheduler
 .text.vTaskSuspendAll
                0x0800df84       0x1c ./Middlewares/FreeRTOS/tasks.o
                0x0800df84                vTaskSuspendAll
 .text.xTaskResumeAll
                0x0800dfa0      0x13c ./Middlewares/FreeRTOS/tasks.o
                0x0800dfa0                xTaskResumeAll
 .text.xTaskGetTickCount
                0x0800e0dc       0x20 ./Middlewares/FreeRTOS/tasks.o
                0x0800e0dc                xTaskGetTickCount
 .text.xTaskIncrementTick
                0x0800e0fc      0x174 ./Middlewares/FreeRTOS/tasks.o
                0x0800e0fc                xTaskIncrementTick
 .text.vTaskSwitchContext
                0x0800e270       0xcc ./Middlewares/FreeRTOS/tasks.o
                0x0800e270                vTaskSwitchContext
 .text.vTaskPlaceOnEventList
                0x0800e33c       0x4c ./Middlewares/FreeRTOS/tasks.o
                0x0800e33c                vTaskPlaceOnEventList
 .text.vTaskPlaceOnEventListRestricted
                0x0800e388       0x58 ./Middlewares/FreeRTOS/tasks.o
                0x0800e388                vTaskPlaceOnEventListRestricted
 .text.xTaskRemoveFromEventList
                0x0800e3e0       0xc8 ./Middlewares/FreeRTOS/tasks.o
                0x0800e3e0                xTaskRemoveFromEventList
 .text.vTaskInternalSetTimeOutState
                0x0800e4a8       0x2c ./Middlewares/FreeRTOS/tasks.o
                0x0800e4a8                vTaskInternalSetTimeOutState
 .text.xTaskCheckForTimeOut
                0x0800e4d4       0xc8 ./Middlewares/FreeRTOS/tasks.o
                0x0800e4d4                xTaskCheckForTimeOut
 .text.vTaskMissedYield
                0x0800e59c       0x18 ./Middlewares/FreeRTOS/tasks.o
                0x0800e59c                vTaskMissedYield
 .text.prvIdleTask
                0x0800e5b4       0x30 ./Middlewares/FreeRTOS/tasks.o
 .text.prvInitialiseTaskLists
                0x0800e5e4       0x80 ./Middlewares/FreeRTOS/tasks.o
 .text.prvCheckTasksWaitingTermination
                0x0800e664       0x5c ./Middlewares/FreeRTOS/tasks.o
 .text.prvDeleteTCB
                0x0800e6c0       0x6a ./Middlewares/FreeRTOS/tasks.o
 *fill*         0x0800e72a        0x2 
 .text.prvResetNextTaskUnblockTime
                0x0800e72c       0x40 ./Middlewares/FreeRTOS/tasks.o
 .text.xTaskGetCurrentTaskHandle
                0x0800e76c       0x20 ./Middlewares/FreeRTOS/tasks.o
                0x0800e76c                xTaskGetCurrentTaskHandle
 .text.xTaskGetSchedulerState
                0x0800e78c       0x3c ./Middlewares/FreeRTOS/tasks.o
                0x0800e78c                xTaskGetSchedulerState
 .text.xTaskPriorityInherit
                0x0800e7c8       0xd0 ./Middlewares/FreeRTOS/tasks.o
                0x0800e7c8                xTaskPriorityInherit
 .text.xTaskPriorityDisinherit
                0x0800e898       0xe0 ./Middlewares/FreeRTOS/tasks.o
                0x0800e898                xTaskPriorityDisinherit
 .text.vTaskPriorityDisinheritAfterTimeout
                0x0800e978      0x108 ./Middlewares/FreeRTOS/tasks.o
                0x0800e978                vTaskPriorityDisinheritAfterTimeout
 .text.pvTaskIncrementMutexHeldCount
                0x0800ea80       0x28 ./Middlewares/FreeRTOS/tasks.o
                0x0800ea80                pvTaskIncrementMutexHeldCount
 .text.prvAddCurrentTaskToDelayedList
                0x0800eaa8       0xa8 ./Middlewares/FreeRTOS/tasks.o
 .text.xTimerCreateTimerTask
                0x0800eb50       0x94 ./Middlewares/FreeRTOS/timers.o
                0x0800eb50                xTimerCreateTimerTask
 .text.xTimerGenericCommand
                0x0800ebe4       0x9c ./Middlewares/FreeRTOS/timers.o
                0x0800ebe4                xTimerGenericCommand
 .text.prvProcessExpiredTimer
                0x0800ec80       0x9c ./Middlewares/FreeRTOS/timers.o
 .text.prvTimerTask
                0x0800ed1c       0x26 ./Middlewares/FreeRTOS/timers.o
 *fill*         0x0800ed42        0x2 
 .text.prvProcessTimerOrBlockTask
                0x0800ed44       0x9c ./Middlewares/FreeRTOS/timers.o
 .text.prvGetNextExpireTime
                0x0800ede0       0x48 ./Middlewares/FreeRTOS/timers.o
 .text.prvSampleTimeNow
                0x0800ee28       0x40 ./Middlewares/FreeRTOS/timers.o
 .text.prvInsertTimerInActiveList
                0x0800ee68       0x84 ./Middlewares/FreeRTOS/timers.o
 .text.prvProcessReceivedCommands
                0x0800eeec      0x1cc ./Middlewares/FreeRTOS/timers.o
 .text.prvSwitchTimerLists
                0x0800f0b8       0xcc ./Middlewares/FreeRTOS/timers.o
 .text.prvCheckForValidListAndQueue
                0x0800f184       0x80 ./Middlewares/FreeRTOS/timers.o
 .text.malloc   0x0800f204       0x10 C:/ST/STM32CubeIDE_1.16.0/STM32CubeIDE/plugins/com.st.stm32cube.ide.mcu.externaltools.gnu-tools-for-stm32.12.3.rel1.win32_1.1.0.202410251130/tools/bin/../lib/gcc/arm-none-eabi/12.3.1/../../../../arm-none-eabi/lib/thumb/v7e-m+fp/hard\libc.a(libc_a-malloc.o)
                0x0800f204                malloc
 .text._malloc_r
                0x0800f214      0x474 C:/ST/STM32CubeIDE_1.16.0/STM32CubeIDE/plugins/com.st.stm32cube.ide.mcu.externaltools.gnu-tools-for-stm32.12.3.rel1.win32_1.1.0.202410251130/tools/bin/../lib/gcc/arm-none-eabi/12.3.1/../../../../arm-none-eabi/lib/thumb/v7e-m+fp/hard\libc.a(libc_a-mallocr.o)
                0x0800f214                _malloc_r
 .text.__malloc_lock
                0x0800f688        0xc C:/ST/STM32CubeIDE_1.16.0/STM32CubeIDE/plugins/com.st.stm32cube.ide.mcu.externaltools.gnu-tools-for-stm32.12.3.rel1.win32_1.1.0.202410251130/tools/bin/../lib/gcc/arm-none-eabi/12.3.1/../../../../arm-none-eabi/lib/thumb/v7e-m+fp/hard\libc.a(libc_a-mlock.o)
                0x0800f688                __malloc_lock
 .text.__malloc_unlock
                0x0800f694        0xc C:/ST/STM32CubeIDE_1.16.0/STM32CubeIDE/plugins/com.st.stm32cube.ide.mcu.externaltools.gnu-tools-for-stm32.12.3.rel1.win32_1.1.0.202410251130/tools/bin/../lib/gcc/arm-none-eabi/12.3.1/../../../../arm-none-eabi/lib/thumb/v7e-m+fp/hard\libc.a(libc_a-mlock.o)
                0x0800f694                __malloc_unlock
 .text.std      0x0800f6a0       0x6c C:/ST/STM32CubeIDE_1.16.0/STM32CubeIDE/plugins/com.st.stm32cube.ide.mcu.externaltools.gnu-tools-for-stm32.12.3.rel1.win32_1.1.0.202410251130/tools/bin/../lib/gcc/arm-none-eabi/12.3.1/../../../../arm-none-eabi/lib/thumb/v7e-m+fp/hard\libc.a(libc_a-findfp.o)
 .text.stdio_exit_handler
                0x0800f70c       0x18 C:/ST/STM32CubeIDE_1.16.0/STM32CubeIDE/plugins/com.st.stm32cube.ide.mcu.externaltools.gnu-tools-for-stm32.12.3.rel1.win32_1.1.0.202410251130/tools/bin/../lib/gcc/arm-none-eabi/12.3.1/../../../../arm-none-eabi/lib/thumb/v7e-m+fp/hard\libc.a(libc_a-findfp.o)
 .text.cleanup_stdio
                0x0800f724       0x40 C:/ST/STM32CubeIDE_1.16.0/STM32CubeIDE/plugins/com.st.stm32cube.ide.mcu.externaltools.gnu-tools-for-stm32.12.3.rel1.win32_1.1.0.202410251130/tools/bin/../lib/gcc/arm-none-eabi/12.3.1/../../../../arm-none-eabi/lib/thumb/v7e-m+fp/hard\libc.a(libc_a-findfp.o)
 .text.global_stdio_init.part.0
                0x0800f764       0x3c C:/ST/STM32CubeIDE_1.16.0/STM32CubeIDE/plugins/com.st.stm32cube.ide.mcu.externaltools.gnu-tools-for-stm32.12.3.rel1.win32_1.1.0.202410251130/tools/bin/../lib/gcc/arm-none-eabi/12.3.1/../../../../arm-none-eabi/lib/thumb/v7e-m+fp/hard\libc.a(libc_a-findfp.o)
 .text.__sfp_lock_acquire
                0x0800f7a0        0xc C:/ST/STM32CubeIDE_1.16.0/STM32CubeIDE/plugins/com.st.stm32cube.ide.mcu.externaltools.gnu-tools-for-stm32.12.3.rel1.win32_1.1.0.202410251130/tools/bin/../lib/gcc/arm-none-eabi/12.3.1/../../../../arm-none-eabi/lib/thumb/v7e-m+fp/hard\libc.a(libc_a-findfp.o)
                0x0800f7a0                __sfp_lock_acquire
 .text.__sfp_lock_release
                0x0800f7ac        0xc C:/ST/STM32CubeIDE_1.16.0/STM32CubeIDE/plugins/com.st.stm32cube.ide.mcu.externaltools.gnu-tools-for-stm32.12.3.rel1.win32_1.1.0.202410251130/tools/bin/../lib/gcc/arm-none-eabi/12.3.1/../../../../arm-none-eabi/lib/thumb/v7e-m+fp/hard\libc.a(libc_a-findfp.o)
                0x0800f7ac                __sfp_lock_release
 .text.__sinit  0x0800f7b8       0x30 C:/ST/STM32CubeIDE_1.16.0/STM32CubeIDE/plugins/com.st.stm32cube.ide.mcu.externaltools.gnu-tools-for-stm32.12.3.rel1.win32_1.1.0.202410251130/tools/bin/../lib/gcc/arm-none-eabi/12.3.1/../../../../arm-none-eabi/lib/thumb/v7e-m+fp/hard\libc.a(libc_a-findfp.o)
                0x0800f7b8                __sinit
 .text._fwalk_sglue
                0x0800f7e8       0x3c C:/ST/STM32CubeIDE_1.16.0/STM32CubeIDE/plugins/com.st.stm32cube.ide.mcu.externaltools.gnu-tools-for-stm32.12.3.rel1.win32_1.1.0.202410251130/tools/bin/../lib/gcc/arm-none-eabi/12.3.1/../../../../arm-none-eabi/lib/thumb/v7e-m+fp/hard\libc.a(libc_a-fwalk.o)
                0x0800f7e8                _fwalk_sglue
 .text._puts_r  0x0800f824       0x8c C:/ST/STM32CubeIDE_1.16.0/STM32CubeIDE/plugins/com.st.stm32cube.ide.mcu.externaltools.gnu-tools-for-stm32.12.3.rel1.win32_1.1.0.202410251130/tools/bin/../lib/gcc/arm-none-eabi/12.3.1/../../../../arm-none-eabi/lib/thumb/v7e-m+fp/hard\libc.a(libc_a-puts.o)
                0x0800f824                _puts_r
 .text.puts     0x0800f8b0       0x10 C:/ST/STM32CubeIDE_1.16.0/STM32CubeIDE/plugins/com.st.stm32cube.ide.mcu.externaltools.gnu-tools-for-stm32.12.3.rel1.win32_1.1.0.202410251130/tools/bin/../lib/gcc/arm-none-eabi/12.3.1/../../../../arm-none-eabi/lib/thumb/v7e-m+fp/hard\libc.a(libc_a-puts.o)
                0x0800f8b0                puts
 .text.setvbuf  0x0800f8c0      0x174 C:/ST/STM32CubeIDE_1.16.0/STM32CubeIDE/plugins/com.st.stm32cube.ide.mcu.externaltools.gnu-tools-for-stm32.12.3.rel1.win32_1.1.0.202410251130/tools/bin/../lib/gcc/arm-none-eabi/12.3.1/../../../../arm-none-eabi/lib/thumb/v7e-m+fp/hard\libc.a(libc_a-setvbuf.o)
                0x0800f8c0                setvbuf
 .text.sprintf  0x0800fa34       0x40 C:/ST/STM32CubeIDE_1.16.0/STM32CubeIDE/plugins/com.st.stm32cube.ide.mcu.externaltools.gnu-tools-for-stm32.12.3.rel1.win32_1.1.0.202410251130/tools/bin/../lib/gcc/arm-none-eabi/12.3.1/../../../../arm-none-eabi/lib/thumb/v7e-m+fp/hard\libc.a(libc_a-sprintf.o)
                0x0800fa34                sprintf
 .text.__sread  0x0800fa74       0x22 C:/ST/STM32CubeIDE_1.16.0/STM32CubeIDE/plugins/com.st.stm32cube.ide.mcu.externaltools.gnu-tools-for-stm32.12.3.rel1.win32_1.1.0.202410251130/tools/bin/../lib/gcc/arm-none-eabi/12.3.1/../../../../arm-none-eabi/lib/thumb/v7e-m+fp/hard\libc.a(libc_a-stdio.o)
                0x0800fa74                __sread
 .text.__swrite
                0x0800fa96       0x38 C:/ST/STM32CubeIDE_1.16.0/STM32CubeIDE/plugins/com.st.stm32cube.ide.mcu.externaltools.gnu-tools-for-stm32.12.3.rel1.win32_1.1.0.202410251130/tools/bin/../lib/gcc/arm-none-eabi/12.3.1/../../../../arm-none-eabi/lib/thumb/v7e-m+fp/hard\libc.a(libc_a-stdio.o)
                0x0800fa96                __swrite
 .text.__sseek  0x0800face       0x24 C:/ST/STM32CubeIDE_1.16.0/STM32CubeIDE/plugins/com.st.stm32cube.ide.mcu.externaltools.gnu-tools-for-stm32.12.3.rel1.win32_1.1.0.202410251130/tools/bin/../lib/gcc/arm-none-eabi/12.3.1/../../../../arm-none-eabi/lib/thumb/v7e-m+fp/hard\libc.a(libc_a-stdio.o)
                0x0800face                __sseek
 .text.__sclose
                0x0800faf2        0x8 C:/ST/STM32CubeIDE_1.16.0/STM32CubeIDE/plugins/com.st.stm32cube.ide.mcu.externaltools.gnu-tools-for-stm32.12.3.rel1.win32_1.1.0.202410251130/tools/bin/../lib/gcc/arm-none-eabi/12.3.1/../../../../arm-none-eabi/lib/thumb/v7e-m+fp/hard\libc.a(libc_a-stdio.o)
                0x0800faf2                __sclose
 .text.memset   0x0800fafa       0x10 C:/ST/STM32CubeIDE_1.16.0/STM32CubeIDE/plugins/com.st.stm32cube.ide.mcu.externaltools.gnu-tools-for-stm32.12.3.rel1.win32_1.1.0.202410251130/tools/bin/../lib/gcc/arm-none-eabi/12.3.1/../../../../arm-none-eabi/lib/thumb/v7e-m+fp/hard\libc.a(libc_a-memset.o)
                0x0800fafa                memset
 *fill*         0x0800fb0a        0x2 
 .text._close_r
                0x0800fb0c       0x20 C:/ST/STM32CubeIDE_1.16.0/STM32CubeIDE/plugins/com.st.stm32cube.ide.mcu.externaltools.gnu-tools-for-stm32.12.3.rel1.win32_1.1.0.202410251130/tools/bin/../lib/gcc/arm-none-eabi/12.3.1/../../../../arm-none-eabi/lib/thumb/v7e-m+fp/hard\libc.a(libc_a-closer.o)
                0x0800fb0c                _close_r
 .text._reclaim_reent
                0x0800fb2c       0x58 C:/ST/STM32CubeIDE_1.16.0/STM32CubeIDE/plugins/com.st.stm32cube.ide.mcu.externaltools.gnu-tools-for-stm32.12.3.rel1.win32_1.1.0.202410251130/tools/bin/../lib/gcc/arm-none-eabi/12.3.1/../../../../arm-none-eabi/lib/thumb/v7e-m+fp/hard\libc.a(libc_a-reent.o)
                0x0800fb2c                _reclaim_reent
 .text._lseek_r
                0x0800fb84       0x24 C:/ST/STM32CubeIDE_1.16.0/STM32CubeIDE/plugins/com.st.stm32cube.ide.mcu.externaltools.gnu-tools-for-stm32.12.3.rel1.win32_1.1.0.202410251130/tools/bin/../lib/gcc/arm-none-eabi/12.3.1/../../../../arm-none-eabi/lib/thumb/v7e-m+fp/hard\libc.a(libc_a-lseekr.o)
                0x0800fb84                _lseek_r
 .text._read_r  0x0800fba8       0x24 C:/ST/STM32CubeIDE_1.16.0/STM32CubeIDE/plugins/com.st.stm32cube.ide.mcu.externaltools.gnu-tools-for-stm32.12.3.rel1.win32_1.1.0.202410251130/tools/bin/../lib/gcc/arm-none-eabi/12.3.1/../../../../arm-none-eabi/lib/thumb/v7e-m+fp/hard\libc.a(libc_a-readr.o)
                0x0800fba8                _read_r
 .text._sbrk_r  0x0800fbcc       0x20 C:/ST/STM32CubeIDE_1.16.0/STM32CubeIDE/plugins/com.st.stm32cube.ide.mcu.externaltools.gnu-tools-for-stm32.12.3.rel1.win32_1.1.0.202410251130/tools/bin/../lib/gcc/arm-none-eabi/12.3.1/../../../../arm-none-eabi/lib/thumb/v7e-m+fp/hard\libc.a(libc_a-sbrkr.o)
                0x0800fbcc                _sbrk_r
 .text._write_r
                0x0800fbec       0x24 C:/ST/STM32CubeIDE_1.16.0/STM32CubeIDE/plugins/com.st.stm32cube.ide.mcu.externaltools.gnu-tools-for-stm32.12.3.rel1.win32_1.1.0.202410251130/tools/bin/../lib/gcc/arm-none-eabi/12.3.1/../../../../arm-none-eabi/lib/thumb/v7e-m+fp/hard\libc.a(libc_a-writer.o)
                0x0800fbec                _write_r
 .text.__errno  0x0800fc10        0xc C:/ST/STM32CubeIDE_1.16.0/STM32CubeIDE/plugins/com.st.stm32cube.ide.mcu.externaltools.gnu-tools-for-stm32.12.3.rel1.win32_1.1.0.202410251130/tools/bin/../lib/gcc/arm-none-eabi/12.3.1/../../../../arm-none-eabi/lib/thumb/v7e-m+fp/hard\libc.a(libc_a-errno.o)
                0x0800fc10                __errno
 .text.__libc_init_array
                0x0800fc1c       0x48 C:/ST/STM32CubeIDE_1.16.0/STM32CubeIDE/plugins/com.st.stm32cube.ide.mcu.externaltools.gnu-tools-for-stm32.12.3.rel1.win32_1.1.0.202410251130/tools/bin/../lib/gcc/arm-none-eabi/12.3.1/../../../../arm-none-eabi/lib/thumb/v7e-m+fp/hard\libc.a(libc_a-init.o)
                0x0800fc1c                __libc_init_array
 .text.__retarget_lock_init_recursive
                0x0800fc64        0x2 C:/ST/STM32CubeIDE_1.16.0/STM32CubeIDE/plugins/com.st.stm32cube.ide.mcu.externaltools.gnu-tools-for-stm32.12.3.rel1.win32_1.1.0.202410251130/tools/bin/../lib/gcc/arm-none-eabi/12.3.1/../../../../arm-none-eabi/lib/thumb/v7e-m+fp/hard\libc.a(libc_a-lock.o)
                0x0800fc64                __retarget_lock_init_recursive
 .text.__retarget_lock_close_recursive
                0x0800fc66        0x2 C:/ST/STM32CubeIDE_1.16.0/STM32CubeIDE/plugins/com.st.stm32cube.ide.mcu.externaltools.gnu-tools-for-stm32.12.3.rel1.win32_1.1.0.202410251130/tools/bin/../lib/gcc/arm-none-eabi/12.3.1/../../../../arm-none-eabi/lib/thumb/v7e-m+fp/hard\libc.a(libc_a-lock.o)
                0x0800fc66                __retarget_lock_close_recursive
 .text.__retarget_lock_acquire_recursive
                0x0800fc68        0x2 C:/ST/STM32CubeIDE_1.16.0/STM32CubeIDE/plugins/com.st.stm32cube.ide.mcu.externaltools.gnu-tools-for-stm32.12.3.rel1.win32_1.1.0.202410251130/tools/bin/../lib/gcc/arm-none-eabi/12.3.1/../../../../arm-none-eabi/lib/thumb/v7e-m+fp/hard\libc.a(libc_a-lock.o)
                0x0800fc68                __retarget_lock_acquire_recursive
 .text.__retarget_lock_release_recursive
                0x0800fc6a        0x2 C:/ST/STM32CubeIDE_1.16.0/STM32CubeIDE/plugins/com.st.stm32cube.ide.mcu.externaltools.gnu-tools-for-stm32.12.3.rel1.win32_1.1.0.202410251130/tools/bin/../lib/gcc/arm-none-eabi/12.3.1/../../../../arm-none-eabi/lib/thumb/v7e-m+fp/hard\libc.a(libc_a-lock.o)
                0x0800fc6a                __retarget_lock_release_recursive
 .text.sysconf  0x0800fc6c       0x18 C:/ST/STM32CubeIDE_1.16.0/STM32CubeIDE/plugins/com.st.stm32cube.ide.mcu.externaltools.gnu-tools-for-stm32.12.3.rel1.win32_1.1.0.202410251130/tools/bin/../lib/gcc/arm-none-eabi/12.3.1/../../../../arm-none-eabi/lib/thumb/v7e-m+fp/hard\libc.a(libc_a-sysconf.o)
                0x0800fc6c                sysconf
 .text.memcpy   0x0800fc84       0x1c C:/ST/STM32CubeIDE_1.16.0/STM32CubeIDE/plugins/com.st.stm32cube.ide.mcu.externaltools.gnu-tools-for-stm32.12.3.rel1.win32_1.1.0.202410251130/tools/bin/../lib/gcc/arm-none-eabi/12.3.1/../../../../arm-none-eabi/lib/thumb/v7e-m+fp/hard\libc.a(libc_a-memcpy-stub.o)
                0x0800fc84                memcpy
 .text.startup.register_fini
                0x0800fca0       0x14 C:/ST/STM32CubeIDE_1.16.0/STM32CubeIDE/plugins/com.st.stm32cube.ide.mcu.externaltools.gnu-tools-for-stm32.12.3.rel1.win32_1.1.0.202410251130/tools/bin/../lib/gcc/arm-none-eabi/12.3.1/../../../../arm-none-eabi/lib/thumb/v7e-m+fp/hard\libc.a(libc_a-__call_atexit.o)
 .text.atexit   0x0800fcb4        0xc C:/ST/STM32CubeIDE_1.16.0/STM32CubeIDE/plugins/com.st.stm32cube.ide.mcu.externaltools.gnu-tools-for-stm32.12.3.rel1.win32_1.1.0.202410251130/tools/bin/../lib/gcc/arm-none-eabi/12.3.1/../../../../arm-none-eabi/lib/thumb/v7e-m+fp/hard\libc.a(libc_a-atexit.o)
                0x0800fcb4                atexit
 .text._malloc_trim_r
                0x0800fcc0       0xac C:/ST/STM32CubeIDE_1.16.0/STM32CubeIDE/plugins/com.st.stm32cube.ide.mcu.externaltools.gnu-tools-for-stm32.12.3.rel1.win32_1.1.0.202410251130/tools/bin/../lib/gcc/arm-none-eabi/12.3.1/../../../../arm-none-eabi/lib/thumb/v7e-m+fp/hard\libc.a(libc_a-freer.o)
                0x0800fcc0                _malloc_trim_r
 .text._free_r  0x0800fd6c      0x180 C:/ST/STM32CubeIDE_1.16.0/STM32CubeIDE/plugins/com.st.stm32cube.ide.mcu.externaltools.gnu-tools-for-stm32.12.3.rel1.win32_1.1.0.202410251130/tools/bin/../lib/gcc/arm-none-eabi/12.3.1/../../../../arm-none-eabi/lib/thumb/v7e-m+fp/hard\libc.a(libc_a-freer.o)
                0x0800fd6c                _free_r
 *fill*         0x0800feec        0x4 
 .text._svfprintf_r
                0x0800fef0     0x13bc C:/ST/STM32CubeIDE_1.16.0/STM32CubeIDE/plugins/com.st.stm32cube.ide.mcu.externaltools.gnu-tools-for-stm32.12.3.rel1.win32_1.1.0.202410251130/tools/bin/../lib/gcc/arm-none-eabi/12.3.1/../../../../arm-none-eabi/lib/thumb/v7e-m+fp/hard\libc.a(libc_a-svfprintf.o)
                0x0800fef0                _svfprintf_r
 .text._fclose_r
                0x080112ac       0xaa C:/ST/STM32CubeIDE_1.16.0/STM32CubeIDE/plugins/com.st.stm32cube.ide.mcu.externaltools.gnu-tools-for-stm32.12.3.rel1.win32_1.1.0.202410251130/tools/bin/../lib/gcc/arm-none-eabi/12.3.1/../../../../arm-none-eabi/lib/thumb/v7e-m+fp/hard\libc.a(libc_a-fclose.o)
                0x080112ac                _fclose_r
 *fill*         0x08011356        0x2 
 .text.__sflush_r
                0x08011358      0x110 C:/ST/STM32CubeIDE_1.16.0/STM32CubeIDE/plugins/com.st.stm32cube.ide.mcu.externaltools.gnu-tools-for-stm32.12.3.rel1.win32_1.1.0.202410251130/tools/bin/../lib/gcc/arm-none-eabi/12.3.1/../../../../arm-none-eabi/lib/thumb/v7e-m+fp/hard\libc.a(libc_a-fflush.o)
                0x08011358                __sflush_r
 .text._fflush_r
                0x08011468       0x4a C:/ST/STM32CubeIDE_1.16.0/STM32CubeIDE/plugins/com.st.stm32cube.ide.mcu.externaltools.gnu-tools-for-stm32.12.3.rel1.win32_1.1.0.202410251130/tools/bin/../lib/gcc/arm-none-eabi/12.3.1/../../../../arm-none-eabi/lib/thumb/v7e-m+fp/hard\libc.a(libc_a-fflush.o)
                0x08011468                _fflush_r
 *fill*         0x080114b2        0x2 
 .text.__sfvwrite_r
                0x080114b4      0x298 C:/ST/STM32CubeIDE_1.16.0/STM32CubeIDE/plugins/com.st.stm32cube.ide.mcu.externaltools.gnu-tools-for-stm32.12.3.rel1.win32_1.1.0.202410251130/tools/bin/../lib/gcc/arm-none-eabi/12.3.1/../../../../arm-none-eabi/lib/thumb/v7e-m+fp/hard\libc.a(libc_a-fvwrite.o)
                0x080114b4                __sfvwrite_r
 .text.__swhatbuf_r
                0x0801174c       0x50 C:/ST/STM32CubeIDE_1.16.0/STM32CubeIDE/plugins/com.st.stm32cube.ide.mcu.externaltools.gnu-tools-for-stm32.12.3.rel1.win32_1.1.0.202410251130/tools/bin/../lib/gcc/arm-none-eabi/12.3.1/../../../../arm-none-eabi/lib/thumb/v7e-m+fp/hard\libc.a(libc_a-makebuf.o)
                0x0801174c                __swhatbuf_r
 .text.__smakebuf_r
                0x0801179c       0x78 C:/ST/STM32CubeIDE_1.16.0/STM32CubeIDE/plugins/com.st.stm32cube.ide.mcu.externaltools.gnu-tools-for-stm32.12.3.rel1.win32_1.1.0.202410251130/tools/bin/../lib/gcc/arm-none-eabi/12.3.1/../../../../arm-none-eabi/lib/thumb/v7e-m+fp/hard\libc.a(libc_a-makebuf.o)
                0x0801179c                __smakebuf_r
 .text.__swsetup_r
                0x08011814       0xac C:/ST/STM32CubeIDE_1.16.0/STM32CubeIDE/plugins/com.st.stm32cube.ide.mcu.externaltools.gnu-tools-for-stm32.12.3.rel1.win32_1.1.0.202410251130/tools/bin/../lib/gcc/arm-none-eabi/12.3.1/../../../../arm-none-eabi/lib/thumb/v7e-m+fp/hard\libc.a(libc_a-wsetup.o)
                0x08011814                __swsetup_r
 .text.memmove  0x080118c0       0x34 C:/ST/STM32CubeIDE_1.16.0/STM32CubeIDE/plugins/com.st.stm32cube.ide.mcu.externaltools.gnu-tools-for-stm32.12.3.rel1.win32_1.1.0.202410251130/tools/bin/../lib/gcc/arm-none-eabi/12.3.1/../../../../arm-none-eabi/lib/thumb/v7e-m+fp/hard\libc.a(libc_a-memmove.o)
                0x080118c0                memmove
 .text.strncpy  0x080118f4       0x26 C:/ST/STM32CubeIDE_1.16.0/STM32CubeIDE/plugins/com.st.stm32cube.ide.mcu.externaltools.gnu-tools-for-stm32.12.3.rel1.win32_1.1.0.202410251130/tools/bin/../lib/gcc/arm-none-eabi/12.3.1/../../../../arm-none-eabi/lib/thumb/v7e-m+fp/hard\libc.a(libc_a-strncpy.o)
                0x080118f4                strncpy
 *fill*         0x0801191a        0x2 
 .text.__locale_mb_cur_max
                0x0801191c        0xc C:/ST/STM32CubeIDE_1.16.0/STM32CubeIDE/plugins/com.st.stm32cube.ide.mcu.externaltools.gnu-tools-for-stm32.12.3.rel1.win32_1.1.0.202410251130/tools/bin/../lib/gcc/arm-none-eabi/12.3.1/../../../../arm-none-eabi/lib/thumb/v7e-m+fp/hard\libc.a(libc_a-locale.o)
                0x0801191c                __locale_mb_cur_max
 .text._localeconv_r
                0x08011928        0x8 C:/ST/STM32CubeIDE_1.16.0/STM32CubeIDE/plugins/com.st.stm32cube.ide.mcu.externaltools.gnu-tools-for-stm32.12.3.rel1.win32_1.1.0.202410251130/tools/bin/../lib/gcc/arm-none-eabi/12.3.1/../../../../arm-none-eabi/lib/thumb/v7e-m+fp/hard\libc.a(libc_a-localeconv.o)
                0x08011928                _localeconv_r
 .text._fstat_r
                0x08011930       0x24 C:/ST/STM32CubeIDE_1.16.0/STM32CubeIDE/plugins/com.st.stm32cube.ide.mcu.externaltools.gnu-tools-for-stm32.12.3.rel1.win32_1.1.0.202410251130/tools/bin/../lib/gcc/arm-none-eabi/12.3.1/../../../../arm-none-eabi/lib/thumb/v7e-m+fp/hard\libc.a(libc_a-fstatr.o)
                0x08011930                _fstat_r
 .text._isatty_r
                0x08011954       0x20 C:/ST/STM32CubeIDE_1.16.0/STM32CubeIDE/plugins/com.st.stm32cube.ide.mcu.externaltools.gnu-tools-for-stm32.12.3.rel1.win32_1.1.0.202410251130/tools/bin/../lib/gcc/arm-none-eabi/12.3.1/../../../../arm-none-eabi/lib/thumb/v7e-m+fp/hard\libc.a(libc_a-isattyr.o)
                0x08011954                _isatty_r
 .text.__libc_fini_array
                0x08011974       0x28 C:/ST/STM32CubeIDE_1.16.0/STM32CubeIDE/plugins/com.st.stm32cube.ide.mcu.externaltools.gnu-tools-for-stm32.12.3.rel1.win32_1.1.0.202410251130/tools/bin/../lib/gcc/arm-none-eabi/12.3.1/../../../../arm-none-eabi/lib/thumb/v7e-m+fp/hard\libc.a(libc_a-fini.o)
                0x08011974                __libc_fini_array
 .text.frexp    0x0801199c       0x6c C:/ST/STM32CubeIDE_1.16.0/STM32CubeIDE/plugins/com.st.stm32cube.ide.mcu.externaltools.gnu-tools-for-stm32.12.3.rel1.win32_1.1.0.202410251130/tools/bin/../lib/gcc/arm-none-eabi/12.3.1/../../../../arm-none-eabi/lib/thumb/v7e-m+fp/hard\libc.a(libm_a-s_frexp.o)
                0x0801199c                frexp
 .text.__register_exitproc
                0x08011a08       0x80 C:/ST/STM32CubeIDE_1.16.0/STM32CubeIDE/plugins/com.st.stm32cube.ide.mcu.externaltools.gnu-tools-for-stm32.12.3.rel1.win32_1.1.0.202410251130/tools/bin/../lib/gcc/arm-none-eabi/12.3.1/../../../../arm-none-eabi/lib/thumb/v7e-m+fp/hard\libc.a(libc_a-__atexit.o)
                0x08011a08                __register_exitproc
 .text.quorem   0x08011a88      0x110 C:/ST/STM32CubeIDE_1.16.0/STM32CubeIDE/plugins/com.st.stm32cube.ide.mcu.externaltools.gnu-tools-for-stm32.12.3.rel1.win32_1.1.0.202410251130/tools/bin/../lib/gcc/arm-none-eabi/12.3.1/../../../../arm-none-eabi/lib/thumb/v7e-m+fp/hard\libc.a(libc_a-dtoa.o)
 .text._dtoa_r  0x08011b98      0xb58 C:/ST/STM32CubeIDE_1.16.0/STM32CubeIDE/plugins/com.st.stm32cube.ide.mcu.externaltools.gnu-tools-for-stm32.12.3.rel1.win32_1.1.0.202410251130/tools/bin/../lib/gcc/arm-none-eabi/12.3.1/../../../../arm-none-eabi/lib/thumb/v7e-m+fp/hard\libc.a(libc_a-dtoa.o)
                0x08011b98                _dtoa_r
 .text.__ascii_mbtowc
                0x080126f0       0x24 C:/ST/STM32CubeIDE_1.16.0/STM32CubeIDE/plugins/com.st.stm32cube.ide.mcu.externaltools.gnu-tools-for-stm32.12.3.rel1.win32_1.1.0.202410251130/tools/bin/../lib/gcc/arm-none-eabi/12.3.1/../../../../arm-none-eabi/lib/thumb/v7e-m+fp/hard\libc.a(libc_a-mbtowc_r.o)
                0x080126f0                __ascii_mbtowc
 .text._Balloc  0x08012714       0x4a C:/ST/STM32CubeIDE_1.16.0/STM32CubeIDE/plugins/com.st.stm32cube.ide.mcu.externaltools.gnu-tools-for-stm32.12.3.rel1.win32_1.1.0.202410251130/tools/bin/../lib/gcc/arm-none-eabi/12.3.1/../../../../arm-none-eabi/lib/thumb/v7e-m+fp/hard\libc.a(libc_a-mprec.o)
                0x08012714                _Balloc
 .text._Bfree   0x0801275e       0x12 C:/ST/STM32CubeIDE_1.16.0/STM32CubeIDE/plugins/com.st.stm32cube.ide.mcu.externaltools.gnu-tools-for-stm32.12.3.rel1.win32_1.1.0.202410251130/tools/bin/../lib/gcc/arm-none-eabi/12.3.1/../../../../arm-none-eabi/lib/thumb/v7e-m+fp/hard\libc.a(libc_a-mprec.o)
                0x0801275e                _Bfree
 .text.__multadd
                0x08012770       0x8c C:/ST/STM32CubeIDE_1.16.0/STM32CubeIDE/plugins/com.st.stm32cube.ide.mcu.externaltools.gnu-tools-for-stm32.12.3.rel1.win32_1.1.0.202410251130/tools/bin/../lib/gcc/arm-none-eabi/12.3.1/../../../../arm-none-eabi/lib/thumb/v7e-m+fp/hard\libc.a(libc_a-mprec.o)
                0x08012770                __multadd
 .text.__hi0bits
                0x080127fc       0x3e C:/ST/STM32CubeIDE_1.16.0/STM32CubeIDE/plugins/com.st.stm32cube.ide.mcu.externaltools.gnu-tools-for-stm32.12.3.rel1.win32_1.1.0.202410251130/tools/bin/../lib/gcc/arm-none-eabi/12.3.1/../../../../arm-none-eabi/lib/thumb/v7e-m+fp/hard\libc.a(libc_a-mprec.o)
                0x080127fc                __hi0bits
 .text.__lo0bits