../Core/Src/main2.c:148:6:blinkLED	8	static
../Core/Src/main2.c:160:6:HAL_UART_RxHalfCpltCallback	16	static
../Core/Src/main2.c:165:6:HAL_UART_RxCpltCallback	16	static
../Core/Src/main2.c:172:6:uart_dma	8	static
../Core/Src/main2.c:204:7:scanInp	16	static
../Core/Src/main2.c:333:6:pulseWavg	16	static
../Core/Src/main2.c:348:6:HAL_TIM_IC_CaptureCallback	48	static
../Core/Src/main2.c:465:8:delta_T_alg	16	static
../Core/Src/main2.c:483:6:adc_dma	8	static
../Core/Src/main2.c:514:8:getTemp	16	static
../Core/Src/main2.c:547:6:startSineW	32	static
../Core/Src/main2.c:566:6:lcd_disp	16	static
../Core/Src/main2.c:590:5:main	16	static
../Core/Src/main2.c:774:6:SystemClock_Config	88	static
../Core/Src/main2.c:821:13:MX_ADC1_Init	56	static
../Core/Src/main2.c:889:13:MX_DAC1_Init	56	static
../Core/Src/main2.c:936:13:MX_I2C1_Init	8	static
../Core/Src/main2.c:984:13:MX_TIM1_Init	56	static
../Core/Src/main2.c:1050:13:MX_TIM2_Init	64	static
../Core/Src/main2.c:1108:13:MX_TIM4_Init	64	static
../Core/Src/main2.c:1170:13:MX_USART2_UART_Init	8	static
../Core/Src/main2.c:1216:13:MX_DMA_Init	24	static
../Core/Src/main2.c:1254:13:MX_GPIO_Init	40	static
../Core/Src/main2.c:1286:6:HAL_ADC_ConvCpltCallback	16	static
../Core/Src/main2.c:1299:6:Error_Handler	4	static,ignoring_inline_asm
