../Core/Src/stm32g4xx_it.c:81:6:NMI_Handler	4	static
../Core/Src/stm32g4xx_it.c:96:6:HardFault_Handler	4	static
../Core/Src/stm32g4xx_it.c:111:6:MemManage_Handler	4	static
../Core/Src/stm32g4xx_it.c:126:6:BusFault_Handler	4	static
../Core/Src/stm32g4xx_it.c:141:6:UsageFault_Handler	4	static
../Core/Src/stm32g4xx_it.c:156:6:DebugMon_Handler	4	static
../Core/Src/stm32g4xx_it.c:176:6:DMA1_Channel1_IRQHandler	8	static
../Core/Src/stm32g4xx_it.c:190:6:DMA1_Channel2_IRQHandler	8	static
../Core/Src/stm32g4xx_it.c:204:6:DMA1_Channel3_IRQHandler	8	static
../Core/Src/stm32g4xx_it.c:218:6:DMA1_Channel4_IRQHandler	8	static
../Core/Src/stm32g4xx_it.c:232:6:DMA1_Channel5_IRQHandler	8	static
../Core/Src/stm32g4xx_it.c:246:6:ADC1_2_IRQHandler	8	static
../Core/Src/stm32g4xx_it.c:260:6:TIM1_CC_IRQHandler	8	static
../Core/Src/stm32g4xx_it.c:274:6:TIM3_IRQHandler	8	static
../Core/Src/stm32g4xx_it.c:288:6:I2C1_EV_IRQHandler	8	static
../Core/Src/stm32g4xx_it.c:302:6:I2C1_ER_IRQHandler	8	static
../Core/Src/stm32g4xx_it.c:316:6:TIM6_DAC_IRQHandler	8	static
../Core/Src/stm32g4xx_it.c:330:6:DMA2_Channel1_IRQHandler	8	static
../Core/Src/stm32g4xx_it.c:344:6:DMA2_Channel2_IRQHandler	8	static
